Archive member included to satisfy reference by file (symbol)

C:\Users\komar\Documents\MCUXpressoIDE_10.0.2_411\project\lpc_board_nxp_lpcxpresso_1549\Debug\liblpc_board_nxp_lpcxpresso_1549.a(board.o)
                              ./src/esp.o (Board_LED_Set)
C:\Users\komar\Documents\MCUXpressoIDE_10.0.2_411\project\lpc_board_nxp_lpcxpresso_1549\Debug\liblpc_board_nxp_lpcxpresso_1549.a(board_sysinit.o)
                              ./src/sysinit.o (Board_SystemInit)
C:\Users\komar\Documents\MCUXpressoIDE_10.0.2_411\project\lpc_chip_15xx\Debug\liblpc_chip_15xx.a(chip_15xx.o)
                              ./src/esp.o (SystemCoreClockUpdate)
C:\Users\komar\Documents\MCUXpressoIDE_10.0.2_411\project\lpc_chip_15xx\Debug\liblpc_chip_15xx.a(clock_15xx.o)
                              C:\Users\komar\Documents\MCUXpressoIDE_10.0.2_411\project\lpc_board_nxp_lpcxpresso_1549\Debug\liblpc_board_nxp_lpcxpresso_1549.a(board.o) (Chip_Clock_GetMainClockRate)
C:\Users\komar\Documents\MCUXpressoIDE_10.0.2_411\project\lpc_chip_15xx\Debug\liblpc_chip_15xx.a(gpio_15xx.o)
                              C:\Users\komar\Documents\MCUXpressoIDE_10.0.2_411\project\lpc_board_nxp_lpcxpresso_1549\Debug\liblpc_board_nxp_lpcxpresso_1549.a(board.o) (Chip_GPIO_Init)
C:\Users\komar\Documents\MCUXpressoIDE_10.0.2_411\project\lpc_chip_15xx\Debug\liblpc_chip_15xx.a(iocon_15xx.o)
                              C:\Users\komar\Documents\MCUXpressoIDE_10.0.2_411\project\lpc_board_nxp_lpcxpresso_1549\Debug\liblpc_board_nxp_lpcxpresso_1549.a(board_sysinit.o) (Chip_IOCON_SetPinMuxing)
C:\Users\komar\Documents\MCUXpressoIDE_10.0.2_411\project\lpc_chip_15xx\Debug\liblpc_chip_15xx.a(sct_15xx.o)
                              ./src/esp.o (Chip_SCT_Init)
C:\Users\komar\Documents\MCUXpressoIDE_10.0.2_411\project\lpc_chip_15xx\Debug\liblpc_chip_15xx.a(swm_15xx.o)
                              C:\Users\komar\Documents\MCUXpressoIDE_10.0.2_411\project\lpc_board_nxp_lpcxpresso_1549\Debug\liblpc_board_nxp_lpcxpresso_1549.a(board.o) (Chip_SWM_MovablePinAssign)
C:\Users\komar\Documents\MCUXpressoIDE_10.0.2_411\project\lpc_chip_15xx\Debug\liblpc_chip_15xx.a(sysctl_15xx.o)
                              C:\Users\komar\Documents\MCUXpressoIDE_10.0.2_411\project\lpc_board_nxp_lpcxpresso_1549\Debug\liblpc_board_nxp_lpcxpresso_1549.a(board_sysinit.o) (Chip_SYSCTL_AssertPeriphReset)
C:\Users\komar\Documents\MCUXpressoIDE_10.0.2_411\project\lpc_chip_15xx\Debug\liblpc_chip_15xx.a(sysinit_15xx.o)
                              C:\Users\komar\Documents\MCUXpressoIDE_10.0.2_411\project\lpc_board_nxp_lpcxpresso_1549\Debug\liblpc_board_nxp_lpcxpresso_1549.a(board_sysinit.o) (Chip_SetupXtalClocking)
C:\Users\komar\Documents\MCUXpressoIDE_10.0.2_411\project\lpc_chip_15xx\Debug\liblpc_chip_15xx.a(uart_15xx.o)
                              C:\Users\komar\Documents\MCUXpressoIDE_10.0.2_411\project\lpc_board_nxp_lpcxpresso_1549\Debug\liblpc_board_nxp_lpcxpresso_1549.a(board.o) (Chip_UART_Init)
C:\Users\komar\Documents\MCUXpressoIDE_10.0.2_411\project\lpc_chip_15xx\Debug\liblpc_chip_15xx.a(ring_buffer.o)
                              C:\Users\komar\Documents\MCUXpressoIDE_10.0.2_411\project\lpc_chip_15xx\Debug\liblpc_chip_15xx.a(uart_15xx.o) (RingBuffer_Insert)
C:\Users\komar\Documents\MCUXpressoIDE_10.0.2_411\project\freertos\Debug\libfreertos.a(queue.o)
                              ./src/esp.o (xQueueGenericCreate)
C:\Users\komar\Documents\MCUXpressoIDE_10.0.2_411\project\freertos\Debug\libfreertos.a(tasks.o)
                              ./src/esp.o (xTaskGenericCreate)
C:\Users\komar\Documents\MCUXpressoIDE_10.0.2_411\project\freertos\Debug\libfreertos.a(FreeRTOSCommonHooks.o)
                              C:\Users\komar\Documents\MCUXpressoIDE_10.0.2_411\project\freertos\Debug\libfreertos.a(tasks.o) (vApplicationStackOverflowHook)
C:\Users\komar\Documents\MCUXpressoIDE_10.0.2_411\project\freertos\Debug\libfreertos.a(heap_3.o)
                              C:\Users\komar\Documents\MCUXpressoIDE_10.0.2_411\project\freertos\Debug\libfreertos.a(queue.o) (pvPortMalloc)
C:\Users\komar\Documents\MCUXpressoIDE_10.0.2_411\project\freertos\Debug\libfreertos.a(list.o)
                              C:\Users\komar\Documents\MCUXpressoIDE_10.0.2_411\project\freertos\Debug\libfreertos.a(queue.o) (vListInitialise)
C:\Users\komar\Documents\MCUXpressoIDE_10.0.2_411\project\freertos\Debug\libfreertos.a(port.o)
                              C:\Users\komar\Documents\MCUXpressoIDE_10.0.2_411\project\freertos\Debug\libfreertos.a(tasks.o) (pxPortInitialiseStack)
c:/nxp/mcuxpressoide_10.0.2_411/ide/tools/bin/../lib/gcc/arm-none-eabi/5.4.1/armv7-m\libgcc.a(_aeabi_uldivmod.o)
                              C:\Users\komar\Documents\MCUXpressoIDE_10.0.2_411\project\lpc_chip_15xx\Debug\liblpc_chip_15xx.a(clock_15xx.o) (__aeabi_uldivmod)
c:/nxp/mcuxpressoide_10.0.2_411/ide/tools/bin/../lib/gcc/arm-none-eabi/5.4.1/armv7-m\libgcc.a(_udivmoddi4.o)
[...]
Memory Configuration

Name             Origin             Length             Attributes
MFlash256        0x00000000         0x00040000         xr
Ram0_16_32       0x02000000         0x00008000         xrw
Ram2_4           0x02008000         0x00001000         xrw
*default*        0x00000000         0xffffffff

Linker script and memory map

LOAD ./src/DigitalIoPin.o
LOAD ./src/GCodeInterpreter.o
LOAD ./src/UniversalClass.o
LOAD ./src/cr_cpp_config.o
LOAD ./src/cr_startup_lpc15xx.o
LOAD ./src/crp.o
LOAD ./src/esp.o
LOAD ./src/sysinit.o
LOAD C:\Users\komar\Documents\MCUXpressoIDE_10.0.2_411\project\lpc_board_nxp_lpcxpresso_1549\Debug\liblpc_board_nxp_lpcxpresso_1549.a
LOAD C:\Users\komar\Documents\MCUXpressoIDE_10.0.2_411\project\lpc_chip_15xx\Debug\liblpc_chip_15xx.a
LOAD C:\Users\komar\Documents\MCUXpressoIDE_10.0.2_411\project\freertos\Debug\libfreertos.a
START GROUP
LOAD c:/nxp/mcuxpressoide_10.0.2_411/ide/tools/bin/../lib/gcc/arm-none-eabi/5.4.1/armv7-m\libgcc.a
LOAD c:/nxp/mcuxpressoide_10.0.2_411/ide/tools/bin/../lib/gcc/arm-none-eabi/5.4.1/../../../../arm-none-eabi/lib/armv7-m\libc.a
LOAD c:/nxp/mcuxpressoide_10.0.2_411/ide/tools/bin/../lib/gcc/arm-none-eabi/5.4.1/../../../../arm-none-eabi/lib/armv7-m\libstdc++.a
LOAD c:/nxp/mcuxpressoide_10.0.2_411/ide/tools/bin/../lib/gcc/arm-none-eabi/5.4.1/../../../../arm-none-eabi/lib/armv7-m\libm.a
LOAD c:/nxp/mcuxpressoide_10.0.2_411/ide/tools/bin/../lib/gcc/arm-none-eabi/5.4.1/../../../../arm-none-eabi/lib/armv7-m\libcr_newlib_nohost.a
LOAD c:/nxp/mcuxpressoide_10.0.2_411/ide/tools/bin/../lib/gcc/arm-none-eabi/5.4.1/armv7-m\crti.o
LOAD c:/nxp/mcuxpressoide_10.0.2_411/ide/tools/bin/../lib/gcc/arm-none-eabi/5.4.1/armv7-m\crtn.o
LOAD c:/nxp/mcuxpressoide_10.0.2_411/ide/tools/bin/../lib/gcc/arm-none-eabi/5.4.1/armv7-m\crtbegin.o
LOAD c:/nxp/mcuxpressoide_10.0.2_411/ide/tools/bin/../lib/gcc/arm-none-eabi/5.4.1/armv7-m\crtend.o
END GROUP
                0x00000000                __base_MFlash256 = 0x0
                0x00000000                __base_Flash = 0x0
                0x00040000                __top_MFlash256 = 0x40000
                0x00040000                __top_Flash = 0x40000
                0x02000000                __base_Ram0_16_32 = 0x2000000
                0x02000000                __base_RAM = 0x2000000
                0x02008000                __top_Ram0_16_32 = 0x2008000
                0x02008000                __top_RAM = 0x2008000
                0x02008000                __base_Ram2_4 = 0x2008000
                0x02008000                __base_RAM2 = 0x2008000
                0x02009000                __top_Ram2_4 = 0x2009000
                0x02009000                __top_RAM2 = 0x2009000

.text           0x00000000     0x2d84
 FILL mask 0xff
                0x00000000                __vectors_start__ = ABSOLUTE (.)
 *(.isr_vector)
 .isr_vector    0x00000000       0xfc ./src/cr_startup_lpc15xx.o
                0x00000000                g_pfnVectors
                0x000000fc                . = ALIGN (0x4)
                0x000000fc                __section_table_start = .
                0x000000fc                __data_section_table = .
                0x000000fc        0x4 LONG 0x2d8c LOADADDR (.data)
                0x00000100        0x4 LONG 0x2000000 ADDR (.data)
                0x00000104        0x4 LONG 0x844 SIZEOF (.data)
                0x00000108        0x4 LONG 0x2d8c LOADADDR (.data_RAM2)
                0x0000010c        0x4 LONG 0x2008000 ADDR (.data_RAM2)
                0x00000110        0x4 LONG 0x0 SIZEOF (.data_RAM2)
                0x00000114                __data_section_table_end = .
                0x00000114                __bss_section_table = .
                0x00000114        0x4 LONG 0x2000844 ADDR (.bss)
                0x00000118        0x4 LONG 0x198 SIZEOF (.bss)
                0x0000011c        0x4 LONG 0x2008000 ADDR (.bss_RAM2)
                0x00000120        0x4 LONG 0x0 SIZEOF (.bss_RAM2)
                0x00000124                __bss_section_table_end = .
                0x00000124                __section_table_end = .
 *(.after_vectors*)
 .after_vectors
                0x00000124      0x158 ./src/cr_startup_lpc15xx.o
                0x00000124                data_init(unsigned int, unsigned int, unsigned int)
                0x00000168                bss_init(unsigned int, unsigned int)
                0x000001a0                ResetISR
                0x0000022c                NMI_Handler
                0x00000234                HardFault_Handler
                0x0000023c                MemManage_Handler
                0x00000244                BusFault_Handler
                0x0000024c                UsageFault_Handler
                0x0000025c                DebugMon_Handler
                0x00000274                UART1_IRQHandler
                0x00000274                RTC_WAKE_IRQHandler
                0x00000274                UART0_IRQHandler
                0x00000274                MRT_IRQHandler
                0x00000274                ADC1_THCMP_IRQHandler
                0x00000274                SPI1_IRQHandler
                0x00000274                PIN_INT6_IRQHandler
                0x00000274                IntDefaultHandler
                0x00000274                PIN_INT4_IRQHandler
                0x00000274                CAN_IRQHandler
                0x00000274                RTC_ALARM_IRQHandler
                0x00000274                ADC1B_IRQHandler
                0x00000274                ADC1_OVR_IRQHandler
                0x00000274                USBWakeup_IRQHandler
                0x00000274                UART2_IRQHandler
                0x00000274                ADC0_OVR_IRQHandler
                0x00000274                SCT1_IRQHandler
                0x00000274                PIN_INT2_IRQHandler
                0x00000274                USB_FIQHandler
                0x00000274                SCT3_IRQHandler
                0x00000274                PIN_INT7_IRQHandler
                0x00000274                I2C0_IRQHandler
                0x00000274                PIN_INT1_IRQHandler
                0x00000274                USB_IRQHandler
                0x00000274                BOD_IRQHandler
                0x00000274                ADC0B_IRQHandler
                0x00000274                ACMP0_IRQHandler
                0x00000274                RIT_IRQHandler
                0x00000274                SCT2_IRQHandler
                0x00000274                WDT_IRQHandler
                0x00000274                PIN_INT0_IRQHandler
                0x00000274                QEI_IRQHandler
                0x00000274                ACMP3_IRQHandler
                0x00000274                GINT0_IRQHandler
                0x00000274                DAC_IRQHandler
                0x00000274                SPI0_IRQHandler
                0x00000274                EEPROM_IRQHandler
                0x00000274                ACMP2_IRQHandler
                0x00000274                PIN_INT5_IRQHandler
                0x00000274                ADC1A_IRQHandler
                0x00000274                DMA_IRQHandler
                0x00000274                PIN_INT3_IRQHandler
                0x00000274                ACMP1_IRQHandler
                0x00000274                SCT0_IRQHandler
                0x00000274                ADC0A_IRQHandler
                0x00000274                FMC_IRQHandler
                0x00000274                GINT1_IRQHandler
                0x00000274                ADC0_THCMP_IRQHandler
 *(.text*)
 .text._ZN16GCodeInterpreterC2EPv
                0x0000027c       0x28 ./src/GCodeInterpreter.o
                0x0000027c                GCodeInterpreter::GCodeInterpreter(void*)
                0x0000027c                GCodeInterpreter::GCodeInterpreter(void*)
 .text._ZN16GCodeInterpreterD2Ev
                0x000002a4       0x28 ./src/GCodeInterpreter.o
                0x000002a4                GCodeInterpreter::~GCodeInterpreter()
                0x000002a4                GCodeInterpreter::~GCodeInterpreter()
 .text._ZN16GCodeInterpreterD0Ev
                0x000002cc       0x20 ./src/GCodeInterpreter.o
                0x000002cc                GCodeInterpreter::~GCodeInterpreter()
 .text._ZN16GCodeInterpreter4WorkEv
                0x000002ec        0xc ./src/GCodeInterpreter.o
                0x000002ec                GCodeInterpreter::Work()
 .text._Znwj    0x000002f8       0x18 ./src/cr_cpp_config.o
                0x000002f8                operator new(unsigned int)
 .text._ZdlPv   0x00000310       0x18 ./src/cr_cpp_config.o
                0x00000310                operator delete(void*)
 .text._ZL16prvSetupHardwarev
                0x00000328       0x2c ./src/esp.o
 .text._ZL7DecoderPv
                0x00000354       0x4c ./src/esp.o
 .text._ZL4CTRLPv
                0x000003a0       0x14 ./src/esp.o
 .text.vConfigureTimerForRunTimeStats
                0x000003b4       0x20 ./src/esp.o
                0x000003b4                vConfigureTimerForRunTimeStats
 .text.main     0x000003d4       0x64 ./src/esp.o
                0x000003d4                main
 .text.SystemInit
                0x00000438        0xc ./src/sysinit.o
                0x00000438                SystemInit
 .text.Chip_IOCON_PinMuxSet
                0x00000444       0x2c C:\Users\komar\Documents\MCUXpressoIDE_10.0.2_411\project\lpc_board_nxp_lpcxpresso_1549\Debug\liblpc_board_nxp_lpcxpresso_1549.a(board.o)
 .text.Chip_SWM_MovablePortPinAssign
                0x00000470       0x30 C:\Users\komar\Documents\MCUXpressoIDE_10.0.2_411\project\lpc_board_nxp_lpcxpresso_1549\Debug\liblpc_board_nxp_lpcxpresso_1549.a(board.o)
 .text.Chip_GPIO_SetPinState
                0x000004a0       0x38 C:\Users\komar\Documents\MCUXpressoIDE_10.0.2_411\project\lpc_board_nxp_lpcxpresso_1549\Debug\liblpc_board_nxp_lpcxpresso_1549.a(board.o)
 .text.Chip_GPIO_SetPinDIROutput
                0x000004d8       0x3c C:\Users\komar\Documents\MCUXpressoIDE_10.0.2_411\project\lpc_board_nxp_lpcxpresso_1549\Debug\liblpc_board_nxp_lpcxpresso_1549.a(board.o)
 .text.Chip_UART_Enable
                0x00000514       0x20 C:\Users\komar\Documents\MCUXpressoIDE_10.0.2_411\project\lpc_board_nxp_lpcxpresso_1549\Debug\liblpc_board_nxp_lpcxpresso_1549.a(board.o)
 .text.Chip_UART_TXEnable
                0x00000534       0x20 C:\Users\komar\Documents\MCUXpressoIDE_10.0.2_411\project\lpc_board_nxp_lpcxpresso_1549\Debug\liblpc_board_nxp_lpcxpresso_1549.a(board.o)
 .text.Chip_UART_ConfigData
                0x00000554       0x28 C:\Users\komar\Documents\MCUXpressoIDE_10.0.2_411\project\lpc_board_nxp_lpcxpresso_1549\Debug\liblpc_board_nxp_lpcxpresso_1549.a(board.o)
 .text.Board_Debug_Init
                0x0000057c       0x70 C:\Users\komar\Documents\MCUXpressoIDE_10.0.2_411\project\lpc_board_nxp_lpcxpresso_1549\Debug\liblpc_board_nxp_lpcxpresso_1549.a(board.o)
                0x0000057c                Board_Debug_Init
 .text.Board_LED_Init
                0x000005ec       0x5c C:\Users\komar\Documents\MCUXpressoIDE_10.0.2_411\project\lpc_board_nxp_lpcxpresso_1549\Debug\liblpc_board_nxp_lpcxpresso_1549.a(board.o)
 .text.Board_LED_Set
                0x00000648       0x54 C:\Users\komar\Documents\MCUXpressoIDE_10.0.2_411\project\lpc_board_nxp_lpcxpresso_1549\Debug\liblpc_board_nxp_lpcxpresso_1549.a(board.o)
                0x00000648                Board_LED_Set
 .text.Board_Init
                0x0000069c       0x18 C:\Users\komar\Documents\MCUXpressoIDE_10.0.2_411\project\lpc_board_nxp_lpcxpresso_1549\Debug\liblpc_board_nxp_lpcxpresso_1549.a(board.o)
                0x0000069c                Board_Init
 .text.Chip_SYSCTL_PeriphReset
                0x000006b4       0x24 C:\Users\komar\Documents\MCUXpressoIDE_10.0.2_411\project\lpc_board_nxp_lpcxpresso_1549\Debug\liblpc_board_nxp_lpcxpresso_1549.a(board_sysinit.o)
 .text.Chip_Clock_SetUSBPLLSource
                0x000006d8       0x20 C:\Users\komar\Documents\MCUXpressoIDE_10.0.2_411\project\lpc_board_nxp_lpcxpresso_1549\Debug\liblpc_board_nxp_lpcxpresso_1549.a(board_sysinit.o)
 .text.Chip_Clock_SetupUSBPLL
                0x000006f8       0x34 C:\Users\komar\Documents\MCUXpressoIDE_10.0.2_411\project\lpc_board_nxp_lpcxpresso_1549\Debug\liblpc_board_nxp_lpcxpresso_1549.a(board_sysinit.o)
 .text.Chip_Clock_IsUSBPLLLocked
                0x0000072c       0x24 C:\Users\komar\Documents\MCUXpressoIDE_10.0.2_411\project\lpc_board_nxp_lpcxpresso_1549\Debug\liblpc_board_nxp_lpcxpresso_1549.a(board_sysinit.o)
 .text.Chip_Clock_SetSysTickClockDiv
                0x00000750       0x20 C:\Users\komar\Documents\MCUXpressoIDE_10.0.2_411\project\lpc_board_nxp_lpcxpresso_1549\Debug\liblpc_board_nxp_lpcxpresso_1549.a(board_sysinit.o)
 .text.Chip_SWM_MovablePortPinAssign
                0x00000770       0x30 C:\Users\komar\Documents\MCUXpressoIDE_10.0.2_411\project\lpc_board_nxp_lpcxpresso_1549\Debug\liblpc_board_nxp_lpcxpresso_1549.a(board_sysinit.o)
 .text.Board_SetupMuxing
                0x000007a0       0x80 C:\Users\komar\Documents\MCUXpressoIDE_10.0.2_411\project\lpc_board_nxp_lpcxpresso_1549\Debug\liblpc_board_nxp_lpcxpresso_1549.a(board_sysinit.o)
                0x000007a0                Board_SetupMuxing
 .text.Board_SetupClocking
                0x00000820       0x3c C:\Users\komar\Documents\MCUXpressoIDE_10.0.2_411\project\lpc_board_nxp_lpcxpresso_1549\Debug\liblpc_board_nxp_lpcxpresso_1549.a(board_sysinit.o)
                0x00000820                Board_SetupClocking
 .text.Board_SystemInit
                0x0000085c       0x1c C:\Users\komar\Documents\MCUXpressoIDE_10.0.2_411\project\lpc_board_nxp_lpcxpresso_1549\Debug\liblpc_board_nxp_lpcxpresso_1549.a(board_sysinit.o)
                0x0000085c                Board_SystemInit
 .text.SystemCoreClockUpdate
                0x00000878       0x18 C:\Users\komar\Documents\MCUXpressoIDE_10.0.2_411\project\lpc_chip_15xx\Debug\liblpc_chip_15xx.a(chip_15xx.o)
                0x00000878                SystemCoreClockUpdate
 .text.Chip_Clock_SetMain_A_ClockSource
                0x00000890       0x20 C:\Users\komar\Documents\MCUXpressoIDE_10.0.2_411\project\lpc_chip_15xx\Debug\liblpc_chip_15xx.a(clock_15xx.o)
 .text.Chip_Clock_GetMain_A_ClockSource
                0x000008b0       0x18 C:\Users\komar\Documents\MCUXpressoIDE_10.0.2_411\project\lpc_chip_15xx\Debug\liblpc_chip_15xx.a(clock_15xx.o)
 .text.Chip_Clock_SetMain_B_ClockSource
                0x000008c8       0x20 C:\Users\komar\Documents\MCUXpressoIDE_10.0.2_411\project\lpc_chip_15xx\Debug\liblpc_chip_15xx.a(clock_15xx.o)
 .text.Chip_Clock_GetMain_B_ClockSource
                0x000008e8       0x18 C:\Users\komar\Documents\MCUXpressoIDE_10.0.2_411\project\lpc_chip_15xx\Debug\liblpc_chip_15xx.a(clock_15xx.o)
 .text.Chip_Clock_SetUARTFRGDivider
                0x00000900       0x20 C:\Users\komar\Documents\MCUXpressoIDE_10.0.2_411\project\lpc_chip_15xx\Debug\liblpc_chip_15xx.a(clock_15xx.o)
 .text.Chip_Clock_GetUARTFRGDivider
                0x00000920       0x18 C:\Users\komar\Documents\MCUXpressoIDE_10.0.2_411\project\lpc_chip_15xx\Debug\liblpc_chip_15xx.a(clock_15xx.o)
 .text.Chip_Clock_GetMainOscRate
                0x00000938       0x14 C:\Users\komar\Documents\MCUXpressoIDE_10.0.2_411\project\lpc_chip_15xx\Debug\liblpc_chip_15xx.a(clock_15xx.o)
 .text.Chip_Clock_GetIntOscRate
                0x0000094c       0x14 C:\Users\komar\Documents\MCUXpressoIDE_10.0.2_411\project\lpc_chip_15xx\Debug\liblpc_chip_15xx.a(clock_15xx.o)
 .text.Chip_Clock_GetRTCOscRate
                0x00000960       0x14 C:\Users\komar\Documents\MCUXpressoIDE_10.0.2_411\project\lpc_chip_15xx\Debug\liblpc_chip_15xx.a(clock_15xx.o)
 .text.Chip_Clock_GetWDTOSCRate
                0x00000974       0x14 C:\Users\komar\Documents\MCUXpressoIDE_10.0.2_411\project\lpc_chip_15xx\Debug\liblpc_chip_15xx.a(clock_15xx.o)
 .text.Chip_Clock_GetPLLFreq
                0x00000988       0x28 C:\Users\komar\Documents\MCUXpressoIDE_10.0.2_411\project\lpc_chip_15xx\Debug\liblpc_chip_15xx.a(clock_15xx.o)
 .text.Chip_Clock_GetPLLInClockRate
                0x000009b0       0x38 C:\Users\komar\Documents\MCUXpressoIDE_10.0.2_411\project\lpc_chip_15xx\Debug\liblpc_chip_15xx.a(clock_15xx.o)
 .text.Chip_Clock_GetSystemPLLInClockRate
                0x000009e8       0x1c C:\Users\komar\Documents\MCUXpressoIDE_10.0.2_411\project\lpc_chip_15xx\Debug\liblpc_chip_15xx.a(clock_15xx.o)
                0x000009e8                Chip_Clock_GetSystemPLLInClockRate
 .text.Chip_Clock_GetSystemPLLOutClockRate
                0x00000a04       0x24 C:\Users\komar\Documents\MCUXpressoIDE_10.0.2_411\project\lpc_chip_15xx\Debug\liblpc_chip_15xx.a(clock_15xx.o)
                0x00000a04                Chip_Clock_GetSystemPLLOutClockRate
 .text.Chip_Clock_GetMain_A_ClockRate
                0x00000a28       0x44 C:\Users\komar\Documents\MCUXpressoIDE_10.0.2_411\project\lpc_chip_15xx\Debug\liblpc_chip_15xx.a(clock_15xx.o)
                0x00000a28                Chip_Clock_GetMain_A_ClockRate
 .text.Chip_Clock_GetMain_B_ClockRate
                0x00000a6c       0x58 C:\Users\komar\Documents\MCUXpressoIDE_10.0.2_411\project\lpc_chip_15xx\Debug\liblpc_chip_15xx.a(clock_15xx.o)
                0x00000a6c                Chip_Clock_GetMain_B_ClockRate
 .text.Chip_Clock_SetMainClockSource
                0x00000ac4       0x3c C:\Users\komar\Documents\MCUXpressoIDE_10.0.2_411\project\lpc_chip_15xx\Debug\liblpc_chip_15xx.a(clock_15xx.o)
                0x00000ac4                Chip_Clock_SetMainClockSource
 .text.Chip_Clock_GetMainClockRate
                0x00000b00       0x28 C:\Users\komar\Documents\MCUXpressoIDE_10.0.2_411\project\lpc_chip_15xx\Debug\liblpc_chip_15xx.a(clock_15xx.o)
                0x00000b00                Chip_Clock_GetMainClockRate
 .text.Chip_Clock_EnablePeriphClock
                0x00000b28       0x54 C:\Users\komar\Documents\MCUXpressoIDE_10.0.2_411\project\lpc_chip_15xx\Debug\liblpc_chip_15xx.a(clock_15xx.o)
                0x00000b28                Chip_Clock_EnablePeriphClock
 .text.Chip_Clock_GetUARTBaseClockRate
                0x00000b7c       0x88 C:\Users\komar\Documents\MCUXpressoIDE_10.0.2_411\project\lpc_chip_15xx\Debug\liblpc_chip_15xx.a(clock_15xx.o)
                0x00000b7c                Chip_Clock_GetUARTBaseClockRate
 .text.Chip_Clock_SetUARTBaseClockRate
                0x00000c04       0xa0 C:\Users\komar\Documents\MCUXpressoIDE_10.0.2_411\project\lpc_chip_15xx\Debug\liblpc_chip_15xx.a(clock_15xx.o)
                0x00000c04                Chip_Clock_SetUARTBaseClockRate
 .text.Chip_Clock_GetSystemClockRate
                0x00000ca4       0x1c C:\Users\komar\Documents\MCUXpressoIDE_10.0.2_411\project\lpc_chip_15xx\Debug\liblpc_chip_15xx.a(clock_15xx.o)
                0x00000ca4                Chip_Clock_GetSystemClockRate
 .text.Chip_SYSCTL_PeriphReset
                0x00000cc0       0x24 C:\Users\komar\Documents\MCUXpressoIDE_10.0.2_411\project\lpc_chip_15xx\Debug\liblpc_chip_15xx.a(gpio_15xx.o)
 .text.Chip_GPIO_Init
                0x00000ce4       0x30 C:\Users\komar\Documents\MCUXpressoIDE_10.0.2_411\project\lpc_chip_15xx\Debug\liblpc_chip_15xx.a(gpio_15xx.o)
                0x00000ce4                Chip_GPIO_Init
 .text.Chip_IOCON_PinMuxSet
                0x00000d14       0x2c C:\Users\komar\Documents\MCUXpressoIDE_10.0.2_411\project\lpc_chip_15xx\Debug\liblpc_chip_15xx.a(iocon_15xx.o)
 .text.Chip_IOCON_SetPinMuxing
                0x00000d40       0x50 C:\Users\komar\Documents\MCUXpressoIDE_10.0.2_411\project\lpc_chip_15xx\Debug\liblpc_chip_15xx.a(iocon_15xx.o)
                0x00000d40                Chip_IOCON_SetPinMuxing
 .text.Chip_SYSCTL_PeriphReset
                0x00000d90       0x24 C:\Users\komar\Documents\MCUXpressoIDE_10.0.2_411\project\lpc_chip_15xx\Debug\liblpc_chip_15xx.a(sct_15xx.o)
 .text.Chip_SCT_Init
                0x00000db4       0x3c C:\Users\komar\Documents\MCUXpressoIDE_10.0.2_411\project\lpc_chip_15xx\Debug\liblpc_chip_15xx.a(sct_15xx.o)
                0x00000db4                Chip_SCT_Init
 .text.Chip_SWM_MovablePinAssign
                0x00000df0       0x5c C:\Users\komar\Documents\MCUXpressoIDE_10.0.2_411\project\lpc_chip_15xx\Debug\liblpc_chip_15xx.a(swm_15xx.o)
                0x00000df0                Chip_SWM_MovablePinAssign
 .text.Chip_SYSCTL_AssertPeriphReset
                0x00000e4c       0x48 C:\Users\komar\Documents\MCUXpressoIDE_10.0.2_411\project\lpc_chip_15xx\Debug\liblpc_chip_15xx.a(sysctl_15xx.o)
                0x00000e4c                Chip_SYSCTL_AssertPeriphReset
 .text.Chip_SYSCTL_DeassertPeriphReset
                0x00000e94       0x4c C:\Users\komar\Documents\MCUXpressoIDE_10.0.2_411\project\lpc_chip_15xx\Debug\liblpc_chip_15xx.a(sysctl_15xx.o)
                0x00000e94                Chip_SYSCTL_DeassertPeriphReset
 .text.Chip_SYSCTL_PowerDown
                0x00000ee0       0x40 C:\Users\komar\Documents\MCUXpressoIDE_10.0.2_411\project\lpc_chip_15xx\Debug\liblpc_chip_15xx.a(sysctl_15xx.o)
                0x00000ee0                Chip_SYSCTL_PowerDown
 .text.Chip_SYSCTL_PowerUp
                0x00000f20       0x40 C:\Users\komar\Documents\MCUXpressoIDE_10.0.2_411\project\lpc_chip_15xx\Debug\liblpc_chip_15xx.a(sysctl_15xx.o)
                0x00000f20                Chip_SYSCTL_PowerUp
 .text.Chip_FMC_SetFLASHAccess
                0x00000f60       0x38 C:\Users\komar\Documents\MCUXpressoIDE_10.0.2_411\project\lpc_chip_15xx\Debug\liblpc_chip_15xx.a(sysinit_15xx.o)
 .text.Chip_Clock_SetSystemPLLSource
                0x00000f98       0x20 C:\Users\komar\Documents\MCUXpressoIDE_10.0.2_411\project\lpc_chip_15xx\Debug\liblpc_chip_15xx.a(sysinit_15xx.o)
 .text.Chip_Clock_SetupSystemPLL
                0x00000fb8       0x34 C:\Users\komar\Documents\MCUXpressoIDE_10.0.2_411\project\lpc_chip_15xx\Debug\liblpc_chip_15xx.a(sysinit_15xx.o)
 .text.Chip_Clock_IsSystemPLLLocked
                0x00000fec       0x24 C:\Users\komar\Documents\MCUXpressoIDE_10.0.2_411\project\lpc_chip_15xx\Debug\liblpc_chip_15xx.a(sysinit_15xx.o)
 .text.Chip_Clock_SetSysClockDiv
                0x00001010       0x20 C:\Users\komar\Documents\MCUXpressoIDE_10.0.2_411\project\lpc_chip_15xx\Debug\liblpc_chip_15xx.a(sysinit_15xx.o)
 .text.Chip_SetupXtalClocking
                0x00001030       0x6c C:\Users\komar\Documents\MCUXpressoIDE_10.0.2_411\project\lpc_chip_15xx\Debug\liblpc_chip_15xx.a(sysinit_15xx.o)
                0x00001030                Chip_SetupXtalClocking
 .text.Chip_SYSCTL_PeriphReset
                0x0000109c       0x24 C:\Users\komar\Documents\MCUXpressoIDE_10.0.2_411\project\lpc_chip_15xx\Debug\liblpc_chip_15xx.a(uart_15xx.o)
 .text.getUARTClockID
                0x000010c0       0x34 C:\Users\komar\Documents\MCUXpressoIDE_10.0.2_411\project\lpc_chip_15xx\Debug\liblpc_chip_15xx.a(uart_15xx.o)
 .text.Chip_UART_Init
                0x000010f4       0x4c C:\Users\komar\Documents\MCUXpressoIDE_10.0.2_411\project\lpc_chip_15xx\Debug\liblpc_chip_15xx.a(uart_15xx.o)
                0x000010f4                Chip_UART_Init
 .text.Chip_UART_SetBaud
                0x00001140       0x2c C:\Users\komar\Documents\MCUXpressoIDE_10.0.2_411\project\lpc_chip_15xx\Debug\liblpc_chip_15xx.a(uart_15xx.o)
                0x00001140                Chip_UART_SetBaud
 .text.xQueueGenericReset
                0x0000116c       0xa4 C:\Users\komar\Documents\MCUXpressoIDE_10.0.2_411\project\freertos\Debug\libfreertos.a(queue.o)
                0x0000116c                xQueueGenericReset
 .text.xQueueGenericCreate
                0x00001210       0x78 C:\Users\komar\Documents\MCUXpressoIDE_10.0.2_411\project\freertos\Debug\libfreertos.a(queue.o)
                0x00001210                xQueueGenericCreate
 .text.xTaskGenericCreate
                0x00001288      0x144 C:\Users\komar\Documents\MCUXpressoIDE_10.0.2_411\project\freertos\Debug\libfreertos.a(tasks.o)
                0x00001288                xTaskGenericCreate
 .text.vTaskStartScheduler
                0x000013cc       0x6c C:\Users\komar\Documents\MCUXpressoIDE_10.0.2_411\project\freertos\Debug\libfreertos.a(tasks.o)
                0x000013cc                vTaskStartScheduler
 .text.vTaskSuspendAll
                0x00001438       0x1c C:\Users\komar\Documents\MCUXpressoIDE_10.0.2_411\project\freertos\Debug\libfreertos.a(tasks.o)
                0x00001438                vTaskSuspendAll
 .text.xTaskResumeAll
                0x00001454       0xfc C:\Users\komar\Documents\MCUXpressoIDE_10.0.2_411\project\freertos\Debug\libfreertos.a(tasks.o)
                0x00001454                xTaskResumeAll
 .text.xTaskIncrementTick
                0x00001550      0x15c C:\Users\komar\Documents\MCUXpressoIDE_10.0.2_411\project\freertos\Debug\libfreertos.a(tasks.o)
                0x00001550                xTaskIncrementTick
 .text.vTaskSwitchContext
                0x000016ac       0xf4 C:\Users\komar\Documents\MCUXpressoIDE_10.0.2_411\project\freertos\Debug\libfreertos.a(tasks.o)
                0x000016ac                vTaskSwitchContext
 .text.xTaskRemoveFromEventList
                0x000017a0       0xac C:\Users\komar\Documents\MCUXpressoIDE_10.0.2_411\project\freertos\Debug\libfreertos.a(tasks.o)
                0x000017a0                xTaskRemoveFromEventList
 .text.prvIdleTask
                0x0000184c       0x20 C:\Users\komar\Documents\MCUXpressoIDE_10.0.2_411\project\freertos\Debug\libfreertos.a(tasks.o)
 .text.prvInitialiseTCBVariables
                0x0000186c      0x118 C:\Users\komar\Documents\MCUXpressoIDE_10.0.2_411\project\freertos\Debug\libfreertos.a(tasks.o)
 .text.prvInitialiseTaskLists
                0x00001984       0x80 C:\Users\komar\Documents\MCUXpressoIDE_10.0.2_411\project\freertos\Debug\libfreertos.a(tasks.o)
 .text.prvCheckTasksWaitingTermination
                0x00001a04       0x78 C:\Users\komar\Documents\MCUXpressoIDE_10.0.2_411\project\freertos\Debug\libfreertos.a(tasks.o)
 .text.prvAllocateTCBAndStack
                0x00001a7c       0x64 C:\Users\komar\Documents\MCUXpressoIDE_10.0.2_411\project\freertos\Debug\libfreertos.a(tasks.o)
 .text.prvDeleteTCB
                0x00001ae0       0x2c C:\Users\komar\Documents\MCUXpressoIDE_10.0.2_411\project\freertos\Debug\libfreertos.a(tasks.o)
 .text.prvResetNextTaskUnblockTime
                0x00001b0c       0x48 C:\Users\komar\Documents\MCUXpressoIDE_10.0.2_411\project\freertos\Debug\libfreertos.a(tasks.o)
 .text.vApplicationStackOverflowHook
                0x00001b54       0x14 C:\Users\komar\Documents\MCUXpressoIDE_10.0.2_411\project\freertos\Debug\libfreertos.a(FreeRTOSCommonHooks.o)
                0x00001b54                vApplicationStackOverflowHook
 .text.pvPortMalloc
                0x00001b68       0x24 C:\Users\komar\Documents\MCUXpressoIDE_10.0.2_411\project\freertos\Debug\libfreertos.a(heap_3.o)
                0x00001b68                pvPortMalloc
 .text.vPortFree
                0x00001b8c       0x24 C:\Users\komar\Documents\MCUXpressoIDE_10.0.2_411\project\freertos\Debug\libfreertos.a(heap_3.o)
                0x00001b8c                vPortFree
 .text.vListInitialise
                0x00001bb0       0x40 C:\Users\komar\Documents\MCUXpressoIDE_10.0.2_411\project\freertos\Debug\libfreertos.a(list.o)
                0x00001bb0                vListInitialise
 .text.vListInitialiseItem
                0x00001bf0       0x18 C:\Users\komar\Documents\MCUXpressoIDE_10.0.2_411\project\freertos\Debug\libfreertos.a(list.o)
                0x00001bf0                vListInitialiseItem
 .text.vListInsertEnd
                0x00001c08       0x48 C:\Users\komar\Documents\MCUXpressoIDE_10.0.2_411\project\freertos\Debug\libfreertos.a(list.o)
                0x00001c08                vListInsertEnd
 .text.uxListRemove
                0x00001c50       0x54 C:\Users\komar\Documents\MCUXpressoIDE_10.0.2_411\project\freertos\Debug\libfreertos.a(list.o)
                0x00001c50                uxListRemove
 .text.pxPortInitialiseStack
                0x00001ca4       0x54 C:\Users\komar\Documents\MCUXpressoIDE_10.0.2_411\project\freertos\Debug\libfreertos.a(port.o)
                0x00001ca4                pxPortInitialiseStack
 .text.prvTaskExitError
                0x00001cf8        0xc C:\Users\komar\Documents\MCUXpressoIDE_10.0.2_411\project\freertos\Debug\libfreertos.a(port.o)
 .text.SVC_Handler
                0x00001d04       0x28 C:\Users\komar\Documents\MCUXpressoIDE_10.0.2_411\project\freertos\Debug\libfreertos.a(port.o)
                0x00001d04                SVC_Handler
 .text.prvPortStartFirstTask
                0x00001d2c       0x20 C:\Users\komar\Documents\MCUXpressoIDE_10.0.2_411\project\freertos\Debug\libfreertos.a(port.o)
 .text.xPortStartScheduler
                0x00001d4c       0x3c C:\Users\komar\Documents\MCUXpressoIDE_10.0.2_411\project\freertos\Debug\libfreertos.a(port.o)
                0x00001d4c                xPortStartScheduler
 .text.vPortYield
                0x00001d88       0x20 C:\Users\komar\Documents\MCUXpressoIDE_10.0.2_411\project\freertos\Debug\libfreertos.a(port.o)
                0x00001d88                vPortYield
 .text.vPortEnterCritical
                0x00001da8       0x24 C:\Users\komar\Documents\MCUXpressoIDE_10.0.2_411\project\freertos\Debug\libfreertos.a(port.o)
                0x00001da8                vPortEnterCritical
 .text.vPortExitCritical
                0x00001dcc       0x24 C:\Users\komar\Documents\MCUXpressoIDE_10.0.2_411\project\freertos\Debug\libfreertos.a(port.o)
                0x00001dcc                vPortExitCritical
 .text.ulPortSetInterruptMask
                0x00001df0       0x14 C:\Users\komar\Documents\MCUXpressoIDE_10.0.2_411\project\freertos\Debug\libfreertos.a(port.o)
                0x00001df0                ulPortSetInterruptMask
 .text.vPortClearInterruptMask
                0x00001e04        0x8 C:\Users\komar\Documents\MCUXpressoIDE_10.0.2_411\project\freertos\Debug\libfreertos.a(port.o)
                0x00001e04                vPortClearInterruptMask
 .text.PendSV_Handler
                0x00001e0c       0x48 C:\Users\komar\Documents\MCUXpressoIDE_10.0.2_411\project\freertos\Debug\libfreertos.a(port.o)
                0x00001e0c                PendSV_Handler
 .text.SysTick_Handler
                0x00001e54       0x28 C:\Users\komar\Documents\MCUXpressoIDE_10.0.2_411\project\freertos\Debug\libfreertos.a(port.o)
                0x00001e54                SysTick_Handler
 .text.vPortSetupTimerInterrupt
                0x00001e7c       0x34 C:\Users\komar\Documents\MCUXpressoIDE_10.0.2_411\project\freertos\Debug\libfreertos.a(port.o)
                0x00001e7c                vPortSetupTimerInterrupt
 .text          0x00001eb0       0x30 c:/nxp/mcuxpressoide_10.0.2_411/ide/tools/bin/../lib/gcc/arm-none-eabi/5.4.1/armv7-m\libgcc.a(_aeabi_uldivmod.o)
                0x00001eb0                __aeabi_uldivmod
 .text          0x00001ee0      0x2ec c:/nxp/mcuxpressoide_10.0.2_411/ide/tools/bin/../lib/gcc/arm-none-eabi/5.4.1/armv7-m\libgcc.a(_udivmoddi4.o)
                0x00001ee0                __udivmoddi4
 .text          0x000021cc        0x4 c:/nxp/mcuxpressoide_10.0.2_411/ide/tools/bin/../lib/gcc/arm-none-eabi/5.4.1/armv7-m\libgcc.a(_dvmd_tls.o)
                0x000021cc                __aeabi_idiv0
                0x000021cc                __aeabi_ldiv0
 .text.__libc_init_array
                0x000021d0       0x50 c:/nxp/mcuxpressoide_10.0.2_411/ide/tools/bin/../lib/gcc/arm-none-eabi/5.4.1/../../../../arm-none-eabi/lib/armv7-m\libc.a(lib_a-init.o)
                0x000021d0                __libc_init_array
 .text.malloc   0x00002220       0x10 c:/nxp/mcuxpressoide_10.0.2_411/ide/tools/bin/../lib/gcc/arm-none-eabi/5.4.1/../../../../arm-none-eabi/lib/armv7-m\libc.a(lib_a-malloc.o)
                0x00002220                malloc
 .text.free     0x00002230       0x10 c:/nxp/mcuxpressoide_10.0.2_411/ide/tools/bin/../lib/gcc/arm-none-eabi/5.4.1/../../../../arm-none-eabi/lib/armv7-m\libc.a(lib_a-malloc.o)
                0x00002230                free
 .text._malloc_r
                0x00002240      0x558 c:/nxp/mcuxpressoide_10.0.2_411/ide/tools/bin/../lib/gcc/arm-none-eabi/5.4.1/../../../../arm-none-eabi/lib/armv7-m\libc.a(lib_a-mallocr.o)
                0x00002240                _malloc_r
 .text.memcmp   0x00002798       0x64 c:/nxp/mcuxpressoide_10.0.2_411/ide/tools/bin/../lib/gcc/arm-none-eabi/5.4.1/../../../../arm-none-eabi/lib/armv7-m\libc.a(lib_a-memcmp.o)
                0x00002798                memcmp
 .text.memset   0x000027fc       0x9c c:/nxp/mcuxpressoide_10.0.2_411/ide/tools/bin/../lib/gcc/arm-none-eabi/5.4.1/../../../../arm-none-eabi/lib/armv7-m\libc.a(lib_a-memset.o)
                0x000027fc                memset
 .text.__malloc_lock
                0x00002898        0x4 c:/nxp/mcuxpressoide_10.0.2_411/ide/tools/bin/../lib/gcc/arm-none-eabi/5.4.1/../../../../arm-none-eabi/lib/armv7-m\libc.a(lib_a-mlock.o)
                0x00002898                __malloc_lock
 .text.__malloc_unlock
                0x0000289c        0x4 c:/nxp/mcuxpressoide_10.0.2_411/ide/tools/bin/../lib/gcc/arm-none-eabi/5.4.1/../../../../arm-none-eabi/lib/armv7-m\libc.a(lib_a-mlock.o)
                0x0000289c                __malloc_unlock
 .text.cleanup_glue
                0x000028a0       0x1c c:/nxp/mcuxpressoide_10.0.2_411/ide/tools/bin/../lib/gcc/arm-none-eabi/5.4.1/../../../../arm-none-eabi/lib/armv7-m\libc.a(lib_a-reent.o)
                0x000028a0                cleanup_glue
 .text._reclaim_reent
                0x000028bc       0x88 c:/nxp/mcuxpressoide_10.0.2_411/ide/tools/bin/../lib/gcc/arm-none-eabi/5.4.1/../../../../arm-none-eabi/lib/armv7-m\libc.a(lib_a-reent.o)
                0x000028bc                _reclaim_reent
 .text._sbrk_r  0x00002944       0x24 c:/nxp/mcuxpressoide_10.0.2_411/ide/tools/bin/../lib/gcc/arm-none-eabi/5.4.1/../../../../arm-none-eabi/lib/armv7-m\libc.a(lib_a-sbrkr.o)
                0x00002944                _sbrk_r
 .text._malloc_trim_r
                0x00002968       0x9c c:/nxp/mcuxpressoide_10.0.2_411/ide/tools/bin/../lib/gcc/arm-none-eabi/5.4.1/../../../../arm-none-eabi/lib/armv7-m\libc.a(lib_a-freer.o)
                0x00002968                _malloc_trim_r
 .text._free_r  0x00002a04      0x1d0 c:/nxp/mcuxpressoide_10.0.2_411/ide/tools/bin/../lib/gcc/arm-none-eabi/5.4.1/../../../../arm-none-eabi/lib/armv7-m\libc.a(lib_a-freer.o)
                0x00002a04                _free_r
 .text._sbrk    0x00002bd4       0x3c c:/nxp/mcuxpressoide_10.0.2_411/ide/tools/bin/../lib/gcc/arm-none-eabi/5.4.1/../../../../arm-none-eabi/lib/armv7-m\libcr_newlib_nohost.a(_cr_sbrk.o)
                0x00002bd4                _sbrk
 .text.__check_heap_overflow
                0x00002c10       0x18 c:/nxp/mcuxpressoide_10.0.2_411/ide/tools/bin/../lib/gcc/arm-none-eabi/5.4.1/../../../../arm-none-eabi/lib/armv7-m\libcr_newlib_nohost.a(_cr_check_heap.o)
                0x00002c10                __check_heap_overflow
 .text          0x00002c28       0x5c c:/nxp/mcuxpressoide_10.0.2_411/ide/tools/bin/../lib/gcc/arm-none-eabi/5.4.1/armv7-m\crtbegin.o
 .text.__errno  0x00002c84        0xc c:/nxp/mcuxpressoide_10.0.2_411/ide/tools/bin/../lib/gcc/arm-none-eabi/5.4.1/../../../../arm-none-eabi/lib/armv7-m\libc.a(lib_a-errno.o)
                0x00002c84                __errno
 *(.rodata .rodata.* .constdata .constdata.*)
 .rodata._ZTV16GCodeInterpreter
                0x00002c90       0x10 ./src/GCodeInterpreter.o
                0x00002c90                vtable for GCodeInterpreter
 .rodata        0x00002ca0        0xd ./src/esp.o
 *fill*         0x00002cad        0x3 ff
 .rodata.OscRateIn
                0x00002cb0        0x4 C:\Users\komar\Documents\MCUXpressoIDE_10.0.2_411\project\lpc_board_nxp_lpcxpresso_1549\Debug\liblpc_board_nxp_lpcxpresso_1549.a(board.o)
                0x00002cb0                OscRateIn
 .rodata.RTCOscRateIn
                0x00002cb4        0x4 C:\Users\komar\Documents\MCUXpressoIDE_10.0.2_411\project\lpc_board_nxp_lpcxpresso_1549\Debug\liblpc_board_nxp_lpcxpresso_1549.a(board.o)
                0x00002cb4                RTCOscRateIn
 .rodata.ledpins
                0x00002cb8        0x3 C:\Users\komar\Documents\MCUXpressoIDE_10.0.2_411\project\lpc_board_nxp_lpcxpresso_1549\Debug\liblpc_board_nxp_lpcxpresso_1549.a(board.o)
 *fill*         0x00002cbb        0x1 ff
 .rodata.ledports
                0x00002cbc        0x3 C:\Users\komar\Documents\MCUXpressoIDE_10.0.2_411\project\lpc_board_nxp_lpcxpresso_1549\Debug\liblpc_board_nxp_lpcxpresso_1549.a(board.o)
 *fill*         0x00002cbf        0x1 ff
 .rodata.ioconSetup
                0x00002cc0       0x74 C:\Users\komar\Documents\MCUXpressoIDE_10.0.2_411\project\lpc_board_nxp_lpcxpresso_1549\Debug\liblpc_board_nxp_lpcxpresso_1549.a(board_sysinit.o)
 .rodata.swmSetup
                0x00002d34        0x6 C:\Users\komar\Documents\MCUXpressoIDE_10.0.2_411\project\lpc_board_nxp_lpcxpresso_1549\Debug\liblpc_board_nxp_lpcxpresso_1549.a(board_sysinit.o)
 *fill*         0x00002d3a        0x2 ff
 .rodata        0x00002d3c       0x18 C:\Users\komar\Documents\MCUXpressoIDE_10.0.2_411\project\freertos\Debug\libfreertos.a(tasks.o)
                0x00002d44                FreeRTOSDebugConfig
 .rodata.ucExpectedStackBytes.9838
                0x00002d54       0x14 C:\Users\komar\Documents\MCUXpressoIDE_10.0.2_411\project\freertos\Debug\libfreertos.a(tasks.o)
                0x00002d68                . = ALIGN (0x4)
                0x00002d68                . = ALIGN (0x4)
 *(.init)
 .init          0x00002d68        0x4 c:/nxp/mcuxpressoide_10.0.2_411/ide/tools/bin/../lib/gcc/arm-none-eabi/5.4.1/armv7-m\crti.o
                0x00002d68                _init
 .init          0x00002d6c        0x8 c:/nxp/mcuxpressoide_10.0.2_411/ide/tools/bin/../lib/gcc/arm-none-eabi/5.4.1/armv7-m\crtn.o
                0x00002d74                . = ALIGN (0x4)
                0x00002d74                __preinit_array_start = .
 *(.preinit_array)
                0x00002d74                __preinit_array_end = .
                0x00002d74                . = ALIGN (0x4)
                0x00002d74                __init_array_start = .
 *(SORT(.init_array.*))
 *(.init_array)
 .init_array    0x00002d74        0x4 c:/nxp/mcuxpressoide_10.0.2_411/ide/tools/bin/../lib/gcc/arm-none-eabi/5.4.1/armv7-m\crtbegin.o
                0x00002d78                __init_array_end = .
 *(.fini)
 .fini          0x00002d78        0x4 c:/nxp/mcuxpressoide_10.0.2_411/ide/tools/bin/../lib/gcc/arm-none-eabi/5.4.1/armv7-m\crti.o
                0x00002d78                _fini
 .fini          0x00002d7c        0x8 c:/nxp/mcuxpressoide_10.0.2_411/ide/tools/bin/../lib/gcc/arm-none-eabi/5.4.1/armv7-m\crtn.o
                0x00002d84                . = ALIGN (0x4)
 *crtbegin.o(.ctors)
 *(EXCLUDE_FILE(*crtend.o) .ctors)
 *(SORT(.ctors.*))
 *crtend.o(.ctors)
                0x00002d84                . = ALIGN (0x4)
 *crtbegin.o(.dtors)
 *(EXCLUDE_FILE(*crtend.o) .dtors)
 *(SORT(.dtors.*))
 *crtend.o(.dtors)
                0x00002d84                . = ALIGN (0x4)

.glue_7         0x00002d84        0x0
 .glue_7        0x00002d84        0x0 linker stubs

.glue_7t        0x00002d84        0x0
 .glue_7t       0x00002d84        0x0 linker stubs

.vfp11_veneer   0x00002d84        0x0
 .vfp11_veneer  0x00002d84        0x0 linker stubs

.v4_bx          0x00002d84        0x0
 .v4_bx         0x00002d84        0x0 linker stubs

.iplt           0x00002d84        0x0
 .iplt          0x00002d84        0x0 ./src/DigitalIoPin.o

.ARM.extab
 *(.ARM.extab* .gnu.linkonce.armextab.*)
                0x00002d84                __exidx_start = .

.ARM.exidx      0x00002d84        0x8
 *(.ARM.exidx* .gnu.linkonce.armexidx.*)
 .ARM.exidx     0x00002d84        0x8 c:/nxp/mcuxpressoide_10.0.2_411/ide/tools/bin/../lib/gcc/arm-none-eabi/5.4.1/armv7-m\libgcc.a(_udivmoddi4.o)
                0x00002d8c                __exidx_end = .
                0x00002d8c                _etext = .

.rel.dyn        0x00002d8c        0x0
 .rel.iplt      0x00002d8c        0x0 ./src/DigitalIoPin.o

.eh_frame       0x00002d8c        0x0
 .eh_frame      0x00002d8c        0x0 c:/nxp/mcuxpressoide_10.0.2_411/ide/tools/bin/../lib/gcc/arm-none-eabi/5.4.1/armv7-m\crtbegin.o

.data_RAM2      0x02008000        0x0 load address 0x00002d8c
 FILL mask 0xff
                [!provide]                PROVIDE (__start_data_RAM2, .)
 *(.ramfunc.$RAM2)
 *(.ramfunc.$Ram2_4)
 *(.data.$RAM2*)
 *(.data.$Ram2_4*)
                0x02008000                . = ALIGN (0x4)
                [!provide]                PROVIDE (__end_data_RAM2, .)

.uninit_RESERVED
                0x02000000        0x0
 *(.bss.$RESERVED*)
                0x02000000                . = ALIGN (0x4)
                0x02000000                _end_uninit_RESERVED = .

.data           0x02000000      0x844 load address 0x00002d8c
 FILL mask 0xff
                0x02000000                _data = .
 *(vtable)
 *(.ramfunc*)
 *(.data*)
 .data.xNextTaskUnblockTime
                0x02000000        0x4 C:\Users\komar\Documents\MCUXpressoIDE_10.0.2_411\project\freertos\Debug\libfreertos.a(tasks.o)
 .data.uxCriticalNesting
                0x02000004        0x4 C:\Users\komar\Documents\MCUXpressoIDE_10.0.2_411\project\freertos\Debug\libfreertos.a(port.o)
 .data.impure_data
                0x02000008      0x428 c:/nxp/mcuxpressoide_10.0.2_411/ide/tools/bin/../lib/gcc/arm-none-eabi/5.4.1/../../../../arm-none-eabi/lib/armv7-m\libc.a(lib_a-impure.o)
 .data._impure_ptr
                0x02000430        0x4 c:/nxp/mcuxpressoide_10.0.2_411/ide/tools/bin/../lib/gcc/arm-none-eabi/5.4.1/../../../../arm-none-eabi/lib/armv7-m\libc.a(lib_a-impure.o)
                0x02000430                _impure_ptr
 .data.__malloc_av_
                0x02000434      0x408 c:/nxp/mcuxpressoide_10.0.2_411/ide/tools/bin/../lib/gcc/arm-none-eabi/5.4.1/../../../../arm-none-eabi/lib/armv7-m\libc.a(lib_a-mallocr.o)
                0x02000434                __malloc_av_
 .data.__malloc_trim_threshold
                0x0200083c        0x4 c:/nxp/mcuxpressoide_10.0.2_411/ide/tools/bin/../lib/gcc/arm-none-eabi/5.4.1/../../../../arm-none-eabi/lib/armv7-m\libc.a(lib_a-mallocr.o)
                0x0200083c                __malloc_trim_threshold
 .data.__malloc_sbrk_base
                0x02000840        0x4 c:/nxp/mcuxpressoide_10.0.2_411/ide/tools/bin/../lib/gcc/arm-none-eabi/5.4.1/../../../../arm-none-eabi/lib/armv7-m\libc.a(lib_a-mallocr.o)
                0x02000840                __malloc_sbrk_base
                0x02000844                . = ALIGN (0x4)
                0x02000844                _edata = .

.igot.plt       0x02000844        0x0 load address 0x000035d0
 .igot.plt      0x02000844        0x0 ./src/DigitalIoPin.o

.jcr            0x02000844        0x0 load address 0x000035d0
 .jcr           0x02000844        0x0 c:/nxp/mcuxpressoide_10.0.2_411/ide/tools/bin/../lib/gcc/arm-none-eabi/5.4.1/armv7-m\crtbegin.o

.bss_RAM2       0x02008000        0x0
                [!provide]                PROVIDE (__start_bss_RAM2, .)
 *(.bss.$RAM2*)
 *(.bss.$Ram2_4*)
                0x02008000                . = ALIGN ((. != 0x0)?0x4:0x1)
                [!provide]                PROVIDE (__end_bss_RAM2, .)

.bss            0x02000844      0x198
                0x02000844                _bss = .
 *(.bss*)
 .bss.xQueue    0x02000844        0x4 ./src/esp.o
                0x02000844                xQueue
 .bss.pxCurrentTCB
                0x02000848        0x4 C:\Users\komar\Documents\MCUXpressoIDE_10.0.2_411\project\freertos\Debug\libfreertos.a(tasks.o)
                0x02000848                pxCurrentTCB
 .bss.pxReadyTasksLists
                0x0200084c       0xa0 C:\Users\komar\Documents\MCUXpressoIDE_10.0.2_411\project\freertos\Debug\libfreertos.a(tasks.o)
 .bss.xDelayedTaskList1
                0x020008ec       0x14 C:\Users\komar\Documents\MCUXpressoIDE_10.0.2_411\project\freertos\Debug\libfreertos.a(tasks.o)
 .bss.xDelayedTaskList2
                0x02000900       0x14 C:\Users\komar\Documents\MCUXpressoIDE_10.0.2_411\project\freertos\Debug\libfreertos.a(tasks.o)
 .bss.pxDelayedTaskList
                0x02000914        0x4 C:\Users\komar\Documents\MCUXpressoIDE_10.0.2_411\project\freertos\Debug\libfreertos.a(tasks.o)
 .bss.pxOverflowDelayedTaskList
                0x02000918        0x4 C:\Users\komar\Documents\MCUXpressoIDE_10.0.2_411\project\freertos\Debug\libfreertos.a(tasks.o)
 .bss.xPendingReadyList
                0x0200091c       0x14 C:\Users\komar\Documents\MCUXpressoIDE_10.0.2_411\project\freertos\Debug\libfreertos.a(tasks.o)
 .bss.xTasksWaitingTermination
                0x02000930       0x14 C:\Users\komar\Documents\MCUXpressoIDE_10.0.2_411\project\freertos\Debug\libfreertos.a(tasks.o)
 .bss.uxTasksDeleted
                0x02000944        0x4 C:\Users\komar\Documents\MCUXpressoIDE_10.0.2_411\project\freertos\Debug\libfreertos.a(tasks.o)
 .bss.xSuspendedTaskList
                0x02000948       0x14 C:\Users\komar\Documents\MCUXpressoIDE_10.0.2_411\project\freertos\Debug\libfreertos.a(tasks.o)
 .bss.uxCurrentNumberOfTasks
                0x0200095c        0x4 C:\Users\komar\Documents\MCUXpressoIDE_10.0.2_411\project\freertos\Debug\libfreertos.a(tasks.o)
 .bss.xTickCount
                0x02000960        0x4 C:\Users\komar\Documents\MCUXpressoIDE_10.0.2_411\project\freertos\Debug\libfreertos.a(tasks.o)
 .bss.uxTopReadyPriority
                0x02000964        0x4 C:\Users\komar\Documents\MCUXpressoIDE_10.0.2_411\project\freertos\Debug\libfreertos.a(tasks.o)
 .bss.xSchedulerRunning
                0x02000968        0x4 C:\Users\komar\Documents\MCUXpressoIDE_10.0.2_411\project\freertos\Debug\libfreertos.a(tasks.o)
 .bss.uxPendedTicks
                0x0200096c        0x4 C:\Users\komar\Documents\MCUXpressoIDE_10.0.2_411\project\freertos\Debug\libfreertos.a(tasks.o)
 .bss.xYieldPending
                0x02000970        0x4 C:\Users\komar\Documents\MCUXpressoIDE_10.0.2_411\project\freertos\Debug\libfreertos.a(tasks.o)
 .bss.xNumOfOverflows
                0x02000974        0x4 C:\Users\komar\Documents\MCUXpressoIDE_10.0.2_411\project\freertos\Debug\libfreertos.a(tasks.o)
 .bss.uxTaskNumber
                0x02000978        0x4 C:\Users\komar\Documents\MCUXpressoIDE_10.0.2_411\project\freertos\Debug\libfreertos.a(tasks.o)
 .bss.uxSchedulerSuspended
                0x0200097c        0x4 C:\Users\komar\Documents\MCUXpressoIDE_10.0.2_411\project\freertos\Debug\libfreertos.a(tasks.o)
 .bss.__malloc_max_total_mem
                0x02000980        0x4 c:/nxp/mcuxpressoide_10.0.2_411/ide/tools/bin/../lib/gcc/arm-none-eabi/5.4.1/../../../../arm-none-eabi/lib/armv7-m\libc.a(lib_a-mallocr.o)
                0x02000980                __malloc_max_total_mem
 .bss.__malloc_max_sbrked_mem
                0x02000984        0x4 c:/nxp/mcuxpressoide_10.0.2_411/ide/tools/bin/../lib/gcc/arm-none-eabi/5.4.1/../../../../arm-none-eabi/lib/armv7-m\libc.a(lib_a-mallocr.o)
                0x02000984                __malloc_max_sbrked_mem
 .bss.__malloc_top_pad
                0x02000988        0x4 c:/nxp/mcuxpressoide_10.0.2_411/ide/tools/bin/../lib/gcc/arm-none-eabi/5.4.1/../../../../arm-none-eabi/lib/armv7-m\libc.a(lib_a-mallocr.o)
                0x02000988                __malloc_top_pad
 .bss.__malloc_current_mallinfo
                0x0200098c       0x28 c:/nxp/mcuxpressoide_10.0.2_411/ide/tools/bin/../lib/gcc/arm-none-eabi/5.4.1/../../../../arm-none-eabi/lib/armv7-m\libc.a(lib_a-mallocr.o)
                0x0200098c                __malloc_current_mallinfo
 .bss.__end_of_heap
                0x020009b4        0x4 c:/nxp/mcuxpressoide_10.0.2_411/ide/tools/bin/../lib/gcc/arm-none-eabi/5.4.1/../../../../arm-none-eabi/lib/armv7-m\libcr_newlib_nohost.a(_cr_sbrk.o)
                0x020009b4                __end_of_heap
 .bss           0x020009b8       0x1c c:/nxp/mcuxpressoide_10.0.2_411/ide/tools/bin/../lib/gcc/arm-none-eabi/5.4.1/armv7-m\crtbegin.o
 *(COMMON)
 COMMON         0x020009d4        0x4 C:\Users\komar\Documents\MCUXpressoIDE_10.0.2_411\project\lpc_chip_15xx\Debug\liblpc_chip_15xx.a(chip_15xx.o)
                0x020009d4                SystemCoreClock
 COMMON         0x020009d8        0x4 c:/nxp/mcuxpressoide_10.0.2_411/ide/tools/bin/../lib/gcc/arm-none-eabi/5.4.1/../../../../arm-none-eabi/lib/armv7-m\libc.a(lib_a-reent.o)
                0x020009d8                errno
                0x020009dc                . = ALIGN (0x4)
                0x020009dc                _ebss = .
                [!provide]                PROVIDE (end, .)

.noinit_RAM2    0x02008000        0x0
 *(.noinit.$RAM2*)
 *(.noinit.$Ram2_4*)
                0x02008000                . = ALIGN (0x4)

.noinit         0x020009dc        0x0
                0x020009dc                _noinit = .
 *(.noinit*)
                0x020009dc                . = ALIGN (0x4)
                0x020009dc                _end_noinit = .
                0x020009dc                PROVIDE (_pvHeapStart, DEFINED (__user_heap_base)?__user_heap_base:.)
                0x02008000                PROVIDE (_vStackTop, DEFINED (__user_stack_top)?__user_stack_top:(__top_Ram0_16_32 - 0x0))
                0xfdff732e                PROVIDE (__valid_user_code_checksum, (0x0 - ((((((_vStackTop + (ResetISR + 0x1)) + (NMI_Handler + 0x1)) + (HardFault_Handler + 0x1)) + (DEFINED (MemManage_Handler)?MemManage_Handler:0x0 + 0x1)) + (DEFINED (BusFault_Handler)?BusFault_Handler:0x0 + 0x1)) + (DEFINED (UsageFault_Handler)?UsageFault_Handler:0x0 + 0x1))))
OUTPUT(esp.axf elf32-littlearm)

.debug_info     0x00000000     0xaca3
 .debug_info    0x00000000      0x2b2 ./src/GCodeInterpreter.o
 .debug_info    0x000002b2      0x1b6 ./src/cr_cpp_config.o
 .debug_info    0x00000468      0x281 ./src/cr_startup_lpc15xx.o
 .debug_info    0x000006e9     0x1440 ./src/esp.o
 .debug_info    0x00001b29       0xee ./src/sysinit.o
 .debug_info    0x00001c17      0xaa8 C:\Users\komar\Documents\MCUXpressoIDE_10.0.2_411\project\lpc_board_nxp_lpcxpresso_1549\Debug\liblpc_board_nxp_lpcxpresso_1549.a(board.o)
 .debug_info    0x000026bf      0xc90 C:\Users\komar\Documents\MCUXpressoIDE_10.0.2_411\project\lpc_board_nxp_lpcxpresso_1549\Debug\liblpc_board_nxp_lpcxpresso_1549.a(board_sysinit.o)
 .debug_info    0x0000334f      0x98d C:\Users\komar\Documents\MCUXpressoIDE_10.0.2_411\project\lpc_chip_15xx\Debug\liblpc_chip_15xx.a(chip_15xx.o)
 .debug_info    0x00003cdc      0xd3e C:\Users\komar\Documents\MCUXpressoIDE_10.0.2_411\project\lpc_chip_15xx\Debug\liblpc_chip_15xx.a(clock_15xx.o)
 .debug_info    0x00004a1a      0x624 C:\Users\komar\Documents\MCUXpressoIDE_10.0.2_411\project\lpc_chip_15xx\Debug\liblpc_chip_15xx.a(gpio_15xx.o)
 .debug_info    0x0000503e      0x1f9 C:\Users\komar\Documents\MCUXpressoIDE_10.0.2_411\project\lpc_chip_15xx\Debug\liblpc_chip_15xx.a(iocon_15xx.o)
 .debug_info    0x00005237      0xa2c C:\Users\komar\Documents\MCUXpressoIDE_10.0.2_411\project\lpc_chip_15xx\Debug\liblpc_chip_15xx.a(sct_15xx.o)
 .debug_info    0x00005c63      0x5ea C:\Users\komar\Documents\MCUXpressoIDE_10.0.2_411\project\lpc_chip_15xx\Debug\liblpc_chip_15xx.a(swm_15xx.o)
 .debug_info    0x0000624d      0x74c C:\Users\komar\Documents\MCUXpressoIDE_10.0.2_411\project\lpc_chip_15xx\Debug\liblpc_chip_15xx.a(sysctl_15xx.o)
 .debug_info    0x00006999      0x727 C:\Users\komar\Documents\MCUXpressoIDE_10.0.2_411\project\lpc_chip_15xx\Debug\liblpc_chip_15xx.a(sysinit_15xx.o)
 .debug_info    0x000070c0      0x8d3 C:\Users\komar\Documents\MCUXpressoIDE_10.0.2_411\project\lpc_chip_15xx\Debug\liblpc_chip_15xx.a(uart_15xx.o)
 .debug_info    0x00007993      0xcb2 C:\Users\komar\Documents\MCUXpressoIDE_10.0.2_411\project\freertos\Debug\libfreertos.a(queue.o)
 .debug_info    0x00008645     0x1b63 C:\Users\komar\Documents\MCUXpressoIDE_10.0.2_411\project\freertos\Debug\libfreertos.a(tasks.o)
 .debug_info    0x0000a1a8      0x1ae C:\Users\komar\Documents\MCUXpressoIDE_10.0.2_411\project\freertos\Debug\libfreertos.a(FreeRTOSCommonHooks.o)
 .debug_info    0x0000a356      0x143 C:\Users\komar\Documents\MCUXpressoIDE_10.0.2_411\project\freertos\Debug\libfreertos.a(heap_3.o)
 .debug_info    0x0000a499      0x2ee C:\Users\komar\Documents\MCUXpressoIDE_10.0.2_411\project\freertos\Debug\libfreertos.a(list.o)
 .debug_info    0x0000a787      0x38e C:\Users\komar\Documents\MCUXpressoIDE_10.0.2_411\project\freertos\Debug\libfreertos.a(port.o)
 .debug_info    0x0000ab15      0x124 c:/nxp/mcuxpressoide_10.0.2_411/ide/tools/bin/../lib/gcc/arm-none-eabi/5.4.1/../../../../arm-none-eabi/lib/armv7-m\libcr_newlib_nohost.a(_cr_sbrk.o)
 .debug_info    0x0000ac39       0x6a c:/nxp/mcuxpressoide_10.0.2_411/ide/tools/bin/../lib/gcc/arm-none-eabi/5.4.1/../../../../arm-none-eabi/lib/armv7-m\libcr_newlib_nohost.a(_cr_check_heap.o)

.debug_abbrev   0x00000000     0x2419
 .debug_abbrev  0x00000000      0x1bf ./src/GCodeInterpreter.o
 .debug_abbrev  0x000001bf       0xfb ./src/cr_cpp_config.o
 .debug_abbrev  0x000002ba       0xe7 ./src/cr_startup_lpc15xx.o
 .debug_abbrev  0x000003a1      0x22c ./src/esp.o
 .debug_abbrev  0x000005cd       0x82 ./src/sysinit.o
 .debug_abbrev  0x0000064f      0x20e C:\Users\komar\Documents\MCUXpressoIDE_10.0.2_411\project\lpc_board_nxp_lpcxpresso_1549\Debug\liblpc_board_nxp_lpcxpresso_1549.a(board.o)
 .debug_abbrev  0x0000085d      0x208 C:\Users\komar\Documents\MCUXpressoIDE_10.0.2_411\project\lpc_board_nxp_lpcxpresso_1549\Debug\liblpc_board_nxp_lpcxpresso_1549.a(board_sysinit.o)
 .debug_abbrev  0x00000a65      0x1b3 C:\Users\komar\Documents\MCUXpressoIDE_10.0.2_411\project\lpc_chip_15xx\Debug\liblpc_chip_15xx.a(chip_15xx.o)
 .debug_abbrev  0x00000c18      0x285 C:\Users\komar\Documents\MCUXpressoIDE_10.0.2_411\project\lpc_chip_15xx\Debug\liblpc_chip_15xx.a(clock_15xx.o)
 .debug_abbrev  0x00000e9d      0x16a C:\Users\komar\Documents\MCUXpressoIDE_10.0.2_411\project\lpc_chip_15xx\Debug\liblpc_chip_15xx.a(gpio_15xx.o)
 .debug_abbrev  0x00001007      0x137 C:\Users\komar\Documents\MCUXpressoIDE_10.0.2_411\project\lpc_chip_15xx\Debug\liblpc_chip_15xx.a(iocon_15xx.o)
 .debug_abbrev  0x0000113e      0x200 C:\Users\komar\Documents\MCUXpressoIDE_10.0.2_411\project\lpc_chip_15xx\Debug\liblpc_chip_15xx.a(sct_15xx.o)
 .debug_abbrev  0x0000133e      0x13e C:\Users\komar\Documents\MCUXpressoIDE_10.0.2_411\project\lpc_chip_15xx\Debug\liblpc_chip_15xx.a(swm_15xx.o)
 .debug_abbrev  0x0000147c      0x12b C:\Users\komar\Documents\MCUXpressoIDE_10.0.2_411\project\lpc_chip_15xx\Debug\liblpc_chip_15xx.a(sysctl_15xx.o)
 .debug_abbrev  0x000015a7      0x18c C:\Users\komar\Documents\MCUXpressoIDE_10.0.2_411\project\lpc_chip_15xx\Debug\liblpc_chip_15xx.a(sysinit_15xx.o)
 .debug_abbrev  0x00001733      0x1e6 C:\Users\komar\Documents\MCUXpressoIDE_10.0.2_411\project\lpc_chip_15xx\Debug\liblpc_chip_15xx.a(uart_15xx.o)
 .debug_abbrev  0x00001919      0x1f7 C:\Users\komar\Documents\MCUXpressoIDE_10.0.2_411\project\freertos\Debug\libfreertos.a(queue.o)
 .debug_abbrev  0x00001b10      0x342 C:\Users\komar\Documents\MCUXpressoIDE_10.0.2_411\project\freertos\Debug\libfreertos.a(tasks.o)
 .debug_abbrev  0x00001e52      0x129 C:\Users\komar\Documents\MCUXpressoIDE_10.0.2_411\project\freertos\Debug\libfreertos.a(FreeRTOSCommonHooks.o)
 .debug_abbrev  0x00001f7b       0xd4 C:\Users\komar\Documents\MCUXpressoIDE_10.0.2_411\project\freertos\Debug\libfreertos.a(heap_3.o)
 .debug_abbrev  0x0000204f       0xec C:\Users\komar\Documents\MCUXpressoIDE_10.0.2_411\project\freertos\Debug\libfreertos.a(list.o)
 .debug_abbrev  0x0000213b      0x1ad C:\Users\komar\Documents\MCUXpressoIDE_10.0.2_411\project\freertos\Debug\libfreertos.a(port.o)
 .debug_abbrev  0x000022e8       0xcf c:/nxp/mcuxpressoide_10.0.2_411/ide/tools/bin/../lib/gcc/arm-none-eabi/5.4.1/../../../../arm-none-eabi/lib/armv7-m\libcr_newlib_nohost.a(_cr_sbrk.o)
 .debug_abbrev  0x000023b7       0x62 c:/nxp/mcuxpressoide_10.0.2_411/ide/tools/bin/../lib/gcc/arm-none-eabi/5.4.1/../../../../arm-none-eabi/lib/armv7-m\libcr_newlib_nohost.a(_cr_check_heap.o)

.debug_aranges  0x00000000      0xa80
 .debug_aranges
                0x00000000       0x38 ./src/GCodeInterpreter.o
 .debug_aranges
                0x00000038       0x48 ./src/cr_cpp_config.o
 .debug_aranges
                0x00000080       0x80 ./src/cr_startup_lpc15xx.o
 .debug_aranges
                0x00000100       0x40 ./src/esp.o
 .debug_aranges
                0x00000140       0x20 ./src/sysinit.o
 .debug_aranges
                0x00000160       0xd0 C:\Users\komar\Documents\MCUXpressoIDE_10.0.2_411\project\lpc_board_nxp_lpcxpresso_1549\Debug\liblpc_board_nxp_lpcxpresso_1549.a(board.o)
 .debug_aranges
                0x00000230       0x60 C:\Users\komar\Documents\MCUXpressoIDE_10.0.2_411\project\lpc_board_nxp_lpcxpresso_1549\Debug\liblpc_board_nxp_lpcxpresso_1549.a(board_sysinit.o)
 .debug_aranges
                0x00000290       0x50 C:\Users\komar\Documents\MCUXpressoIDE_10.0.2_411\project\lpc_chip_15xx\Debug\liblpc_chip_15xx.a(chip_15xx.o)
 .debug_aranges
                0x000002e0      0x128 C:\Users\komar\Documents\MCUXpressoIDE_10.0.2_411\project\lpc_chip_15xx\Debug\liblpc_chip_15xx.a(clock_15xx.o)
 .debug_aranges
                0x00000408       0x70 C:\Users\komar\Documents\MCUXpressoIDE_10.0.2_411\project\lpc_chip_15xx\Debug\liblpc_chip_15xx.a(gpio_15xx.o)
 .debug_aranges
                0x00000478       0x28 C:\Users\komar\Documents\MCUXpressoIDE_10.0.2_411\project\lpc_chip_15xx\Debug\liblpc_chip_15xx.a(iocon_15xx.o)
 .debug_aranges
                0x000004a0       0x50 C:\Users\komar\Documents\MCUXpressoIDE_10.0.2_411\project\lpc_chip_15xx\Debug\liblpc_chip_15xx.a(sct_15xx.o)
 .debug_aranges
                0x000004f0       0x40 C:\Users\komar\Documents\MCUXpressoIDE_10.0.2_411\project\lpc_chip_15xx\Debug\liblpc_chip_15xx.a(swm_15xx.o)
 .debug_aranges
                0x00000530       0x50 C:\Users\komar\Documents\MCUXpressoIDE_10.0.2_411\project\lpc_chip_15xx\Debug\liblpc_chip_15xx.a(sysctl_15xx.o)
 .debug_aranges
                0x00000580       0x58 C:\Users\komar\Documents\MCUXpressoIDE_10.0.2_411\project\lpc_chip_15xx\Debug\liblpc_chip_15xx.a(sysinit_15xx.o)
 .debug_aranges
                0x000005d8       0xc8 C:\Users\komar\Documents\MCUXpressoIDE_10.0.2_411\project\lpc_chip_15xx\Debug\liblpc_chip_15xx.a(uart_15xx.o)
 .debug_aranges
                0x000006a0       0xf0 C:\Users\komar\Documents\MCUXpressoIDE_10.0.2_411\project\freertos\Debug\libfreertos.a(queue.o)
 .debug_aranges
                0x00000790      0x180 C:\Users\komar\Documents\MCUXpressoIDE_10.0.2_411\project\freertos\Debug\libfreertos.a(tasks.o)
 .debug_aranges
                0x00000910       0x40 C:\Users\komar\Documents\MCUXpressoIDE_10.0.2_411\project\freertos\Debug\libfreertos.a(FreeRTOSCommonHooks.o)
 .debug_aranges
                0x00000950       0x28 C:\Users\komar\Documents\MCUXpressoIDE_10.0.2_411\project\freertos\Debug\libfreertos.a(heap_3.o)
 .debug_aranges
                0x00000978       0x40 C:\Users\komar\Documents\MCUXpressoIDE_10.0.2_411\project\freertos\Debug\libfreertos.a(list.o)
 .debug_aranges
                0x000009b8       0x88 C:\Users\komar\Documents\MCUXpressoIDE_10.0.2_411\project\freertos\Debug\libfreertos.a(port.o)
 .debug_aranges
                0x00000a40       0x20 c:/nxp/mcuxpressoide_10.0.2_411/ide/tools/bin/../lib/gcc/arm-none-eabi/5.4.1/../../../../arm-none-eabi/lib/armv7-m\libcr_newlib_nohost.a(_cr_sbrk.o)
 .debug_aranges
                0x00000a60       0x20 c:/nxp/mcuxpressoide_10.0.2_411/ide/tools/bin/../lib/gcc/arm-none-eabi/5.4.1/../../../../arm-none-eabi/lib/armv7-m\libcr_newlib_nohost.a(_cr_check_heap.o)

.debug_ranges   0x00000000      0x900
 .debug_ranges  0x00000000       0x28 ./src/GCodeInterpreter.o
 .debug_ranges  0x00000028       0x38 ./src/cr_cpp_config.o
 .debug_ranges  0x00000060       0x70 ./src/cr_startup_lpc15xx.o
 .debug_ranges  0x000000d0       0x30 ./src/esp.o
 .debug_ranges  0x00000100       0x10 ./src/sysinit.o
 .debug_ranges  0x00000110       0xc0 C:\Users\komar\Documents\MCUXpressoIDE_10.0.2_411\project\lpc_board_nxp_lpcxpresso_1549\Debug\liblpc_board_nxp_lpcxpresso_1549.a(board.o)
 .debug_ranges  0x000001d0       0x50 C:\Users\komar\Documents\MCUXpressoIDE_10.0.2_411\project\lpc_board_nxp_lpcxpresso_1549\Debug\liblpc_board_nxp_lpcxpresso_1549.a(board_sysinit.o)
 .debug_ranges  0x00000220       0x40 C:\Users\komar\Documents\MCUXpressoIDE_10.0.2_411\project\lpc_chip_15xx\Debug\liblpc_chip_15xx.a(chip_15xx.o)
 .debug_ranges  0x00000260      0x118 C:\Users\komar\Documents\MCUXpressoIDE_10.0.2_411\project\lpc_chip_15xx\Debug\liblpc_chip_15xx.a(clock_15xx.o)
 .debug_ranges  0x00000378       0x60 C:\Users\komar\Documents\MCUXpressoIDE_10.0.2_411\project\lpc_chip_15xx\Debug\liblpc_chip_15xx.a(gpio_15xx.o)
 .debug_ranges  0x000003d8       0x18 C:\Users\komar\Documents\MCUXpressoIDE_10.0.2_411\project\lpc_chip_15xx\Debug\liblpc_chip_15xx.a(iocon_15xx.o)
 .debug_ranges  0x000003f0       0x40 C:\Users\komar\Documents\MCUXpressoIDE_10.0.2_411\project\lpc_chip_15xx\Debug\liblpc_chip_15xx.a(sct_15xx.o)
 .debug_ranges  0x00000430       0x30 C:\Users\komar\Documents\MCUXpressoIDE_10.0.2_411\project\lpc_chip_15xx\Debug\liblpc_chip_15xx.a(swm_15xx.o)
 .debug_ranges  0x00000460       0x40 C:\Users\komar\Documents\MCUXpressoIDE_10.0.2_411\project\lpc_chip_15xx\Debug\liblpc_chip_15xx.a(sysctl_15xx.o)
 .debug_ranges  0x000004a0       0x48 C:\Users\komar\Documents\MCUXpressoIDE_10.0.2_411\project\lpc_chip_15xx\Debug\liblpc_chip_15xx.a(sysinit_15xx.o)
 .debug_ranges  0x000004e8       0xb8 C:\Users\komar\Documents\MCUXpressoIDE_10.0.2_411\project\lpc_chip_15xx\Debug\liblpc_chip_15xx.a(uart_15xx.o)
 .debug_ranges  0x000005a0       0xe0 C:\Users\komar\Documents\MCUXpressoIDE_10.0.2_411\project\freertos\Debug\libfreertos.a(queue.o)
 .debug_ranges  0x00000680      0x170 C:\Users\komar\Documents\MCUXpressoIDE_10.0.2_411\project\freertos\Debug\libfreertos.a(tasks.o)
 .debug_ranges  0x000007f0       0x30 C:\Users\komar\Documents\MCUXpressoIDE_10.0.2_411\project\freertos\Debug\libfreertos.a(FreeRTOSCommonHooks.o)
 .debug_ranges  0x00000820       0x18 C:\Users\komar\Documents\MCUXpressoIDE_10.0.2_411\project\freertos\Debug\libfreertos.a(heap_3.o)
 .debug_ranges  0x00000838       0x30 C:\Users\komar\Documents\MCUXpressoIDE_10.0.2_411\project\freertos\Debug\libfreertos.a(list.o)
 .debug_ranges  0x00000868       0x78 C:\Users\komar\Documents\MCUXpressoIDE_10.0.2_411\project\freertos\Debug\libfreertos.a(port.o)
 .debug_ranges  0x000008e0       0x10 c:/nxp/mcuxpressoide_10.0.2_411/ide/tools/bin/../lib/gcc/arm-none-eabi/5.4.1/../../../../arm-none-eabi/lib/armv7-m\libcr_newlib_nohost.a(_cr_sbrk.o)
 .debug_ranges  0x000008f0       0x10 c:/nxp/mcuxpressoide_10.0.2_411/ide/tools/bin/../lib/gcc/arm-none-eabi/5.4.1/../../../../arm-none-eabi/lib/armv7-m\libcr_newlib_nohost.a(_cr_check_heap.o)

.debug_macro    0x00000000     0x8bae
 .debug_macro   0x00000000      0x3fa ./src/GCodeInterpreter.o
 .debug_macro   0x000003fa      0x17b ./src/GCodeInterpreter.o
 .debug_macro   0x00000575       0x40 ./src/GCodeInterpreter.o
 .debug_macro   0x000005b5       0x74 ./src/GCodeInterpreter.o
 .debug_macro   0x00000629       0x11 ./src/GCodeInterpreter.o
 .debug_macro   0x0000063a       0x34 ./src/GCodeInterpreter.o
 .debug_macro   0x0000066e       0x52 ./src/GCodeInterpreter.o
 .debug_macro   0x000006c0       0x35 ./src/GCodeInterpreter.o
 .debug_macro   0x000006f5       0x9c ./src/GCodeInterpreter.o
 .debug_macro   0x00000791       0x16 ./src/GCodeInterpreter.o
 .debug_macro   0x000007a7       0x35 ./src/GCodeInterpreter.o
 .debug_macro   0x000007dc      0x337 ./src/GCodeInterpreter.o
 .debug_macro   0x00000b13       0x10 ./src/GCodeInterpreter.o
 .debug_macro   0x00000b23       0x52 ./src/GCodeInterpreter.o
 .debug_macro   0x00000b75       0x1f ./src/GCodeInterpreter.o
 .debug_macro   0x00000b94       0x43 ./src/GCodeInterpreter.o
 .debug_macro   0x00000bd7       0x20 ./src/GCodeInterpreter.o
 .debug_macro   0x00000bf7      0x187 ./src/GCodeInterpreter.o
 .debug_macro   0x00000d7e       0x10 ./src/GCodeInterpreter.o
 .debug_macro   0x00000d8e       0xb6 ./src/GCodeInterpreter.o
 .debug_macro   0x00000e44       0x16 ./src/GCodeInterpreter.o
 .debug_macro   0x00000e5a      0x145 ./src/GCodeInterpreter.o
 .debug_macro   0x00000f9f       0x20 ./src/GCodeInterpreter.o
 .debug_macro   0x00000fbf      0x10e ./src/GCodeInterpreter.o
 .debug_macro   0x000010cd       0xaf ./src/GCodeInterpreter.o
 .debug_macro   0x0000117c       0x12 ./src/GCodeInterpreter.o
 .debug_macro   0x0000118e       0x1f ./src/GCodeInterpreter.o
 .debug_macro   0x000011ad      0x34c ./src/GCodeInterpreter.o
 .debug_macro   0x000014f9       0x79 ./src/GCodeInterpreter.o
 .debug_macro   0x00001572       0x69 ./src/GCodeInterpreter.o
 .debug_macro   0x000015db       0xb0 ./src/GCodeInterpreter.o
 .debug_macro   0x0000168b       0xee ./src/cr_cpp_config.o
 .debug_macro   0x00001779       0x4c ./src/cr_cpp_config.o
 .debug_macro   0x000017c5       0x55 ./src/cr_cpp_config.o
 .debug_macro   0x0000181a       0x16 ./src/cr_cpp_config.o
 .debug_macro   0x00001830      0x10e ./src/cr_cpp_config.o
 .debug_macro   0x0000193e       0x94 ./src/cr_cpp_config.o
 .debug_macro   0x000019d2       0x4a ./src/cr_cpp_config.o
 .debug_macro   0x00001a1c       0x22 ./src/cr_cpp_config.o
 .debug_macro   0x00001a3e       0x23 ./src/cr_startup_lpc15xx.o
 .debug_macro   0x00001a61      0x407 ./src/esp.o
 .debug_macro   0x00001e68       0x97 ./src/esp.o
 .debug_macro   0x00001eff      0x104 ./src/esp.o
 .debug_macro   0x00002003       0x82 ./src/esp.o
 .debug_macro   0x00002085      0x114 ./src/esp.o
 .debug_macro   0x00002199      0x36c ./src/sysinit.o
 .debug_macro   0x00002505       0x22 ./src/sysinit.o
 .debug_macro   0x00002527      0xa7d ./src/sysinit.o
 .debug_macro   0x00002fa4       0x9c ./src/sysinit.o
 .debug_macro   0x00003040       0x97 ./src/sysinit.o
 .debug_macro   0x000030d7      0x30d ./src/sysinit.o
 .debug_macro   0x000033e4       0xfd ./src/sysinit.o
 .debug_macro   0x000034e1       0x43 ./src/sysinit.o
 .debug_macro   0x00003524      0x284 C:\Users\komar\Documents\MCUXpressoIDE_10.0.2_411\project\lpc_board_nxp_lpcxpresso_1549\Debug\liblpc_board_nxp_lpcxpresso_1549.a(board.o)
 .debug_macro   0x000037a8      0x886 C:\Users\komar\Documents\MCUXpressoIDE_10.0.2_411\project\lpc_board_nxp_lpcxpresso_1549\Debug\liblpc_board_nxp_lpcxpresso_1549.a(board.o)
 .debug_macro   0x0000402e       0x10 C:\Users\komar\Documents\MCUXpressoIDE_10.0.2_411\project\lpc_board_nxp_lpcxpresso_1549\Debug\liblpc_board_nxp_lpcxpresso_1549.a(board.o)
 .debug_macro   0x0000403e      0x12d C:\Users\komar\Documents\MCUXpressoIDE_10.0.2_411\project\lpc_board_nxp_lpcxpresso_1549\Debug\liblpc_board_nxp_lpcxpresso_1549.a(board.o)
 .debug_macro   0x0000416b      0x5b2 C:\Users\komar\Documents\MCUXpressoIDE_10.0.2_411\project\lpc_board_nxp_lpcxpresso_1549\Debug\liblpc_board_nxp_lpcxpresso_1549.a(board.o)
 .debug_macro   0x0000471d       0x22 C:\Users\komar\Documents\MCUXpressoIDE_10.0.2_411\project\lpc_board_nxp_lpcxpresso_1549\Debug\liblpc_board_nxp_lpcxpresso_1549.a(board.o)
 .debug_macro   0x0000473f       0x9a C:\Users\komar\Documents\MCUXpressoIDE_10.0.2_411\project\lpc_board_nxp_lpcxpresso_1549\Debug\liblpc_board_nxp_lpcxpresso_1549.a(board.o)
 .debug_macro   0x000047d9       0x12 C:\Users\komar\Documents\MCUXpressoIDE_10.0.2_411\project\lpc_board_nxp_lpcxpresso_1549\Debug\liblpc_board_nxp_lpcxpresso_1549.a(board.o)
 .debug_macro   0x000047eb      0x288 C:\Users\komar\Documents\MCUXpressoIDE_10.0.2_411\project\lpc_board_nxp_lpcxpresso_1549\Debug\liblpc_board_nxp_lpcxpresso_1549.a(board_sysinit.o)
 .debug_macro   0x00004a73      0x239 C:\Users\komar\Documents\MCUXpressoIDE_10.0.2_411\project\lpc_chip_15xx\Debug\liblpc_chip_15xx.a(chip_15xx.o)
 .debug_macro   0x00004cac      0x239 C:\Users\komar\Documents\MCUXpressoIDE_10.0.2_411\project\lpc_chip_15xx\Debug\liblpc_chip_15xx.a(clock_15xx.o)
 .debug_macro   0x00004ee5      0x239 C:\Users\komar\Documents\MCUXpressoIDE_10.0.2_411\project\lpc_chip_15xx\Debug\liblpc_chip_15xx.a(gpio_15xx.o)
 .debug_macro   0x0000511e      0x239 C:\Users\komar\Documents\MCUXpressoIDE_10.0.2_411\project\lpc_chip_15xx\Debug\liblpc_chip_15xx.a(iocon_15xx.o)
 .debug_macro   0x00005357      0x239 C:\Users\komar\Documents\MCUXpressoIDE_10.0.2_411\project\lpc_chip_15xx\Debug\liblpc_chip_15xx.a(sct_15xx.o)
 .debug_macro   0x00005590      0x245 C:\Users\komar\Documents\MCUXpressoIDE_10.0.2_411\project\lpc_chip_15xx\Debug\liblpc_chip_15xx.a(swm_15xx.o)
 .debug_macro   0x000057d5      0x251 C:\Users\komar\Documents\MCUXpressoIDE_10.0.2_411\project\lpc_chip_15xx\Debug\liblpc_chip_15xx.a(sysctl_15xx.o)
 .debug_macro   0x00005a26      0x239 C:\Users\komar\Documents\MCUXpressoIDE_10.0.2_411\project\lpc_chip_15xx\Debug\liblpc_chip_15xx.a(sysinit_15xx.o)
 .debug_macro   0x00005c5f      0x239 C:\Users\komar\Documents\MCUXpressoIDE_10.0.2_411\project\lpc_chip_15xx\Debug\liblpc_chip_15xx.a(uart_15xx.o)
 .debug_macro   0x00005e98      0x4c6 C:\Users\komar\Documents\MCUXpressoIDE_10.0.2_411\project\freertos\Debug\libfreertos.a(queue.o)
 .debug_macro   0x0000635e      0x89e C:\Users\komar\Documents\MCUXpressoIDE_10.0.2_411\project\freertos\Debug\libfreertos.a(queue.o)
 .debug_macro   0x00006bfc       0x8d C:\Users\komar\Documents\MCUXpressoIDE_10.0.2_411\project\freertos\Debug\libfreertos.a(queue.o)
 .debug_macro   0x00006c89      0x10e C:\Users\komar\Documents\MCUXpressoIDE_10.0.2_411\project\freertos\Debug\libfreertos.a(queue.o)
 .debug_macro   0x00006d97       0x8d C:\Users\komar\Documents\MCUXpressoIDE_10.0.2_411\project\freertos\Debug\libfreertos.a(queue.o)
 .debug_macro   0x00006e24       0x16 C:\Users\komar\Documents\MCUXpressoIDE_10.0.2_411\project\freertos\Debug\libfreertos.a(queue.o)
 .debug_macro   0x00006e3a       0x29 C:\Users\komar\Documents\MCUXpressoIDE_10.0.2_411\project\freertos\Debug\libfreertos.a(queue.o)
 .debug_macro   0x00006e63       0x16 C:\Users\komar\Documents\MCUXpressoIDE_10.0.2_411\project\freertos\Debug\libfreertos.a(queue.o)
 .debug_macro   0x00006e79       0x35 C:\Users\komar\Documents\MCUXpressoIDE_10.0.2_411\project\freertos\Debug\libfreertos.a(queue.o)
 .debug_macro   0x00006eae       0x1c C:\Users\komar\Documents\MCUXpressoIDE_10.0.2_411\project\freertos\Debug\libfreertos.a(queue.o)
 .debug_macro   0x00006eca       0x1c C:\Users\komar\Documents\MCUXpressoIDE_10.0.2_411\project\freertos\Debug\libfreertos.a(queue.o)
 .debug_macro   0x00006ee6       0x52 C:\Users\komar\Documents\MCUXpressoIDE_10.0.2_411\project\freertos\Debug\libfreertos.a(queue.o)
 .debug_macro   0x00006f38       0x40 C:\Users\komar\Documents\MCUXpressoIDE_10.0.2_411\project\freertos\Debug\libfreertos.a(queue.o)
 .debug_macro   0x00006f78       0x10 C:\Users\komar\Documents\MCUXpressoIDE_10.0.2_411\project\freertos\Debug\libfreertos.a(queue.o)
 .debug_macro   0x00006f88       0x40 C:\Users\komar\Documents\MCUXpressoIDE_10.0.2_411\project\freertos\Debug\libfreertos.a(queue.o)
 .debug_macro   0x00006fc8       0xd7 C:\Users\komar\Documents\MCUXpressoIDE_10.0.2_411\project\freertos\Debug\libfreertos.a(queue.o)
 .debug_macro   0x0000709f      0x18b C:\Users\komar\Documents\MCUXpressoIDE_10.0.2_411\project\freertos\Debug\libfreertos.a(queue.o)
 .debug_macro   0x0000722a      0x513 C:\Users\komar\Documents\MCUXpressoIDE_10.0.2_411\project\freertos\Debug\libfreertos.a(tasks.o)
 .debug_macro   0x0000773d       0x91 C:\Users\komar\Documents\MCUXpressoIDE_10.0.2_411\project\freertos\Debug\libfreertos.a(tasks.o)
 .debug_macro   0x000077ce       0x17 C:\Users\komar\Documents\MCUXpressoIDE_10.0.2_411\project\freertos\Debug\libfreertos.a(tasks.o)
 .debug_macro   0x000077e5       0x16 C:\Users\komar\Documents\MCUXpressoIDE_10.0.2_411\project\freertos\Debug\libfreertos.a(tasks.o)
 .debug_macro   0x000077fb      0x441 C:\Users\komar\Documents\MCUXpressoIDE_10.0.2_411\project\freertos\Debug\libfreertos.a(FreeRTOSCommonHooks.o)
 .debug_macro   0x00007c3c      0x174 C:\Users\komar\Documents\MCUXpressoIDE_10.0.2_411\project\freertos\Debug\libfreertos.a(FreeRTOSCommonHooks.o)
 .debug_macro   0x00007db0       0x87 C:\Users\komar\Documents\MCUXpressoIDE_10.0.2_411\project\freertos\Debug\libfreertos.a(FreeRTOSCommonHooks.o)
 .debug_macro   0x00007e37      0x465 C:\Users\komar\Documents\MCUXpressoIDE_10.0.2_411\project\freertos\Debug\libfreertos.a(heap_3.o)
 .debug_macro   0x0000829c      0x44a C:\Users\komar\Documents\MCUXpressoIDE_10.0.2_411\project\freertos\Debug\libfreertos.a(list.o)
 .debug_macro   0x000086e6      0x4c8 C:\Users\komar\Documents\MCUXpressoIDE_10.0.2_411\project\freertos\Debug\libfreertos.a(port.o)

.debug_line     0x00000000     0x8d66
 .debug_line    0x00000000      0x753 ./src/GCodeInterpreter.o
 .debug_line    0x00000753      0x27f ./src/cr_cpp_config.o
 .debug_line    0x000009d2       0xd5 ./src/cr_startup_lpc15xx.o
 .debug_line    0x00000aa7      0x77e ./src/esp.o
 .debug_line    0x00001225      0x618 ./src/sysinit.o
 .debug_line    0x0000183d      0x6d8 C:\Users\komar\Documents\MCUXpressoIDE_10.0.2_411\project\lpc_board_nxp_lpcxpresso_1549\Debug\liblpc_board_nxp_lpcxpresso_1549.a(board.o)
 .debug_line    0x00001f15      0x59a C:\Users\komar\Documents\MCUXpressoIDE_10.0.2_411\project\lpc_board_nxp_lpcxpresso_1549\Debug\liblpc_board_nxp_lpcxpresso_1549.a(board_sysinit.o)
 .debug_line    0x000024af      0x4b5 C:\Users\komar\Documents\MCUXpressoIDE_10.0.2_411\project\lpc_chip_15xx\Debug\liblpc_chip_15xx.a(chip_15xx.o)
 .debug_line    0x00002964      0x709 C:\Users\komar\Documents\MCUXpressoIDE_10.0.2_411\project\lpc_chip_15xx\Debug\liblpc_chip_15xx.a(clock_15xx.o)
 .debug_line    0x0000306d      0x50d C:\Users\komar\Documents\MCUXpressoIDE_10.0.2_411\project\lpc_chip_15xx\Debug\liblpc_chip_15xx.a(gpio_15xx.o)
 .debug_line    0x0000357a      0x455 C:\Users\komar\Documents\MCUXpressoIDE_10.0.2_411\project\lpc_chip_15xx\Debug\liblpc_chip_15xx.a(iocon_15xx.o)
 .debug_line    0x000039cf      0x4ae C:\Users\komar\Documents\MCUXpressoIDE_10.0.2_411\project\lpc_chip_15xx\Debug\liblpc_chip_15xx.a(sct_15xx.o)
 .debug_line    0x00003e7d      0x480 C:\Users\komar\Documents\MCUXpressoIDE_10.0.2_411\project\lpc_chip_15xx\Debug\liblpc_chip_15xx.a(swm_15xx.o)
 .debug_line    0x000042fd      0x4b7 C:\Users\komar\Documents\MCUXpressoIDE_10.0.2_411\project\lpc_chip_15xx\Debug\liblpc_chip_15xx.a(sysctl_15xx.o)
 .debug_line    0x000047b4      0x4ea C:\Users\komar\Documents\MCUXpressoIDE_10.0.2_411\project\lpc_chip_15xx\Debug\liblpc_chip_15xx.a(sysinit_15xx.o)
 .debug_line    0x00004c9e      0x62f C:\Users\komar\Documents\MCUXpressoIDE_10.0.2_411\project\lpc_chip_15xx\Debug\liblpc_chip_15xx.a(uart_15xx.o)
 .debug_line    0x000052cd      0xaf6 C:\Users\komar\Documents\MCUXpressoIDE_10.0.2_411\project\freertos\Debug\libfreertos.a(queue.o)
 .debug_line    0x00005dc3      0xf3f C:\Users\komar\Documents\MCUXpressoIDE_10.0.2_411\project\freertos\Debug\libfreertos.a(tasks.o)
 .debug_line    0x00006d02      0x7b0 C:\Users\komar\Documents\MCUXpressoIDE_10.0.2_411\project\freertos\Debug\libfreertos.a(FreeRTOSCommonHooks.o)
 .debug_line    0x000074b2      0x76d C:\Users\komar\Documents\MCUXpressoIDE_10.0.2_411\project\freertos\Debug\libfreertos.a(heap_3.o)
 .debug_line    0x00007c1f      0x7b9 C:\Users\komar\Documents\MCUXpressoIDE_10.0.2_411\project\freertos\Debug\libfreertos.a(list.o)
 .debug_line    0x000083d8      0x846 C:\Users\komar\Documents\MCUXpressoIDE_10.0.2_411\project\freertos\Debug\libfreertos.a(port.o)
 .debug_line    0x00008c1e       0xfb c:/nxp/mcuxpressoide_10.0.2_411/ide/tools/bin/../lib/gcc/arm-none-eabi/5.4.1/../../../../arm-none-eabi/lib/armv7-m\libcr_newlib_nohost.a(_cr_sbrk.o)
 .debug_line    0x00008d19       0x4d c:/nxp/mcuxpressoide_10.0.2_411/ide/tools/bin/../lib/gcc/arm-none-eabi/5.4.1/../../../../arm-none-eabi/lib/armv7-m\libcr_newlib_nohost.a(_cr_check_heap.o)

.debug_str      0x00000000    0x1eb9b
 .debug_str     0x00000000    0x1503b ./src/GCodeInterpreter.o
                              0x1529f (size before relaxing)
 .debug_str     0x0001503b      0x15f ./src/cr_cpp_config.o
                               0x56fd (size before relaxing)
 .debug_str     0x0001519a      0x1de ./src/cr_startup_lpc15xx.o
                               0x29de (size before relaxing)
 .debug_str     0x00015378     0x23b3 ./src/esp.o
                              0x175ee (size before relaxing)
 .debug_str     0x0001772b      0x281 ./src/sysinit.o
                              0x11b6c (size before relaxing)
 .debug_str     0x000179ac     0x1c3f C:\Users\komar\Documents\MCUXpressoIDE_10.0.2_411\project\lpc_board_nxp_lpcxpresso_1549\Debug\liblpc_board_nxp_lpcxpresso_1549.a(board.o)
                               0xfed4 (size before relaxing)
 .debug_str     0x000195eb      0x7d5 C:\Users\komar\Documents\MCUXpressoIDE_10.0.2_411\project\lpc_board_nxp_lpcxpresso_1549\Debug\liblpc_board_nxp_lpcxpresso_1549.a(board_sysinit.o)
                              0x104c6 (size before relaxing)
 .debug_str     0x00019dc0       0xca C:\Users\komar\Documents\MCUXpressoIDE_10.0.2_411\project\lpc_chip_15xx\Debug\liblpc_chip_15xx.a(chip_15xx.o)
                               0xfc1b (size before relaxing)
 .debug_str     0x00019e8a      0x64c C:\Users\komar\Documents\MCUXpressoIDE_10.0.2_411\project\lpc_chip_15xx\Debug\liblpc_chip_15xx.a(clock_15xx.o)
                              0x1001b (size before relaxing)
 .debug_str     0x0001a4d6       0xdf C:\Users\komar\Documents\MCUXpressoIDE_10.0.2_411\project\lpc_chip_15xx\Debug\liblpc_chip_15xx.a(gpio_15xx.o)
                               0xf6c8 (size before relaxing)
 .debug_str     0x0001a5b5       0x41 C:\Users\komar\Documents\MCUXpressoIDE_10.0.2_411\project\lpc_chip_15xx\Debug\liblpc_chip_15xx.a(iocon_15xx.o)
                               0xf1e5 (size before relaxing)
 .debug_str     0x0001a5f6       0xa2 C:\Users\komar\Documents\MCUXpressoIDE_10.0.2_411\project\lpc_chip_15xx\Debug\liblpc_chip_15xx.a(sct_15xx.o)
                               0xf7f3 (size before relaxing)
 .debug_str     0x0001a698      0x55d C:\Users\komar\Documents\MCUXpressoIDE_10.0.2_411\project\lpc_chip_15xx\Debug\liblpc_chip_15xx.a(swm_15xx.o)
                               0xfbed (size before relaxing)
 .debug_str     0x0001abf5      0x183 C:\Users\komar\Documents\MCUXpressoIDE_10.0.2_411\project\lpc_chip_15xx\Debug\liblpc_chip_15xx.a(sysctl_15xx.o)
                               0xf6d2 (size before relaxing)
 .debug_str     0x0001ad78      0x13f C:\Users\komar\Documents\MCUXpressoIDE_10.0.2_411\project\lpc_chip_15xx\Debug\liblpc_chip_15xx.a(sysinit_15xx.o)
                               0xf6c1 (size before relaxing)
 .debug_str     0x0001aeb7      0x20f C:\Users\komar\Documents\MCUXpressoIDE_10.0.2_411\project\lpc_chip_15xx\Debug\liblpc_chip_15xx.a(uart_15xx.o)
                               0xf824 (size before relaxing)
 .debug_str     0x0001b0c6     0x140f C:\Users\komar\Documents\MCUXpressoIDE_10.0.2_411\project\freertos\Debug\libfreertos.a(queue.o)
                              0x1630c (size before relaxing)
 .debug_str     0x0001c4d5     0x1d91 C:\Users\komar\Documents\MCUXpressoIDE_10.0.2_411\project\freertos\Debug\libfreertos.a(tasks.o)
                              0x17088 (size before relaxing)
 .debug_str     0x0001e266       0xe1 C:\Users\komar\Documents\MCUXpressoIDE_10.0.2_411\project\freertos\Debug\libfreertos.a(FreeRTOSCommonHooks.o)
                              0x14edc (size before relaxing)
 .debug_str     0x0001e347       0x3c C:\Users\komar\Documents\MCUXpressoIDE_10.0.2_411\project\freertos\Debug\libfreertos.a(heap_3.o)
                              0x14f46 (size before relaxing)
 .debug_str     0x0001e383       0x9b C:\Users\komar\Documents\MCUXpressoIDE_10.0.2_411\project\freertos\Debug\libfreertos.a(list.o)
                              0x14c5e (size before relaxing)
 .debug_str     0x0001e41e      0x5d3 C:\Users\komar\Documents\MCUXpressoIDE_10.0.2_411\project\freertos\Debug\libfreertos.a(port.o)
                              0x15631 (size before relaxing)
 .debug_str     0x0001e9f1      0x185 c:/nxp/mcuxpressoide_10.0.2_411/ide/tools/bin/../lib/gcc/arm-none-eabi/5.4.1/../../../../arm-none-eabi/lib/armv7-m\libcr_newlib_nohost.a(_cr_sbrk.o)
                                0x22a (size before relaxing)
 .debug_str     0x0001eb76       0x25 c:/nxp/mcuxpressoide_10.0.2_411/ide/tools/bin/../lib/gcc/arm-none-eabi/5.4.1/../../../../arm-none-eabi/lib/armv7-m\libcr_newlib_nohost.a(_cr_check_heap.o)
                                0x16c (size before relaxing)

.comment        0x00000000       0x6e
 .comment       0x00000000       0x6e ./src/GCodeInterpreter.o
                                 0x6f (size before relaxing)
 .comment       0x0000006e       0x6f ./src/cr_cpp_config.o
 .comment       0x0000006e       0x6f ./src/cr_startup_lpc15xx.o
 .comment       0x0000006e       0x6f ./src/esp.o
 .comment       0x0000006e       0x6f ./src/sysinit.o
 .comment       0x0000006e       0x6f C:\Users\komar\Documents\MCUXpressoIDE_10.0.2_411\project\lpc_board_nxp_lpcxpresso_1549\Debug\liblpc_board_nxp_lpcxpresso_1549.a(board.o)
 .comment       0x0000006e       0x6f C:\Users\komar\Documents\MCUXpressoIDE_10.0.2_411\project\lpc_board_nxp_lpcxpresso_1549\Debug\liblpc_board_nxp_lpcxpresso_1549.a(board_sysinit.o)
 .comment       0x0000006e       0x6f C:\Users\komar\Documents\MCUXpressoIDE_10.0.2_411\project\lpc_chip_15xx\Debug\liblpc_chip_15xx.a(chip_15xx.o)
 .comment       0x0000006e       0x6f C:\Users\komar\Documents\MCUXpressoIDE_10.0.2_411\project\lpc_chip_15xx\Debug\liblpc_chip_15xx.a(clock_15xx.o)
 .comment       0x0000006e       0x6f C:\Users\komar\Documents\MCUXpressoIDE_10.0.2_411\project\lpc_chip_15xx\Debug\liblpc_chip_15xx.a(gpio_15xx.o)
 .comment       0x0000006e       0x6f C:\Users\komar\Documents\MCUXpressoIDE_10.0.2_411\project\lpc_chip_15xx\Debug\liblpc_chip_15xx.a(iocon_15xx.o)
 .comment       0x0000006e       0x6f C:\Users\komar\Documents\MCUXpressoIDE_10.0.2_411\project\lpc_chip_15xx\Debug\liblpc_chip_15xx.a(sct_15xx.o)
 .comment       0x0000006e       0x6f C:\Users\komar\Documents\MCUXpressoIDE_10.0.2_411\project\lpc_chip_15xx\Debug\liblpc_chip_15xx.a(swm_15xx.o)
 .comment       0x0000006e       0x6f C:\Users\komar\Documents\MCUXpressoIDE_10.0.2_411\project\lpc_chip_15xx\Debug\liblpc_chip_15xx.a(sysctl_15xx.o)
 .comment       0x0000006e       0x6f C:\Users\komar\Documents\MCUXpressoIDE_10.0.2_411\project\lpc_chip_15xx\Debug\liblpc_chip_15xx.a(sysinit_15xx.o)
 .comment       0x0000006e       0x6f C:\Users\komar\Documents\MCUXpressoIDE_10.0.2_411\project\lpc_chip_15xx\Debug\liblpc_chip_15xx.a(uart_15xx.o)
 .comment       0x0000006e       0x6f C:\Users\komar\Documents\MCUXpressoIDE_10.0.2_411\project\freertos\Debug\libfreertos.a(queue.o)
 .comment       0x0000006e       0x6f C:\Users\komar\Documents\MCUXpressoIDE_10.0.2_411\project\freertos\Debug\libfreertos.a(tasks.o)
 .comment       0x0000006e       0x6f C:\Users\komar\Documents\MCUXpressoIDE_10.0.2_411\project\freertos\Debug\libfreertos.a(FreeRTOSCommonHooks.o)
 .comment       0x0000006e       0x6f C:\Users\komar\Documents\MCUXpressoIDE_10.0.2_411\project\freertos\Debug\libfreertos.a(heap_3.o)
 .comment       0x0000006e       0x6f C:\Users\komar\Documents\MCUXpressoIDE_10.0.2_411\project\freertos\Debug\libfreertos.a(list.o)
 .comment       0x0000006e       0x6f C:\Users\komar\Documents\MCUXpressoIDE_10.0.2_411\project\freertos\Debug\libfreertos.a(port.o)
 .comment       0x0000006e       0x6f c:/nxp/mcuxpressoide_10.0.2_411/ide/tools/bin/../lib/gcc/arm-none-eabi/5.4.1/../../../../arm-none-eabi/lib/armv7-m\libcr_newlib_nohost.a(_cr_sbrk.o)
 .comment       0x0000006e       0x6f c:/nxp/mcuxpressoide_10.0.2_411/ide/tools/bin/../lib/gcc/arm-none-eabi/5.4.1/../../../../arm-none-eabi/lib/armv7-m\libcr_newlib_nohost.a(_cr_check_heap.o)

.ARM.attributes
                0x00000000       0x31
 .ARM.attributes
                0x00000000       0x33 ./src/GCodeInterpreter.o
 .ARM.attributes
                0x00000033       0x33 ./src/cr_cpp_config.o
 .ARM.attributes
                0x00000066       0x33 ./src/cr_startup_lpc15xx.o
 .ARM.attributes
                0x00000099       0x33 ./src/esp.o
 .ARM.attributes
                0x000000cc       0x33 ./src/sysinit.o
 .ARM.attributes
                0x000000ff       0x33 C:\Users\komar\Documents\MCUXpressoIDE_10.0.2_411\project\lpc_board_nxp_lpcxpresso_1549\Debug\liblpc_board_nxp_lpcxpresso_1549.a(board.o)
 .ARM.attributes
                0x00000132       0x33 C:\Users\komar\Documents\MCUXpressoIDE_10.0.2_411\project\lpc_board_nxp_lpcxpresso_1549\Debug\liblpc_board_nxp_lpcxpresso_1549.a(board_sysinit.o)
 .ARM.attributes
                0x00000165       0x33 C:\Users\komar\Documents\MCUXpressoIDE_10.0.2_411\project\lpc_chip_15xx\Debug\liblpc_chip_15xx.a(chip_15xx.o)
 .ARM.attributes
                0x00000198       0x33 C:\Users\komar\Documents\MCUXpressoIDE_10.0.2_411\project\lpc_chip_15xx\Debug\liblpc_chip_15xx.a(clock_15xx.o)
 .ARM.attributes
                0x000001cb       0x33 C:\Users\komar\Documents\MCUXpressoIDE_10.0.2_411\project\lpc_chip_15xx\Debug\liblpc_chip_15xx.a(gpio_15xx.o)
 .ARM.attributes
                0x000001fe       0x33 C:\Users\komar\Documents\MCUXpressoIDE_10.0.2_411\project\lpc_chip_15xx\Debug\liblpc_chip_15xx.a(iocon_15xx.o)
 .ARM.attributes
                0x00000231       0x33 C:\Users\komar\Documents\MCUXpressoIDE_10.0.2_411\project\lpc_chip_15xx\Debug\liblpc_chip_15xx.a(sct_15xx.o)
 .ARM.attributes
                0x00000264       0x33 C:\Users\komar\Documents\MCUXpressoIDE_10.0.2_411\project\lpc_chip_15xx\Debug\liblpc_chip_15xx.a(swm_15xx.o)
 .ARM.attributes
                0x00000297       0x33 C:\Users\komar\Documents\MCUXpressoIDE_10.0.2_411\project\lpc_chip_15xx\Debug\liblpc_chip_15xx.a(sysctl_15xx.o)
 .ARM.attributes
                0x000002ca       0x33 C:\Users\komar\Documents\MCUXpressoIDE_10.0.2_411\project\lpc_chip_15xx\Debug\liblpc_chip_15xx.a(sysinit_15xx.o)
 .ARM.attributes
                0x000002fd       0x33 C:\Users\komar\Documents\MCUXpressoIDE_10.0.2_411\project\lpc_chip_15xx\Debug\liblpc_chip_15xx.a(uart_15xx.o)
 .ARM.attributes
                0x00000330       0x33 C:\Users\komar\Documents\MCUXpressoIDE_10.0.2_411\project\freertos\Debug\libfreertos.a(queue.o)
 .ARM.attributes
                0x00000363       0x33 C:\Users\komar\Documents\MCUXpressoIDE_10.0.2_411\project\freertos\Debug\libfreertos.a(tasks.o)
 .ARM.attributes
                0x00000396       0x33 C:\Users\komar\Documents\MCUXpressoIDE_10.0.2_411\project\freertos\Debug\libfreertos.a(FreeRTOSCommonHooks.o)
 .ARM.attributes
                0x000003c9       0x33 C:\Users\komar\Documents\MCUXpressoIDE_10.0.2_411\project\freertos\Debug\libfreertos.a(heap_3.o)
 .ARM.attributes
                0x000003fc       0x33 C:\Users\komar\Documents\MCUXpressoIDE_10.0.2_411\project\freertos\Debug\libfreertos.a(list.o)
 .ARM.attributes
                0x0000042f       0x33 C:\Users\komar\Documents\MCUXpressoIDE_10.0.2_411\project\freertos\Debug\libfreertos.a(port.o)
 .ARM.attributes
                0x00000462       0x1d c:/nxp/mcuxpressoide_10.0.2_411/ide/tools/bin/../lib/gcc/arm-none-eabi/5.4.1/armv7-m\libgcc.a(_aeabi_uldivmod.o)
 .ARM.attributes
                0x0000047f       0x2d c:/nxp/mcuxpressoide_10.0.2_411/ide/tools/bin/../lib/gcc/arm-none-eabi/5.4.1/armv7-m\libgcc.a(_udivmoddi4.o)
 .ARM.attributes
                0x000004ac       0x1d c:/nxp/mcuxpressoide_10.0.2_411/ide/tools/bin/../lib/gcc/arm-none-eabi/5.4.1/armv7-m\libgcc.a(_dvmd_tls.o)
 .ARM.attributes
                0x000004c9       0x2d c:/nxp/mcuxpressoide_10.0.2_411/ide/tools/bin/../lib/gcc/arm-none-eabi/5.4.1/../../../../arm-none-eabi/lib/armv7-m\libc.a(lib_a-impure.o)
 .ARM.attributes
                0x000004f6       0x2d c:/nxp/mcuxpressoide_10.0.2_411/ide/tools/bin/../lib/gcc/arm-none-eabi/5.4.1/../../../../arm-none-eabi/lib/armv7-m\libc.a(lib_a-init.o)
 .ARM.attributes
                0x00000523       0x2d c:/nxp/mcuxpressoide_10.0.2_411/ide/tools/bin/../lib/gcc/arm-none-eabi/5.4.1/../../../../arm-none-eabi/lib/armv7-m\libc.a(lib_a-malloc.o)
 .ARM.attributes
                0x00000550       0x2d c:/nxp/mcuxpressoide_10.0.2_411/ide/tools/bin/../lib/gcc/arm-none-eabi/5.4.1/../../../../arm-none-eabi/lib/armv7-m\libc.a(lib_a-mallocr.o)
 .ARM.attributes
                0x0000057d       0x2d c:/nxp/mcuxpressoide_10.0.2_411/ide/tools/bin/../lib/gcc/arm-none-eabi/5.4.1/../../../../arm-none-eabi/lib/armv7-m\libc.a(lib_a-memcmp.o)
 .ARM.attributes
                0x000005aa       0x2d c:/nxp/mcuxpressoide_10.0.2_411/ide/tools/bin/../lib/gcc/arm-none-eabi/5.4.1/../../../../arm-none-eabi/lib/armv7-m\libc.a(lib_a-memset.o)
 .ARM.attributes
                0x000005d7       0x2d c:/nxp/mcuxpressoide_10.0.2_411/ide/tools/bin/../lib/gcc/arm-none-eabi/5.4.1/../../../../arm-none-eabi/lib/armv7-m\libc.a(lib_a-mlock.o)
 .ARM.attributes
                0x00000604       0x2d c:/nxp/mcuxpressoide_10.0.2_411/ide/tools/bin/../lib/gcc/arm-none-eabi/5.4.1/../../../../arm-none-eabi/lib/armv7-m\libc.a(lib_a-reent.o)
 .ARM.attributes
                0x00000631       0x2d c:/nxp/mcuxpressoide_10.0.2_411/ide/tools/bin/../lib/gcc/arm-none-eabi/5.4.1/../../../../arm-none-eabi/lib/armv7-m\libc.a(lib_a-sbrkr.o)
 .ARM.attributes
                0x0000065e       0x2d c:/nxp/mcuxpressoide_10.0.2_411/ide/tools/bin/../lib/gcc/arm-none-eabi/5.4.1/../../../../arm-none-eabi/lib/armv7-m\libc.a(lib_a-freer.o)
 .ARM.attributes
                0x0000068b       0x33 c:/nxp/mcuxpressoide_10.0.2_411/ide/tools/bin/../lib/gcc/arm-none-eabi/5.4.1/../../../../arm-none-eabi/lib/armv7-m\libcr_newlib_nohost.a(_cr_sbrk.o)
 .ARM.attributes
                0x000006be       0x33 c:/nxp/mcuxpressoide_10.0.2_411/ide/tools/bin/../lib/gcc/arm-none-eabi/5.4.1/../../../../arm-none-eabi/lib/armv7-m\libcr_newlib_nohost.a(_cr_check_heap.o)
 .ARM.attributes
                0x000006f1       0x1d c:/nxp/mcuxpressoide_10.0.2_411/ide/tools/bin/../lib/gcc/arm-none-eabi/5.4.1/armv7-m\crti.o
 .ARM.attributes
                0x0000070e       0x1d c:/nxp/mcuxpressoide_10.0.2_411/ide/tools/bin/../lib/gcc/arm-none-eabi/5.4.1/armv7-m\crtn.o
 .ARM.attributes
                0x0000072b       0x2d c:/nxp/mcuxpressoide_10.0.2_411/ide/tools/bin/../lib/gcc/arm-none-eabi/5.4.1/armv7-m\crtbegin.o
 .ARM.attributes
                0x00000758       0x2d c:/nxp/mcuxpressoide_10.0.2_411/ide/tools/bin/../lib/gcc/arm-none-eabi/5.4.1/../../../../arm-none-eabi/lib/armv7-m\libc.a(lib_a-errno.o)

.debug_frame    0x00000000     0x28a0
 .debug_frame   0x00000000       0x9c ./src/GCodeInterpreter.o
 .debug_frame   0x0000009c       0xe0 ./src/cr_cpp_config.o
 .debug_frame   0x0000017c      0x170 ./src/cr_startup_lpc15xx.o
 .debug_frame   0x000002ec       0xbc ./src/esp.o
 .debug_frame   0x000003a8       0x2c ./src/sysinit.o
 .debug_frame   0x000003d4      0x360 C:\Users\komar\Documents\MCUXpressoIDE_10.0.2_411\project\lpc_board_nxp_lpcxpresso_1549\Debug\liblpc_board_nxp_lpcxpresso_1549.a(board.o)
 .debug_frame   0x00000734      0x14c C:\Users\komar\Documents\MCUXpressoIDE_10.0.2_411\project\lpc_board_nxp_lpcxpresso_1549\Debug\liblpc_board_nxp_lpcxpresso_1549.a(board_sysinit.o)
 .debug_frame   0x00000880      0x104 C:\Users\komar\Documents\MCUXpressoIDE_10.0.2_411\project\lpc_chip_15xx\Debug\liblpc_chip_15xx.a(chip_15xx.o)
 .debug_frame   0x00000984      0x4b0 C:\Users\komar\Documents\MCUXpressoIDE_10.0.2_411\project\lpc_chip_15xx\Debug\liblpc_chip_15xx.a(clock_15xx.o)
 .debug_frame   0x00000e34      0x1b4 C:\Users\komar\Documents\MCUXpressoIDE_10.0.2_411\project\lpc_chip_15xx\Debug\liblpc_chip_15xx.a(gpio_15xx.o)
 .debug_frame   0x00000fe8       0x5c C:\Users\komar\Documents\MCUXpressoIDE_10.0.2_411\project\lpc_chip_15xx\Debug\liblpc_chip_15xx.a(iocon_15xx.o)
 .debug_frame   0x00001044      0x118 C:\Users\komar\Documents\MCUXpressoIDE_10.0.2_411\project\lpc_chip_15xx\Debug\liblpc_chip_15xx.a(sct_15xx.o)
 .debug_frame   0x0000115c       0xd4 C:\Users\komar\Documents\MCUXpressoIDE_10.0.2_411\project\lpc_chip_15xx\Debug\liblpc_chip_15xx.a(swm_15xx.o)
 .debug_frame   0x00001230      0x124 C:\Users\komar\Documents\MCUXpressoIDE_10.0.2_411\project\lpc_chip_15xx\Debug\liblpc_chip_15xx.a(sysctl_15xx.o)
 .debug_frame   0x00001354      0x12c C:\Users\komar\Documents\MCUXpressoIDE_10.0.2_411\project\lpc_chip_15xx\Debug\liblpc_chip_15xx.a(sysinit_15xx.o)
 .debug_frame   0x00001480      0x340 C:\Users\komar\Documents\MCUXpressoIDE_10.0.2_411\project\lpc_chip_15xx\Debug\liblpc_chip_15xx.a(uart_15xx.o)
 .debug_frame   0x000017c0      0x404 C:\Users\komar\Documents\MCUXpressoIDE_10.0.2_411\project\freertos\Debug\libfreertos.a(queue.o)
 .debug_frame   0x00001bc4      0x674 C:\Users\komar\Documents\MCUXpressoIDE_10.0.2_411\project\freertos\Debug\libfreertos.a(tasks.o)
 .debug_frame   0x00002238       0xb0 C:\Users\komar\Documents\MCUXpressoIDE_10.0.2_411\project\freertos\Debug\libfreertos.a(FreeRTOSCommonHooks.o)
 .debug_frame   0x000022e8       0x58 C:\Users\komar\Documents\MCUXpressoIDE_10.0.2_411\project\freertos\Debug\libfreertos.a(heap_3.o)
 .debug_frame   0x00002340       0xd8 C:\Users\komar\Documents\MCUXpressoIDE_10.0.2_411\project\freertos\Debug\libfreertos.a(list.o)
 .debug_frame   0x00002418      0x174 C:\Users\komar\Documents\MCUXpressoIDE_10.0.2_411\project\freertos\Debug\libfreertos.a(port.o)
 .debug_frame   0x0000258c       0x2c c:/nxp/mcuxpressoide_10.0.2_411/ide/tools/bin/../lib/gcc/arm-none-eabi/5.4.1/armv7-m\libgcc.a(_aeabi_uldivmod.o)
 .debug_frame   0x000025b8       0x38 c:/nxp/mcuxpressoide_10.0.2_411/ide/tools/bin/../lib/gcc/arm-none-eabi/5.4.1/armv7-m\libgcc.a(_udivmoddi4.o)
 .debug_frame   0x000025f0       0x2c c:/nxp/mcuxpressoide_10.0.2_411/ide/tools/bin/../lib/gcc/arm-none-eabi/5.4.1/../../../../arm-none-eabi/lib/armv7-m\libc.a(lib_a-init.o)
 .debug_frame   0x0000261c       0x30 c:/nxp/mcuxpressoide_10.0.2_411/ide/tools/bin/../lib/gcc/arm-none-eabi/5.4.1/../../../../arm-none-eabi/lib/armv7-m\libc.a(lib_a-malloc.o)
 .debug_frame   0x0000264c       0x54 c:/nxp/mcuxpressoide_10.0.2_411/ide/tools/bin/../lib/gcc/arm-none-eabi/5.4.1/../../../../arm-none-eabi/lib/armv7-m\libc.a(lib_a-mallocr.o)
 .debug_frame   0x000026a0       0x38 c:/nxp/mcuxpressoide_10.0.2_411/ide/tools/bin/../lib/gcc/arm-none-eabi/5.4.1/../../../../arm-none-eabi/lib/armv7-m\libc.a(lib_a-memcmp.o)
 .debug_frame   0x000026d8       0x34 c:/nxp/mcuxpressoide_10.0.2_411/ide/tools/bin/../lib/gcc/arm-none-eabi/5.4.1/../../../../arm-none-eabi/lib/armv7-m\libc.a(lib_a-memset.o)
 .debug_frame   0x0000270c       0x30 c:/nxp/mcuxpressoide_10.0.2_411/ide/tools/bin/../lib/gcc/arm-none-eabi/5.4.1/../../../../arm-none-eabi/lib/armv7-m\libc.a(lib_a-mlock.o)