Archive member included to satisfy reference by file (symbol)

C:\Users\komar\Documents\MCUXpressoIDE_10.0.2_411\project\lpc_board_nxp_lpcxpresso_1549\Debug\liblpc_board_nxp_lpcxpresso_1549.a(board.o)
                              ./src/esp.o (Board_LED_Set)
C:\Users\komar\Documents\MCUXpressoIDE_10.0.2_411\project\lpc_board_nxp_lpcxpresso_1549\Debug\liblpc_board_nxp_lpcxpresso_1549.a(board_sysinit.o)
                              ./src/sysinit.o (Board_SystemInit)
C:\Users\komar\Documents\MCUXpressoIDE_10.0.2_411\project\lpc_chip_15xx\Debug\liblpc_chip_15xx.a(chip_15xx.o)
                              ./src/esp.o (SystemCoreClockUpdate)
C:\Users\komar\Documents\MCUXpressoIDE_10.0.2_411\project\lpc_chip_15xx\Debug\liblpc_chip_15xx.a(clock_15xx.o)
                              C:\Users\komar\Documents\MCUXpressoIDE_10.0.2_411\project\lpc_board_nxp_lpcxpresso_1549\Debug\liblpc_board_nxp_lpcxpresso_1549.a(board.o) (Chip_Clock_GetMainClockRate)
C:\Users\komar\Documents\MCUXpressoIDE_10.0.2_411\project\lpc_chip_15xx\Debug\liblpc_chip_15xx.a(gpio_15xx.o)
                              C:\Users\komar\Documents\MCUXpressoIDE_10.0.2_411\project\lpc_board_nxp_lpcxpresso_1549\Debug\liblpc_board_nxp_lpcxpresso_1549.a(board.o) (Chip_GPIO_Init)
C:\Users\komar\Documents\MCUXpressoIDE_10.0.2_411\project\lpc_chip_15xx\Debug\liblpc_chip_15xx.a(iocon_15xx.o)
                              C:\Users\komar\Documents\MCUXpressoIDE_10.0.2_411\project\lpc_board_nxp_lpcxpresso_1549\Debug\liblpc_board_nxp_lpcxpresso_1549.a(board_sysinit.o) (Chip_IOCON_SetPinMuxing)
C:\Users\komar\Documents\MCUXpressoIDE_10.0.2_411\project\lpc_chip_15xx\Debug\liblpc_chip_15xx.a(sct_15xx.o)
                              ./src/esp.o (Chip_SCT_Init)
C:\Users\komar\Documents\MCUXpressoIDE_10.0.2_411\project\lpc_chip_15xx\Debug\liblpc_chip_15xx.a(swm_15xx.o)
                              ./src/ITM_write.o (Chip_SWM_MovablePinAssign)
C:\Users\komar\Documents\MCUXpressoIDE_10.0.2_411\project\lpc_chip_15xx\Debug\liblpc_chip_15xx.a(sysctl_15xx.o)
                              C:\Users\komar\Documents\MCUXpressoIDE_10.0.2_411\project\lpc_board_nxp_lpcxpresso_1549\Debug\liblpc_board_nxp_lpcxpresso_1549.a(board_sysinit.o) (Chip_SYSCTL_AssertPeriphReset)
C:\Users\komar\Documents\MCUXpressoIDE_10.0.2_411\project\lpc_chip_15xx\Debug\liblpc_chip_15xx.a(sysinit_15xx.o)
                              C:\Users\komar\Documents\MCUXpressoIDE_10.0.2_411\project\lpc_board_nxp_lpcxpresso_1549\Debug\liblpc_board_nxp_lpcxpresso_1549.a(board_sysinit.o) (Chip_SetupXtalClocking)
C:\Users\komar\Documents\MCUXpressoIDE_10.0.2_411\project\lpc_chip_15xx\Debug\liblpc_chip_15xx.a(uart_15xx.o)
                              C:\Users\komar\Documents\MCUXpressoIDE_10.0.2_411\project\lpc_board_nxp_lpcxpresso_1549\Debug\liblpc_board_nxp_lpcxpresso_1549.a(board.o) (Chip_UART_Init)
C:\Users\komar\Documents\MCUXpressoIDE_10.0.2_411\project\lpc_chip_15xx\Debug\liblpc_chip_15xx.a(ring_buffer.o)
                              C:\Users\komar\Documents\MCUXpressoIDE_10.0.2_411\project\lpc_chip_15xx\Debug\liblpc_chip_15xx.a(uart_15xx.o) (RingBuffer_Insert)
C:\Users\komar\Documents\MCUXpressoIDE_10.0.2_411\project\freertos\Debug\libfreertos.a(queue.o)
                              ./src/cdc_main.o (xQueueGenericCreate)
C:\Users\komar\Documents\MCUXpressoIDE_10.0.2_411\project\freertos\Debug\libfreertos.a(tasks.o)
                              ./src/esp.o (xTaskGenericCreate)
C:\Users\komar\Documents\MCUXpressoIDE_10.0.2_411\project\freertos\Debug\libfreertos.a(FreeRTOSCommonHooks.o)
                              C:\Users\komar\Documents\MCUXpressoIDE_10.0.2_411\project\freertos\Debug\libfreertos.a(tasks.o) (vApplicationStackOverflowHook)
C:\Users\komar\Documents\MCUXpressoIDE_10.0.2_411\project\freertos\Debug\libfreertos.a(heap_3.o)
                              C:\Users\komar\Documents\MCUXpressoIDE_10.0.2_411\project\freertos\Debug\libfreertos.a(queue.o) (pvPortMalloc)
C:\Users\komar\Documents\MCUXpressoIDE_10.0.2_411\project\freertos\Debug\libfreertos.a(list.o)
                              C:\Users\komar\Documents\MCUXpressoIDE_10.0.2_411\project\freertos\Debug\libfreertos.a(queue.o) (vListInitialise)
C:\Users\komar\Documents\MCUXpressoIDE_10.0.2_411\project\freertos\Debug\libfreertos.a(port.o)
                              C:\Users\komar\Documents\MCUXpressoIDE_10.0.2_411\project\freertos\Debug\libfreertos.a(tasks.o) (pxPortInitialiseStack)
c:/nxp/mcuxpressoide_10.0.2_411/ide/tools/bin/../lib/gcc/arm-none-eabi/5.4.1/armv7-m\libgcc.a(_aeabi_uldivmod.o)
                              C:\Users\komar\Documents\MCUXpressoIDE_10.0.2_411\project\lpc_chip_15xx\Debug\liblpc_chip_15xx.a(clock_15xx.o) (__aeabi_uldivmod)
c:/nxp/mcuxpressoide_10.0.2_411/ide/tools/bin/../lib/gcc/arm-none-eabi/5.4.1/armv7-m\libgcc.a(_udivmoddi4.o)
                              c:/nxp/mcuxpressoide_10.0.2_411/ide/tools/bin/../lib/gcc/arm-none-eabi/5.4.1/armv7-m\libgcc.a(_aeabi_uldivmod.o) (__udivmoddi4)
[...]
Memory Configuration

Name             Origin             Length             Attributes
MFlash256        0x00000000         0x00040000         xr
Ram0_16          0x02000000         0x00004000         xrw
Ram1_16          0x02004000         0x00004000         xrw
Ram2_4           0x02008000         0x00001000         xrw
*default*        0x00000000         0xffffffff

Linker script and memory map

LOAD ./src/DigitalIoPin.o
LOAD ./src/Fmutex.o
LOAD ./src/GCodeInterpreter.o
LOAD ./src/ITM_write.o
LOAD ./src/UniversalClass.o
LOAD ./src/cdc_desc.o
LOAD ./src/cdc_main.o
LOAD ./src/cdc_vcom.o
LOAD ./src/cr_cpp_config.o
LOAD ./src/cr_startup_lpc15xx.o
LOAD ./src/crp.o
LOAD ./src/esp.o
LOAD ./src/sysinit.o
LOAD C:\Users\komar\Documents\MCUXpressoIDE_10.0.2_411\project\lpc_board_nxp_lpcxpresso_1549\Debug\liblpc_board_nxp_lpcxpresso_1549.a
LOAD C:\Users\komar\Documents\MCUXpressoIDE_10.0.2_411\project\lpc_chip_15xx\Debug\liblpc_chip_15xx.a
LOAD C:\Users\komar\Documents\MCUXpressoIDE_10.0.2_411\project\freertos\Debug\libfreertos.a
START GROUP
LOAD c:/nxp/mcuxpressoide_10.0.2_411/ide/tools/bin/../lib/gcc/arm-none-eabi/5.4.1/armv7-m\libgcc.a
LOAD c:/nxp/mcuxpressoide_10.0.2_411/ide/tools/bin/../lib/gcc/arm-none-eabi/5.4.1/../../../../arm-none-eabi/lib/armv7-m\libc.a
LOAD c:/nxp/mcuxpressoide_10.0.2_411/ide/tools/bin/../lib/gcc/arm-none-eabi/5.4.1/../../../../arm-none-eabi/lib/armv7-m\libstdc++.a
LOAD c:/nxp/mcuxpressoide_10.0.2_411/ide/tools/bin/../lib/gcc/arm-none-eabi/5.4.1/../../../../arm-none-eabi/lib/armv7-m\libm.a
LOAD c:/nxp/mcuxpressoide_10.0.2_411/ide/tools/bin/../lib/gcc/arm-none-eabi/5.4.1/../../../../arm-none-eabi/lib/armv7-m\libcr_newlib_nohost.a
LOAD c:/nxp/mcuxpressoide_10.0.2_411/ide/tools/bin/../lib/gcc/arm-none-eabi/5.4.1/armv7-m\crti.o
LOAD c:/nxp/mcuxpressoide_10.0.2_411/ide/tools/bin/../lib/gcc/arm-none-eabi/5.4.1/armv7-m\crtn.o
LOAD c:/nxp/mcuxpressoide_10.0.2_411/ide/tools/bin/../lib/gcc/arm-none-eabi/5.4.1/armv7-m\crtbegin.o
LOAD c:/nxp/mcuxpressoide_10.0.2_411/ide/tools/bin/../lib/gcc/arm-none-eabi/5.4.1/armv7-m\crtend.o
END GROUP
                0x00000000                __base_MFlash256 = 0x0
                0x00000000                __base_Flash = 0x0
                0x00040000                __top_MFlash256 = 0x40000
                0x00040000                __top_Flash = 0x40000
                0x02000000                __base_Ram0_16 = 0x2000000
                0x02000000                __base_RAM = 0x2000000
                0x02004000                __top_Ram0_16 = 0x2004000
                0x02004000                __top_RAM = 0x2004000
                0x02004000                __base_Ram1_16 = 0x2004000
                0x02004000                __base_RAM2 = 0x2004000
                0x02008000                __top_Ram1_16 = 0x2008000
                0x02008000                __top_RAM2 = 0x2008000
                0x02008000                __base_Ram2_4 = 0x2008000
                0x02008000                __base_RAM3 = 0x2008000
                0x02009000                __top_Ram2_4 = 0x2009000
                0x02009000                __top_RAM3 = 0x2009000

.text           0x00000000     0x30b0
 FILL mask 0xff
                0x00000000                __vectors_start__ = ABSOLUTE (.)
 *(.isr_vector)
 .isr_vector    0x00000000       0xfc ./src/cr_startup_lpc15xx.o
                0x00000000                g_pfnVectors
                0x000000fc                . = ALIGN (0x4)
                0x000000fc                __section_table_start = .
                0x000000fc                __data_section_table = .
                0x000000fc        0x4 LONG 0x30b8 LOADADDR (.data)
                0x00000100        0x4 LONG 0x2000000 ADDR (.data)
                0x00000104        0x4 LONG 0x844 SIZEOF (.data)
                0x00000108        0x4 LONG 0x30b8 LOADADDR (.data_RAM2)
                0x0000010c        0x4 LONG 0x2004000 ADDR (.data_RAM2)
                0x00000110        0x4 LONG 0x0 SIZEOF (.data_RAM2)
                0x00000114        0x4 LONG 0x30b8 LOADADDR (.data_RAM3)
                0x00000118        0x4 LONG 0x2008000 ADDR (.data_RAM3)
                0x0000011c        0x4 LONG 0x0 SIZEOF (.data_RAM3)
                0x00000120                __data_section_table_end = .
                0x00000120                __bss_section_table = .
                0x00000120        0x4 LONG 0x2000844 ADDR (.bss)
                0x00000124        0x4 LONG 0x1a4 SIZEOF (.bss)
                0x00000128        0x4 LONG 0x2004000 ADDR (.bss_RAM2)
                0x0000012c        0x4 LONG 0x0 SIZEOF (.bss_RAM2)
                0x00000130        0x4 LONG 0x2008000 ADDR (.bss_RAM3)
                0x00000134        0x4 LONG 0x0 SIZEOF (.bss_RAM3)
                0x00000138                __bss_section_table_end = .
                0x00000138                __section_table_end = .
 *(.after_vectors*)
 .after_vectors
                0x00000138      0x158 ./src/cr_startup_lpc15xx.o
                0x00000138                data_init(unsigned int, unsigned int, unsigned int)
                0x0000017c                bss_init(unsigned int, unsigned int)
                0x000001b4                ResetISR
                0x00000240                NMI_Handler
                0x00000248                HardFault_Handler
                0x00000250                MemManage_Handler
                0x00000258                BusFault_Handler
                0x00000260                UsageFault_Handler
                0x00000270                DebugMon_Handler
                0x00000288                UART1_IRQHandler
                0x00000288                RTC_WAKE_IRQHandler
                0x00000288                UART0_IRQHandler
                0x00000288                MRT_IRQHandler
                0x00000288                ADC1_THCMP_IRQHandler
                0x00000288                SPI1_IRQHandler
                0x00000288                PIN_INT6_IRQHandler
                0x00000288                IntDefaultHandler
                0x00000288                PIN_INT4_IRQHandler
                0x00000288                CAN_IRQHandler
                0x00000288                RTC_ALARM_IRQHandler
                0x00000288                ADC1B_IRQHandler
                0x00000288                ADC1_OVR_IRQHandler
                0x00000288                USBWakeup_IRQHandler
                0x00000288                ADC0_OVR_IRQHandler
                0x00000288                PIN_INT5_IRQHandler
                0x00000288                SCT1_IRQHandler
                0x00000288                PIN_INT2_IRQHandler
                0x00000288                USB_FIQHandler
                0x00000288                SCT3_IRQHandler
                0x00000288                PIN_INT7_IRQHandler
                0x00000288                I2C0_IRQHandler
                0x00000288                PIN_INT1_IRQHandler
                0x00000288                BOD_IRQHandler
                0x00000288                ADC0B_IRQHandler
                0x00000288                ACMP0_IRQHandler
                0x00000288                RIT_IRQHandler
                0x00000288                SCT2_IRQHandler
                0x00000288                WDT_IRQHandler
                0x00000288                PIN_INT0_IRQHandler
                0x00000288                QEI_IRQHandler
                0x00000288                ACMP3_IRQHandler
                0x00000288                GINT0_IRQHandler
                0x00000288                DAC_IRQHandler
                0x00000288                SPI0_IRQHandler
                0x00000288                EEPROM_IRQHandler
                0x00000288                ACMP2_IRQHandler
                0x00000288                UART2_IRQHandler
                0x00000288                ADC1A_IRQHandler
                0x00000288                DMA_IRQHandler
                0x00000288                PIN_INT3_IRQHandler
                0x00000288                ACMP1_IRQHandler
                0x00000288                SCT0_IRQHandler
                0x00000288                ADC0A_IRQHandler
                0x00000288                FMC_IRQHandler
                0x00000288                GINT1_IRQHandler
                0x00000288                ADC0_THCMP_IRQHandler
 *(.text*)
 .text._ZN16GCodeInterpreterC2EPv
                0x00000290       0x28 ./src/GCodeInterpreter.o
                0x00000290                GCodeInterpreter::GCodeInterpreter(void*)
                0x00000290                GCodeInterpreter::GCodeInterpreter(void*)
 .text._ZN16GCodeInterpreterD2Ev
                0x000002b8       0x28 ./src/GCodeInterpreter.o
                0x000002b8                GCodeInterpreter::~GCodeInterpreter()
                0x000002b8                GCodeInterpreter::~GCodeInterpreter()
 .text._ZN16GCodeInterpreterD0Ev
                0x000002e0       0x20 ./src/GCodeInterpreter.o
                0x000002e0                GCodeInterpreter::~GCodeInterpreter()
 .text._ZN16GCodeInterpreter4WorkEv
                0x00000300        0xc ./src/GCodeInterpreter.o
                0x00000300                GCodeInterpreter::Work()
 .text.USB_IRQHandler
                0x0000030c       0x50 ./src/cdc_main.o
                0x0000030c                USB_IRQHandler
 .text._Znwj    0x0000035c       0x18 ./src/cr_cpp_config.o
                0x0000035c                operator new(unsigned int)
 .text._ZdlPv   0x00000374       0x18 ./src/cr_cpp_config.o
                0x00000374                operator delete(void*)
 .text._ZL16prvSetupHardwarev
                0x0000038c       0x2c ./src/esp.o
 .text._ZL7DecoderPv
                0x000003b8       0x4c ./src/esp.o
 .text._ZL4CTRLPv
                0x00000404       0x14 ./src/esp.o
 .text.vConfigureTimerForRunTimeStats
                0x00000418       0x20 ./src/esp.o
                0x00000418                vConfigureTimerForRunTimeStats
 .text.main     0x00000438       0x64 ./src/esp.o
                0x00000438                main
 .text.SystemInit
                0x0000049c        0xc ./src/sysinit.o
                0x0000049c                SystemInit
 .text.Chip_IOCON_PinMuxSet
                0x000004a8       0x2c C:\Users\komar\Documents\MCUXpressoIDE_10.0.2_411\project\lpc_board_nxp_lpcxpresso_1549\Debug\liblpc_board_nxp_lpcxpresso_1549.a(board.o)
 .text.Chip_SWM_MovablePortPinAssign
                0x000004d4       0x30 C:\Users\komar\Documents\MCUXpressoIDE_10.0.2_411\project\lpc_board_nxp_lpcxpresso_1549\Debug\liblpc_board_nxp_lpcxpresso_1549.a(board.o)
 .text.Chip_GPIO_SetPinState
                0x00000504       0x38 C:\Users\komar\Documents\MCUXpressoIDE_10.0.2_411\project\lpc_board_nxp_lpcxpresso_1549\Debug\liblpc_board_nxp_lpcxpresso_1549.a(board.o)
 .text.Chip_GPIO_SetPinDIROutput
                0x0000053c       0x3c C:\Users\komar\Documents\MCUXpressoIDE_10.0.2_411\project\lpc_board_nxp_lpcxpresso_1549\Debug\liblpc_board_nxp_lpcxpresso_1549.a(board.o)
 .text.Chip_UART_Enable
                0x00000578       0x20 C:\Users\komar\Documents\MCUXpressoIDE_10.0.2_411\project\lpc_board_nxp_lpcxpresso_1549\Debug\liblpc_board_nxp_lpcxpresso_1549.a(board.o)
 .text.Chip_UART_TXEnable
                0x00000598       0x20 C:\Users\komar\Documents\MCUXpressoIDE_10.0.2_411\project\lpc_board_nxp_lpcxpresso_1549\Debug\liblpc_board_nxp_lpcxpresso_1549.a(board.o)
 .text.Chip_UART_ConfigData
                0x000005b8       0x28 C:\Users\komar\Documents\MCUXpressoIDE_10.0.2_411\project\lpc_board_nxp_lpcxpresso_1549\Debug\liblpc_board_nxp_lpcxpresso_1549.a(board.o)
 .text.Board_Debug_Init
                0x000005e0       0x70 C:\Users\komar\Documents\MCUXpressoIDE_10.0.2_411\project\lpc_board_nxp_lpcxpresso_1549\Debug\liblpc_board_nxp_lpcxpresso_1549.a(board.o)
                0x000005e0                Board_Debug_Init
 .text.Board_LED_Init
                0x00000650       0x5c C:\Users\komar\Documents\MCUXpressoIDE_10.0.2_411\project\lpc_board_nxp_lpcxpresso_1549\Debug\liblpc_board_nxp_lpcxpresso_1549.a(board.o)
 .text.Board_LED_Set
                0x000006ac       0x54 C:\Users\komar\Documents\MCUXpressoIDE_10.0.2_411\project\lpc_board_nxp_lpcxpresso_1549\Debug\liblpc_board_nxp_lpcxpresso_1549.a(board.o)
                0x000006ac                Board_LED_Set
 .text.Board_Init
                0x00000700       0x18 C:\Users\komar\Documents\MCUXpressoIDE_10.0.2_411\project\lpc_board_nxp_lpcxpresso_1549\Debug\liblpc_board_nxp_lpcxpresso_1549.a(board.o)
                0x00000700                Board_Init
 .text.Chip_SYSCTL_PeriphReset
                0x00000718       0x24 C:\Users\komar\Documents\MCUXpressoIDE_10.0.2_411\project\lpc_board_nxp_lpcxpresso_1549\Debug\liblpc_board_nxp_lpcxpresso_1549.a(board_sysinit.o)
 .text.Chip_Clock_SetUSBPLLSource
                0x0000073c       0x20 C:\Users\komar\Documents\MCUXpressoIDE_10.0.2_411\project\lpc_board_nxp_lpcxpresso_1549\Debug\liblpc_board_nxp_lpcxpresso_1549.a(board_sysinit.o)
 .text.Chip_Clock_SetupUSBPLL
                0x0000075c       0x34 C:\Users\komar\Documents\MCUXpressoIDE_10.0.2_411\project\lpc_board_nxp_lpcxpresso_1549\Debug\liblpc_board_nxp_lpcxpresso_1549.a(board_sysinit.o)
 .text.Chip_Clock_IsUSBPLLLocked
                0x00000790       0x24 C:\Users\komar\Documents\MCUXpressoIDE_10.0.2_411\project\lpc_board_nxp_lpcxpresso_1549\Debug\liblpc_board_nxp_lpcxpresso_1549.a(board_sysinit.o)
 .text.Chip_Clock_SetSysTickClockDiv
                0x000007b4       0x20 C:\Users\komar\Documents\MCUXpressoIDE_10.0.2_411\project\lpc_board_nxp_lpcxpresso_1549\Debug\liblpc_board_nxp_lpcxpresso_1549.a(board_sysinit.o)
 .text.Chip_SWM_MovablePortPinAssign
                0x000007d4       0x30 C:\Users\komar\Documents\MCUXpressoIDE_10.0.2_411\project\lpc_board_nxp_lpcxpresso_1549\Debug\liblpc_board_nxp_lpcxpresso_1549.a(board_sysinit.o)
 .text.Board_SetupMuxing
                0x00000804       0x80 C:\Users\komar\Documents\MCUXpressoIDE_10.0.2_411\project\lpc_board_nxp_lpcxpresso_1549\Debug\liblpc_board_nxp_lpcxpresso_1549.a(board_sysinit.o)
                0x00000804                Board_SetupMuxing
 .text.Board_SetupClocking
                0x00000884       0x3c C:\Users\komar\Documents\MCUXpressoIDE_10.0.2_411\project\lpc_board_nxp_lpcxpresso_1549\Debug\liblpc_board_nxp_lpcxpresso_1549.a(board_sysinit.o)
                0x00000884                Board_SetupClocking
 .text.Board_SystemInit
                0x000008c0       0x1c C:\Users\komar\Documents\MCUXpressoIDE_10.0.2_411\project\lpc_board_nxp_lpcxpresso_1549\Debug\liblpc_board_nxp_lpcxpresso_1549.a(board_sysinit.o)
                0x000008c0                Board_SystemInit
 .text.SystemCoreClockUpdate
                0x000008dc       0x18 C:\Users\komar\Documents\MCUXpressoIDE_10.0.2_411\project\lpc_chip_15xx\Debug\liblpc_chip_15xx.a(chip_15xx.o)
                0x000008dc                SystemCoreClockUpdate
 .text.Chip_Clock_SetMain_A_ClockSource
                0x000008f4       0x20 C:\Users\komar\Documents\MCUXpressoIDE_10.0.2_411\project\lpc_chip_15xx\Debug\liblpc_chip_15xx.a(clock_15xx.o)
 .text.Chip_Clock_GetMain_A_ClockSource
                0x00000914       0x18 C:\Users\komar\Documents\MCUXpressoIDE_10.0.2_411\project\lpc_chip_15xx\Debug\liblpc_chip_15xx.a(clock_15xx.o)
 .text.Chip_Clock_SetMain_B_ClockSource
                0x0000092c       0x20 C:\Users\komar\Documents\MCUXpressoIDE_10.0.2_411\project\lpc_chip_15xx\Debug\liblpc_chip_15xx.a(clock_15xx.o)
 .text.Chip_Clock_GetMain_B_ClockSource
                0x0000094c       0x18 C:\Users\komar\Documents\MCUXpressoIDE_10.0.2_411\project\lpc_chip_15xx\Debug\liblpc_chip_15xx.a(clock_15xx.o)
 .text.Chip_Clock_SetUARTFRGDivider
                0x00000964       0x20 C:\Users\komar\Documents\MCUXpressoIDE_10.0.2_411\project\lpc_chip_15xx\Debug\liblpc_chip_15xx.a(clock_15xx.o)
 .text.Chip_Clock_GetUARTFRGDivider
                0x00000984       0x18 C:\Users\komar\Documents\MCUXpressoIDE_10.0.2_411\project\lpc_chip_15xx\Debug\liblpc_chip_15xx.a(clock_15xx.o)
 .text.Chip_Clock_GetMainOscRate
                0x0000099c       0x14 C:\Users\komar\Documents\MCUXpressoIDE_10.0.2_411\project\lpc_chip_15xx\Debug\liblpc_chip_15xx.a(clock_15xx.o)
 .text.Chip_Clock_GetIntOscRate
                0x000009b0       0x14 C:\Users\komar\Documents\MCUXpressoIDE_10.0.2_411\project\lpc_chip_15xx\Debug\liblpc_chip_15xx.a(clock_15xx.o)
 .text.Chip_Clock_GetRTCOscRate
                0x000009c4       0x14 C:\Users\komar\Documents\MCUXpressoIDE_10.0.2_411\project\lpc_chip_15xx\Debug\liblpc_chip_15xx.a(clock_15xx.o)
 .text.Chip_Clock_GetWDTOSCRate
                0x000009d8       0x14 C:\Users\komar\Documents\MCUXpressoIDE_10.0.2_411\project\lpc_chip_15xx\Debug\liblpc_chip_15xx.a(clock_15xx.o)
 .text.Chip_Clock_GetPLLFreq
                0x000009ec       0x28 C:\Users\komar\Documents\MCUXpressoIDE_10.0.2_411\project\lpc_chip_15xx\Debug\liblpc_chip_15xx.a(clock_15xx.o)
 .text.Chip_Clock_GetPLLInClockRate
                0x00000a14       0x38 C:\Users\komar\Documents\MCUXpressoIDE_10.0.2_411\project\lpc_chip_15xx\Debug\liblpc_chip_15xx.a(clock_15xx.o)
 .text.Chip_Clock_GetSystemPLLInClockRate
                0x00000a4c       0x1c C:\Users\komar\Documents\MCUXpressoIDE_10.0.2_411\project\lpc_chip_15xx\Debug\liblpc_chip_15xx.a(clock_15xx.o)
                0x00000a4c                Chip_Clock_GetSystemPLLInClockRate
 .text.Chip_Clock_GetSystemPLLOutClockRate
                0x00000a68       0x24 C:\Users\komar\Documents\MCUXpressoIDE_10.0.2_411\project\lpc_chip_15xx\Debug\liblpc_chip_15xx.a(clock_15xx.o)
                0x00000a68                Chip_Clock_GetSystemPLLOutClockRate
 .text.Chip_Clock_GetMain_A_ClockRate
                0x00000a8c       0x44 C:\Users\komar\Documents\MCUXpressoIDE_10.0.2_411\project\lpc_chip_15xx\Debug\liblpc_chip_15xx.a(clock_15xx.o)
                0x00000a8c                Chip_Clock_GetMain_A_ClockRate
 .text.Chip_Clock_GetMain_B_ClockRate
                0x00000ad0       0x58 C:\Users\komar\Documents\MCUXpressoIDE_10.0.2_411\project\lpc_chip_15xx\Debug\liblpc_chip_15xx.a(clock_15xx.o)
                0x00000ad0                Chip_Clock_GetMain_B_ClockRate
 .text.Chip_Clock_SetMainClockSource
                0x00000b28       0x3c C:\Users\komar\Documents\MCUXpressoIDE_10.0.2_411\project\lpc_chip_15xx\Debug\liblpc_chip_15xx.a(clock_15xx.o)
                0x00000b28                Chip_Clock_SetMainClockSource
 .text.Chip_Clock_GetMainClockRate
                0x00000b64       0x28 C:\Users\komar\Documents\MCUXpressoIDE_10.0.2_411\project\lpc_chip_15xx\Debug\liblpc_chip_15xx.a(clock_15xx.o)
                0x00000b64                Chip_Clock_GetMainClockRate
 .text.Chip_Clock_EnablePeriphClock
                0x00000b8c       0x54 C:\Users\komar\Documents\MCUXpressoIDE_10.0.2_411\project\lpc_chip_15xx\Debug\liblpc_chip_15xx.a(clock_15xx.o)
                0x00000b8c                Chip_Clock_EnablePeriphClock
 .text.Chip_Clock_GetUARTBaseClockRate
                0x00000be0       0x88 C:\Users\komar\Documents\MCUXpressoIDE_10.0.2_411\project\lpc_chip_15xx\Debug\liblpc_chip_15xx.a(clock_15xx.o)
                0x00000be0                Chip_Clock_GetUARTBaseClockRate
 .text.Chip_Clock_SetUARTBaseClockRate
                0x00000c68       0xa0 C:\Users\komar\Documents\MCUXpressoIDE_10.0.2_411\project\lpc_chip_15xx\Debug\liblpc_chip_15xx.a(clock_15xx.o)
                0x00000c68                Chip_Clock_SetUARTBaseClockRate
 .text.Chip_Clock_GetSystemClockRate
                0x00000d08       0x1c C:\Users\komar\Documents\MCUXpressoIDE_10.0.2_411\project\lpc_chip_15xx\Debug\liblpc_chip_15xx.a(clock_15xx.o)
                0x00000d08                Chip_Clock_GetSystemClockRate
 .text.Chip_SYSCTL_PeriphReset
                0x00000d24       0x24 C:\Users\komar\Documents\MCUXpressoIDE_10.0.2_411\project\lpc_chip_15xx\Debug\liblpc_chip_15xx.a(gpio_15xx.o)
 .text.Chip_GPIO_Init
                0x00000d48       0x30 C:\Users\komar\Documents\MCUXpressoIDE_10.0.2_411\project\lpc_chip_15xx\Debug\liblpc_chip_15xx.a(gpio_15xx.o)
                0x00000d48                Chip_GPIO_Init
 .text.Chip_IOCON_PinMuxSet
                0x00000d78       0x2c C:\Users\komar\Documents\MCUXpressoIDE_10.0.2_411\project\lpc_chip_15xx\Debug\liblpc_chip_15xx.a(iocon_15xx.o)
 .text.Chip_IOCON_SetPinMuxing
                0x00000da4       0x50 C:\Users\komar\Documents\MCUXpressoIDE_10.0.2_411\project\lpc_chip_15xx\Debug\liblpc_chip_15xx.a(iocon_15xx.o)
                0x00000da4                Chip_IOCON_SetPinMuxing
 .text.Chip_SYSCTL_PeriphReset
                0x00000df4       0x24 C:\Users\komar\Documents\MCUXpressoIDE_10.0.2_411\project\lpc_chip_15xx\Debug\liblpc_chip_15xx.a(sct_15xx.o)
 .text.Chip_SCT_Init
                0x00000e18       0x3c C:\Users\komar\Documents\MCUXpressoIDE_10.0.2_411\project\lpc_chip_15xx\Debug\liblpc_chip_15xx.a(sct_15xx.o)
                0x00000e18                Chip_SCT_Init
 .text.Chip_SWM_MovablePinAssign
                0x00000e54       0x5c C:\Users\komar\Documents\MCUXpressoIDE_10.0.2_411\project\lpc_chip_15xx\Debug\liblpc_chip_15xx.a(swm_15xx.o)
                0x00000e54                Chip_SWM_MovablePinAssign
 .text.Chip_SYSCTL_AssertPeriphReset
                0x00000eb0       0x48 C:\Users\komar\Documents\MCUXpressoIDE_10.0.2_411\project\lpc_chip_15xx\Debug\liblpc_chip_15xx.a(sysctl_15xx.o)
                0x00000eb0                Chip_SYSCTL_AssertPeriphReset
 .text.Chip_SYSCTL_DeassertPeriphReset
                0x00000ef8       0x4c C:\Users\komar\Documents\MCUXpressoIDE_10.0.2_411\project\lpc_chip_15xx\Debug\liblpc_chip_15xx.a(sysctl_15xx.o)
                0x00000ef8                Chip_SYSCTL_DeassertPeriphReset
 .text.Chip_SYSCTL_PowerDown
                0x00000f44       0x40 C:\Users\komar\Documents\MCUXpressoIDE_10.0.2_411\project\lpc_chip_15xx\Debug\liblpc_chip_15xx.a(sysctl_15xx.o)
                0x00000f44                Chip_SYSCTL_PowerDown
 .text.Chip_SYSCTL_PowerUp
                0x00000f84       0x40 C:\Users\komar\Documents\MCUXpressoIDE_10.0.2_411\project\lpc_chip_15xx\Debug\liblpc_chip_15xx.a(sysctl_15xx.o)
                0x00000f84                Chip_SYSCTL_PowerUp
 .text.Chip_FMC_SetFLASHAccess
                0x00000fc4       0x38 C:\Users\komar\Documents\MCUXpressoIDE_10.0.2_411\project\lpc_chip_15xx\Debug\liblpc_chip_15xx.a(sysinit_15xx.o)
 .text.Chip_Clock_SetSystemPLLSource
                0x00000ffc       0x20 C:\Users\komar\Documents\MCUXpressoIDE_10.0.2_411\project\lpc_chip_15xx\Debug\liblpc_chip_15xx.a(sysinit_15xx.o)
 .text.Chip_Clock_SetupSystemPLL
                0x0000101c       0x34 C:\Users\komar\Documents\MCUXpressoIDE_10.0.2_411\project\lpc_chip_15xx\Debug\liblpc_chip_15xx.a(sysinit_15xx.o)
 .text.Chip_Clock_IsSystemPLLLocked
                0x00001050       0x24 C:\Users\komar\Documents\MCUXpressoIDE_10.0.2_411\project\lpc_chip_15xx\Debug\liblpc_chip_15xx.a(sysinit_15xx.o)
 .text.Chip_Clock_SetSysClockDiv
                0x00001074       0x20 C:\Users\komar\Documents\MCUXpressoIDE_10.0.2_411\project\lpc_chip_15xx\Debug\liblpc_chip_15xx.a(sysinit_15xx.o)
 .text.Chip_SetupXtalClocking
                0x00001094       0x6c C:\Users\komar\Documents\MCUXpressoIDE_10.0.2_411\project\lpc_chip_15xx\Debug\liblpc_chip_15xx.a(sysinit_15xx.o)
                0x00001094                Chip_SetupXtalClocking
 .text.Chip_SYSCTL_PeriphReset
                0x00001100       0x24 C:\Users\komar\Documents\MCUXpressoIDE_10.0.2_411\project\lpc_chip_15xx\Debug\liblpc_chip_15xx.a(uart_15xx.o)
 .text.getUARTClockID
                0x00001124       0x34 C:\Users\komar\Documents\MCUXpressoIDE_10.0.2_411\project\lpc_chip_15xx\Debug\liblpc_chip_15xx.a(uart_15xx.o)
 .text.Chip_UART_Init
                0x00001158       0x4c C:\Users\komar\Documents\MCUXpressoIDE_10.0.2_411\project\lpc_chip_15xx\Debug\liblpc_chip_15xx.a(uart_15xx.o)
                0x00001158                Chip_UART_Init
 .text.Chip_UART_SetBaud
                0x000011a4       0x2c C:\Users\komar\Documents\MCUXpressoIDE_10.0.2_411\project\lpc_chip_15xx\Debug\liblpc_chip_15xx.a(uart_15xx.o)
                0x000011a4                Chip_UART_SetBaud
 .text.xQueueGenericReset
                0x000011d0       0xa4 C:\Users\komar\Documents\MCUXpressoIDE_10.0.2_411\project\freertos\Debug\libfreertos.a(queue.o)
                0x000011d0                xQueueGenericReset
 .text.xQueueGenericCreate
                0x00001274       0x78 C:\Users\komar\Documents\MCUXpressoIDE_10.0.2_411\project\freertos\Debug\libfreertos.a(queue.o)
                0x00001274                xQueueGenericCreate
 .text.xQueueGenericSendFromISR
                0x000012ec       0x88 C:\Users\komar\Documents\MCUXpressoIDE_10.0.2_411\project\freertos\Debug\libfreertos.a(queue.o)
                0x000012ec                xQueueGenericSendFromISR
 .text.prvCopyDataToQueue
                0x00001374       0xd0 C:\Users\komar\Documents\MCUXpressoIDE_10.0.2_411\project\freertos\Debug\libfreertos.a(queue.o)
 .text.xTaskGenericCreate
                0x00001444      0x144 C:\Users\komar\Documents\MCUXpressoIDE_10.0.2_411\project\freertos\Debug\libfreertos.a(tasks.o)
                0x00001444                xTaskGenericCreate
 .text.vTaskStartScheduler
                0x00001588       0x6c C:\Users\komar\Documents\MCUXpressoIDE_10.0.2_411\project\freertos\Debug\libfreertos.a(tasks.o)
                0x00001588                vTaskStartScheduler
 .text.vTaskSuspendAll
                0x000015f4       0x1c C:\Users\komar\Documents\MCUXpressoIDE_10.0.2_411\project\freertos\Debug\libfreertos.a(tasks.o)
                0x000015f4                vTaskSuspendAll
 .text.xTaskResumeAll
                0x00001610       0xfc C:\Users\komar\Documents\MCUXpressoIDE_10.0.2_411\project\freertos\Debug\libfreertos.a(tasks.o)
                0x00001610                xTaskResumeAll
 .text.xTaskIncrementTick
                0x0000170c      0x15c C:\Users\komar\Documents\MCUXpressoIDE_10.0.2_411\project\freertos\Debug\libfreertos.a(tasks.o)
                0x0000170c                xTaskIncrementTick
 .text.vTaskSwitchContext
                0x00001868       0xf4 C:\Users\komar\Documents\MCUXpressoIDE_10.0.2_411\project\freertos\Debug\libfreertos.a(tasks.o)
                0x00001868                vTaskSwitchContext
 .text.xTaskRemoveFromEventList
                0x0000195c       0xac C:\Users\komar\Documents\MCUXpressoIDE_10.0.2_411\project\freertos\Debug\libfreertos.a(tasks.o)
                0x0000195c                xTaskRemoveFromEventList
 .text.prvIdleTask
                0x00001a08       0x20 C:\Users\komar\Documents\MCUXpressoIDE_10.0.2_411\project\freertos\Debug\libfreertos.a(tasks.o)
 .text.prvInitialiseTCBVariables
                0x00001a28      0x118 C:\Users\komar\Documents\MCUXpressoIDE_10.0.2_411\project\freertos\Debug\libfreertos.a(tasks.o)
 .text.prvInitialiseTaskLists
                0x00001b40       0x80 C:\Users\komar\Documents\MCUXpressoIDE_10.0.2_411\project\freertos\Debug\libfreertos.a(tasks.o)
 .text.prvCheckTasksWaitingTermination
                0x00001bc0       0x78 C:\Users\komar\Documents\MCUXpressoIDE_10.0.2_411\project\freertos\Debug\libfreertos.a(tasks.o)
 .text.prvAllocateTCBAndStack
                0x00001c38       0x64 C:\Users\komar\Documents\MCUXpressoIDE_10.0.2_411\project\freertos\Debug\libfreertos.a(tasks.o)
 .text.prvDeleteTCB
                0x00001c9c       0x2c C:\Users\komar\Documents\MCUXpressoIDE_10.0.2_411\project\freertos\Debug\libfreertos.a(tasks.o)
 .text.prvResetNextTaskUnblockTime
                0x00001cc8       0x48 C:\Users\komar\Documents\MCUXpressoIDE_10.0.2_411\project\freertos\Debug\libfreertos.a(tasks.o)
 .text.vTaskPriorityDisinherit
                0x00001d10       0x84 C:\Users\komar\Documents\MCUXpressoIDE_10.0.2_411\project\freertos\Debug\libfreertos.a(tasks.o)
                0x00001d10                vTaskPriorityDisinherit
 .text.vApplicationStackOverflowHook
                0x00001d94       0x14 C:\Users\komar\Documents\MCUXpressoIDE_10.0.2_411\project\freertos\Debug\libfreertos.a(FreeRTOSCommonHooks.o)
                0x00001d94                vApplicationStackOverflowHook
 .text.pvPortMalloc
                0x00001da8       0x24 C:\Users\komar\Documents\MCUXpressoIDE_10.0.2_411\project\freertos\Debug\libfreertos.a(heap_3.o)
                0x00001da8                pvPortMalloc
 .text.vPortFree
                0x00001dcc       0x24 C:\Users\komar\Documents\MCUXpressoIDE_10.0.2_411\project\freertos\Debug\libfreertos.a(heap_3.o)
                0x00001dcc                vPortFree
 .text.vListInitialise
                0x00001df0       0x40 C:\Users\komar\Documents\MCUXpressoIDE_10.0.2_411\project\freertos\Debug\libfreertos.a(list.o)
                0x00001df0                vListInitialise
 .text.vListInitialiseItem
                0x00001e30       0x18 C:\Users\komar\Documents\MCUXpressoIDE_10.0.2_411\project\freertos\Debug\libfreertos.a(list.o)
                0x00001e30                vListInitialiseItem
 .text.vListInsertEnd
                0x00001e48       0x48 C:\Users\komar\Documents\MCUXpressoIDE_10.0.2_411\project\freertos\Debug\libfreertos.a(list.o)
                0x00001e48                vListInsertEnd
 .text.uxListRemove
                0x00001e90       0x54 C:\Users\komar\Documents\MCUXpressoIDE_10.0.2_411\project\freertos\Debug\libfreertos.a(list.o)
                0x00001e90                uxListRemove
 .text.pxPortInitialiseStack
                0x00001ee4       0x54 C:\Users\komar\Documents\MCUXpressoIDE_10.0.2_411\project\freertos\Debug\libfreertos.a(port.o)
                0x00001ee4                pxPortInitialiseStack
 .text.prvTaskExitError
                0x00001f38        0xc C:\Users\komar\Documents\MCUXpressoIDE_10.0.2_411\project\freertos\Debug\libfreertos.a(port.o)
 .text.SVC_Handler
                0x00001f44       0x28 C:\Users\komar\Documents\MCUXpressoIDE_10.0.2_411\project\freertos\Debug\libfreertos.a(port.o)
                0x00001f44                SVC_Handler
 .text.prvPortStartFirstTask
                0x00001f6c       0x20 C:\Users\komar\Documents\MCUXpressoIDE_10.0.2_411\project\freertos\Debug\libfreertos.a(port.o)
 .text.xPortStartScheduler
                0x00001f8c       0x3c C:\Users\komar\Documents\MCUXpressoIDE_10.0.2_411\project\freertos\Debug\libfreertos.a(port.o)
                0x00001f8c                xPortStartScheduler
 .text.vPortYield
                0x00001fc8       0x20 C:\Users\komar\Documents\MCUXpressoIDE_10.0.2_411\project\freertos\Debug\libfreertos.a(port.o)
                0x00001fc8                vPortYield
 .text.vPortEnterCritical
                0x00001fe8       0x24 C:\Users\komar\Documents\MCUXpressoIDE_10.0.2_411\project\freertos\Debug\libfreertos.a(port.o)
                0x00001fe8                vPortEnterCritical
 .text.vPortExitCritical
                0x0000200c       0x24 C:\Users\komar\Documents\MCUXpressoIDE_10.0.2_411\project\freertos\Debug\libfreertos.a(port.o)
                0x0000200c                vPortExitCritical
 .text.ulPortSetInterruptMask
                0x00002030       0x14 C:\Users\komar\Documents\MCUXpressoIDE_10.0.2_411\project\freertos\Debug\libfreertos.a(port.o)
                0x00002030                ulPortSetInterruptMask
 .text.vPortClearInterruptMask
                0x00002044        0x8 C:\Users\komar\Documents\MCUXpressoIDE_10.0.2_411\project\freertos\Debug\libfreertos.a(port.o)
                0x00002044                vPortClearInterruptMask
 .text.PendSV_Handler
                0x0000204c       0x48 C:\Users\komar\Documents\MCUXpressoIDE_10.0.2_411\project\freertos\Debug\libfreertos.a(port.o)
                0x0000204c                PendSV_Handler
 .text.SysTick_Handler
                0x00002094       0x28 C:\Users\komar\Documents\MCUXpressoIDE_10.0.2_411\project\freertos\Debug\libfreertos.a(port.o)
                0x00002094                SysTick_Handler
 .text.vPortSetupTimerInterrupt
                0x000020bc       0x34 C:\Users\komar\Documents\MCUXpressoIDE_10.0.2_411\project\freertos\Debug\libfreertos.a(port.o)
                0x000020bc                vPortSetupTimerInterrupt
 .text          0x000020f0       0x30 c:/nxp/mcuxpressoide_10.0.2_411/ide/tools/bin/../lib/gcc/arm-none-eabi/5.4.1/armv7-m\libgcc.a(_aeabi_uldivmod.o)
                0x000020f0                __aeabi_uldivmod
 .text          0x00002120      0x2ec c:/nxp/mcuxpressoide_10.0.2_411/ide/tools/bin/../lib/gcc/arm-none-eabi/5.4.1/armv7-m\libgcc.a(_udivmoddi4.o)
                0x00002120                __udivmoddi4
 .text          0x0000240c        0x4 c:/nxp/mcuxpressoide_10.0.2_411/ide/tools/bin/../lib/gcc/arm-none-eabi/5.4.1/armv7-m\libgcc.a(_dvmd_tls.o)
                0x0000240c                __aeabi_idiv0
                0x0000240c                __aeabi_ldiv0
 .text.__libc_init_array
                0x00002410       0x50 c:/nxp/mcuxpressoide_10.0.2_411/ide/tools/bin/../lib/gcc/arm-none-eabi/5.4.1/../../../../arm-none-eabi/lib/armv7-m\libc.a(lib_a-init.o)
                0x00002410                __libc_init_array
 .text.malloc   0x00002460       0x10 c:/nxp/mcuxpressoide_10.0.2_411/ide/tools/bin/../lib/gcc/arm-none-eabi/5.4.1/../../../../arm-none-eabi/lib/armv7-m\libc.a(lib_a-malloc.o)
                0x00002460                malloc
 .text.free     0x00002470       0x10 c:/nxp/mcuxpressoide_10.0.2_411/ide/tools/bin/../lib/gcc/arm-none-eabi/5.4.1/../../../../arm-none-eabi/lib/armv7-m\libc.a(lib_a-malloc.o)
                0x00002470                free
 .text._malloc_r
                0x00002480      0x558 c:/nxp/mcuxpressoide_10.0.2_411/ide/tools/bin/../lib/gcc/arm-none-eabi/5.4.1/../../../../arm-none-eabi/lib/armv7-m\libc.a(lib_a-mallocr.o)
                0x00002480                _malloc_r
 .text.memcmp   0x000029d8       0x64 c:/nxp/mcuxpressoide_10.0.2_411/ide/tools/bin/../lib/gcc/arm-none-eabi/5.4.1/../../../../arm-none-eabi/lib/armv7-m\libc.a(lib_a-memcmp.o)
                0x000029d8                memcmp
 .text          0x00002a3c       0xec c:/nxp/mcuxpressoide_10.0.2_411/ide/tools/bin/../lib/gcc/arm-none-eabi/5.4.1/../../../../arm-none-eabi/lib/armv7-m\libc.a(lib_a-memcpy.o)
                0x00002a3c                memcpy
 .text.memset   0x00002b28       0x9c c:/nxp/mcuxpressoide_10.0.2_411/ide/tools/bin/../lib/gcc/arm-none-eabi/5.4.1/../../../../arm-none-eabi/lib/armv7-m\libc.a(lib_a-memset.o)
                0x00002b28                memset
 .text.__malloc_lock
                0x00002bc4        0x4 c:/nxp/mcuxpressoide_10.0.2_411/ide/tools/bin/../lib/gcc/arm-none-eabi/5.4.1/../../../../arm-none-eabi/lib/armv7-m\libc.a(lib_a-mlock.o)
                0x00002bc4                __malloc_lock
 .text.__malloc_unlock
                0x00002bc8        0x4 c:/nxp/mcuxpressoide_10.0.2_411/ide/tools/bin/../lib/gcc/arm-none-eabi/5.4.1/../../../../arm-none-eabi/lib/armv7-m\libc.a(lib_a-mlock.o)
                0x00002bc8                __malloc_unlock
 .text.cleanup_glue
                0x00002bcc       0x1c c:/nxp/mcuxpressoide_10.0.2_411/ide/tools/bin/../lib/gcc/arm-none-eabi/5.4.1/../../../../arm-none-eabi/lib/armv7-m\libc.a(lib_a-reent.o)
                0x00002bcc                cleanup_glue
 .text._reclaim_reent
                0x00002be8       0x88 c:/nxp/mcuxpressoide_10.0.2_411/ide/tools/bin/../lib/gcc/arm-none-eabi/5.4.1/../../../../arm-none-eabi/lib/armv7-m\libc.a(lib_a-reent.o)
                0x00002be8                _reclaim_reent
 .text._sbrk_r  0x00002c70       0x24 c:/nxp/mcuxpressoide_10.0.2_411/ide/tools/bin/../lib/gcc/arm-none-eabi/5.4.1/../../../../arm-none-eabi/lib/armv7-m\libc.a(lib_a-sbrkr.o)
                0x00002c70                _sbrk_r
 .text._malloc_trim_r
                0x00002c94       0x9c c:/nxp/mcuxpressoide_10.0.2_411/ide/tools/bin/../lib/gcc/arm-none-eabi/5.4.1/../../../../arm-none-eabi/lib/armv7-m\libc.a(lib_a-freer.o)
                0x00002c94                _malloc_trim_r
 .text._free_r  0x00002d30      0x1d0 c:/nxp/mcuxpressoide_10.0.2_411/ide/tools/bin/../lib/gcc/arm-none-eabi/5.4.1/../../../../arm-none-eabi/lib/armv7-m\libc.a(lib_a-freer.o)
                0x00002d30                _free_r
 .text._sbrk    0x00002f00       0x3c c:/nxp/mcuxpressoide_10.0.2_411/ide/tools/bin/../lib/gcc/arm-none-eabi/5.4.1/../../../../arm-none-eabi/lib/armv7-m\libcr_newlib_nohost.a(_cr_sbrk.o)
                0x00002f00                _sbrk
 .text.__check_heap_overflow
                0x00002f3c       0x18 c:/nxp/mcuxpressoide_10.0.2_411/ide/tools/bin/../lib/gcc/arm-none-eabi/5.4.1/../../../../arm-none-eabi/lib/armv7-m\libcr_newlib_nohost.a(_cr_check_heap.o)
                0x00002f3c                __check_heap_overflow
 .text          0x00002f54       0x5c c:/nxp/mcuxpressoide_10.0.2_411/ide/tools/bin/../lib/gcc/arm-none-eabi/5.4.1/armv7-m\crtbegin.o
 .text.__errno  0x00002fb0        0xc c:/nxp/mcuxpressoide_10.0.2_411/ide/tools/bin/../lib/gcc/arm-none-eabi/5.4.1/../../../../arm-none-eabi/lib/armv7-m\libc.a(lib_a-errno.o)
                0x00002fb0                __errno
 *(.rodata .rodata.* .constdata .constdata.*)
 .rodata._ZTV16GCodeInterpreter
                0x00002fbc       0x10 ./src/GCodeInterpreter.o
                0x00002fbc                vtable for GCodeInterpreter
 .rodata        0x00002fcc        0xd ./src/esp.o
 *fill*         0x00002fd9        0x3 ff
 .rodata.OscRateIn
                0x00002fdc        0x4 C:\Users\komar\Documents\MCUXpressoIDE_10.0.2_411\project\lpc_board_nxp_lpcxpresso_1549\Debug\liblpc_board_nxp_lpcxpresso_1549.a(board.o)
                0x00002fdc                OscRateIn
 .rodata.RTCOscRateIn
                0x00002fe0        0x4 C:\Users\komar\Documents\MCUXpressoIDE_10.0.2_411\project\lpc_board_nxp_lpcxpresso_1549\Debug\liblpc_board_nxp_lpcxpresso_1549.a(board.o)
                0x00002fe0                RTCOscRateIn
 .rodata.ledpins
                0x00002fe4        0x3 C:\Users\komar\Documents\MCUXpressoIDE_10.0.2_411\project\lpc_board_nxp_lpcxpresso_1549\Debug\liblpc_board_nxp_lpcxpresso_1549.a(board.o)
 *fill*         0x00002fe7        0x1 ff
 .rodata.ledports
                0x00002fe8        0x3 C:\Users\komar\Documents\MCUXpressoIDE_10.0.2_411\project\lpc_board_nxp_lpcxpresso_1549\Debug\liblpc_board_nxp_lpcxpresso_1549.a(board.o)
 *fill*         0x00002feb        0x1 ff
 .rodata.ioconSetup
                0x00002fec       0x74 C:\Users\komar\Documents\MCUXpressoIDE_10.0.2_411\project\lpc_board_nxp_lpcxpresso_1549\Debug\liblpc_board_nxp_lpcxpresso_1549.a(board_sysinit.o)
 .rodata.swmSetup
                0x00003060        0x6 C:\Users\komar\Documents\MCUXpressoIDE_10.0.2_411\project\lpc_board_nxp_lpcxpresso_1549\Debug\liblpc_board_nxp_lpcxpresso_1549.a(board_sysinit.o)
 *fill*         0x00003066        0x2 ff
 .rodata        0x00003068       0x18 C:\Users\komar\Documents\MCUXpressoIDE_10.0.2_411\project\freertos\Debug\libfreertos.a(tasks.o)
                0x00003070                FreeRTOSDebugConfig
 .rodata.ucExpectedStackBytes.9838
                0x00003080       0x14 C:\Users\komar\Documents\MCUXpressoIDE_10.0.2_411\project\freertos\Debug\libfreertos.a(tasks.o)
                0x00003094                . = ALIGN (0x4)
                0x00003094                . = ALIGN (0x4)
 *(.init)
 .init          0x00003094        0x4 c:/nxp/mcuxpressoide_10.0.2_411/ide/tools/bin/../lib/gcc/arm-none-eabi/5.4.1/armv7-m\crti.o
                0x00003094                _init
 .init          0x00003098        0x8 c:/nxp/mcuxpressoide_10.0.2_411/ide/tools/bin/../lib/gcc/arm-none-eabi/5.4.1/armv7-m\crtn.o
                0x000030a0                . = ALIGN (0x4)
                0x000030a0                __preinit_array_start = .
 *(.preinit_array)
                0x000030a0                __preinit_array_end = .
                0x000030a0                . = ALIGN (0x4)
                0x000030a0                __init_array_start = .
 *(SORT(.init_array.*))
 *(.init_array)
 .init_array    0x000030a0        0x4 c:/nxp/mcuxpressoide_10.0.2_411/ide/tools/bin/../lib/gcc/arm-none-eabi/5.4.1/armv7-m\crtbegin.o
                0x000030a4                __init_array_end = .
 *(.fini)
 .fini          0x000030a4        0x4 c:/nxp/mcuxpressoide_10.0.2_411/ide/tools/bin/../lib/gcc/arm-none-eabi/5.4.1/armv7-m\crti.o
                0x000030a4                _fini
 .fini          0x000030a8        0x8 c:/nxp/mcuxpressoide_10.0.2_411/ide/tools/bin/../lib/gcc/arm-none-eabi/5.4.1/armv7-m\crtn.o
                0x000030b0                . = ALIGN (0x4)
 *crtbegin.o(.ctors)
 *(EXCLUDE_FILE(*crtend.o) .ctors)
 *(SORT(.ctors.*))
 *crtend.o(.ctors)
                0x000030b0                . = ALIGN (0x4)
 *crtbegin.o(.dtors)
 *(EXCLUDE_FILE(*crtend.o) .dtors)
 *(SORT(.dtors.*))
 *crtend.o(.dtors)
                0x000030b0                . = ALIGN (0x4)

.glue_7         0x000030b0        0x0
 .glue_7        0x000030b0        0x0 linker stubs

.glue_7t        0x000030b0        0x0
 .glue_7t       0x000030b0        0x0 linker stubs

.vfp11_veneer   0x000030b0        0x0
 .vfp11_veneer  0x000030b0        0x0 linker stubs

.v4_bx          0x000030b0        0x0
 .v4_bx         0x000030b0        0x0 linker stubs

.iplt           0x000030b0        0x0
 .iplt          0x000030b0        0x0 ./src/DigitalIoPin.o

.ARM.extab
 *(.ARM.extab* .gnu.linkonce.armextab.*)
                0x000030b0                __exidx_start = .

.ARM.exidx      0x000030b0        0x8
 *(.ARM.exidx* .gnu.linkonce.armexidx.*)
 .ARM.exidx     0x000030b0        0x8 c:/nxp/mcuxpressoide_10.0.2_411/ide/tools/bin/../lib/gcc/arm-none-eabi/5.4.1/armv7-m\libgcc.a(_udivmoddi4.o)
                0x000030b8                __exidx_end = .
                0x000030b8                _etext = .

.rel.dyn        0x000030b8        0x0
 .rel.iplt      0x000030b8        0x0 ./src/DigitalIoPin.o

.eh_frame       0x000030b8        0x0
 .eh_frame      0x000030b8        0x0 c:/nxp/mcuxpressoide_10.0.2_411/ide/tools/bin/../lib/gcc/arm-none-eabi/5.4.1/armv7-m\crtbegin.o

.data_RAM2      0x02004000        0x0 load address 0x000030b8
 FILL mask 0xff
                [!provide]                PROVIDE (__start_data_RAM2, .)
 *(.ramfunc.$RAM2)
 *(.ramfunc.$Ram1_16)
 *(.data.$RAM2*)
 *(.data.$Ram1_16*)
                0x02004000                . = ALIGN (0x4)
                [!provide]                PROVIDE (__end_data_RAM2, .)

.data_RAM3      0x02008000        0x0 load address 0x000030b8
 FILL mask 0xff
                [!provide]                PROVIDE (__start_data_RAM3, .)
 *(.ramfunc.$RAM3)
 *(.ramfunc.$Ram2_4)
 *(.data.$RAM3*)
 *(.data.$Ram2_4*)
                0x02008000                . = ALIGN (0x4)
                [!provide]                PROVIDE (__end_data_RAM3, .)

.uninit_RESERVED
                0x02000000        0x0
 *(.bss.$RESERVED*)
                0x02000000                . = ALIGN (0x4)
                0x02000000                _end_uninit_RESERVED = .

.data           0x02000000      0x844 load address 0x000030b8
 FILL mask 0xff
                0x02000000                _data = .
 *(vtable)
 *(.ramfunc*)
 *(.data*)
 .data.xNextTaskUnblockTime
                0x02000000        0x4 C:\Users\komar\Documents\MCUXpressoIDE_10.0.2_411\project\freertos\Debug\libfreertos.a(tasks.o)
 .data.uxCriticalNesting
                0x02000004        0x4 C:\Users\komar\Documents\MCUXpressoIDE_10.0.2_411\project\freertos\Debug\libfreertos.a(port.o)
 .data.impure_data
                0x02000008      0x428 c:/nxp/mcuxpressoide_10.0.2_411/ide/tools/bin/../lib/gcc/arm-none-eabi/5.4.1/../../../../arm-none-eabi/lib/armv7-m\libc.a(lib_a-impure.o)
 .data._impure_ptr
                0x02000430        0x4 c:/nxp/mcuxpressoide_10.0.2_411/ide/tools/bin/../lib/gcc/arm-none-eabi/5.4.1/../../../../arm-none-eabi/lib/armv7-m\libc.a(lib_a-impure.o)
                0x02000430                _impure_ptr
 .data.__malloc_av_
                0x02000434      0x408 c:/nxp/mcuxpressoide_10.0.2_411/ide/tools/bin/../lib/gcc/arm-none-eabi/5.4.1/../../../../arm-none-eabi/lib/armv7-m\libc.a(lib_a-mallocr.o)
                0x02000434                __malloc_av_
 .data.__malloc_trim_threshold
                0x0200083c        0x4 c:/nxp/mcuxpressoide_10.0.2_411/ide/tools/bin/../lib/gcc/arm-none-eabi/5.4.1/../../../../arm-none-eabi/lib/armv7-m\libc.a(lib_a-mallocr.o)
                0x0200083c                __malloc_trim_threshold
 .data.__malloc_sbrk_base
                0x02000840        0x4 c:/nxp/mcuxpressoide_10.0.2_411/ide/tools/bin/../lib/gcc/arm-none-eabi/5.4.1/../../../../arm-none-eabi/lib/armv7-m\libc.a(lib_a-mallocr.o)
                0x02000840                __malloc_sbrk_base
                0x02000844                . = ALIGN (0x4)
                0x02000844                _edata = .

.igot.plt       0x02000844        0x0 load address 0x000038fc
 .igot.plt      0x02000844        0x0 ./src/DigitalIoPin.o

.jcr            0x02000844        0x0 load address 0x000038fc
 .jcr           0x02000844        0x0 c:/nxp/mcuxpressoide_10.0.2_411/ide/tools/bin/../lib/gcc/arm-none-eabi/5.4.1/armv7-m\crtbegin.o

.bss_RAM2       0x02004000        0x0
                [!provide]                PROVIDE (__start_bss_RAM2, .)
 *(.bss.$RAM2*)
 *(.bss.$Ram1_16*)
                0x02004000                . = ALIGN ((. != 0x0)?0x4:0x1)
                [!provide]                PROVIDE (__end_bss_RAM2, .)

.bss_RAM3       0x02008000        0x0
                [!provide]                PROVIDE (__start_bss_RAM3, .)
 *(.bss.$RAM3*)
 *(.bss.$Ram2_4*)
                0x02008000                . = ALIGN ((. != 0x0)?0x4:0x1)
                [!provide]                PROVIDE (__end_bss_RAM3, .)

.bss            0x02000844      0x1a4
                0x02000844                _bss = .
 *(.bss*)
 .bss.g_hUsb    0x02000844        0x4 ./src/cdc_main.o
 .bss.g_pUsbApi
                0x02000848        0x4 ./src/cdc_main.o
                0x02000848                g_pUsbApi
 .bss.xCDCEventSemaphore
                0x0200084c        0x4 ./src/cdc_main.o
 .bss.xQueue    0x02000850        0x4 ./src/esp.o
                0x02000850                xQueue
 .bss.pxCurrentTCB
                0x02000854        0x4 C:\Users\komar\Documents\MCUXpressoIDE_10.0.2_411\project\freertos\Debug\libfreertos.a(tasks.o)
                0x02000854                pxCurrentTCB
 .bss.pxReadyTasksLists
                0x02000858       0xa0 C:\Users\komar\Documents\MCUXpressoIDE_10.0.2_411\project\freertos\Debug\libfreertos.a(tasks.o)
 .bss.xDelayedTaskList1
                0x020008f8       0x14 C:\Users\komar\Documents\MCUXpressoIDE_10.0.2_411\project\freertos\Debug\libfreertos.a(tasks.o)
 .bss.xDelayedTaskList2
                0x0200090c       0x14 C:\Users\komar\Documents\MCUXpressoIDE_10.0.2_411\project\freertos\Debug\libfreertos.a(tasks.o)
 .bss.pxDelayedTaskList
                0x02000920        0x4 C:\Users\komar\Documents\MCUXpressoIDE_10.0.2_411\project\freertos\Debug\libfreertos.a(tasks.o)
 .bss.pxOverflowDelayedTaskList
                0x02000924        0x4 C:\Users\komar\Documents\MCUXpressoIDE_10.0.2_411\project\freertos\Debug\libfreertos.a(tasks.o)
 .bss.xPendingReadyList
                0x02000928       0x14 C:\Users\komar\Documents\MCUXpressoIDE_10.0.2_411\project\freertos\Debug\libfreertos.a(tasks.o)
 .bss.xTasksWaitingTermination
                0x0200093c       0x14 C:\Users\komar\Documents\MCUXpressoIDE_10.0.2_411\project\freertos\Debug\libfreertos.a(tasks.o)
 .bss.uxTasksDeleted
                0x02000950        0x4 C:\Users\komar\Documents\MCUXpressoIDE_10.0.2_411\project\freertos\Debug\libfreertos.a(tasks.o)
 .bss.xSuspendedTaskList
                0x02000954       0x14 C:\Users\komar\Documents\MCUXpressoIDE_10.0.2_411\project\freertos\Debug\libfreertos.a(tasks.o)
 .bss.uxCurrentNumberOfTasks
                0x02000968        0x4 C:\Users\komar\Documents\MCUXpressoIDE_10.0.2_411\project\freertos\Debug\libfreertos.a(tasks.o)
 .bss.xTickCount
                0x0200096c        0x4 C:\Users\komar\Documents\MCUXpressoIDE_10.0.2_411\project\freertos\Debug\libfreertos.a(tasks.o)
 .bss.uxTopReadyPriority
                0x02000970        0x4 C:\Users\komar\Documents\MCUXpressoIDE_10.0.2_411\project\freertos\Debug\libfreertos.a(tasks.o)
 .bss.xSchedulerRunning
                0x02000974        0x4 C:\Users\komar\Documents\MCUXpressoIDE_10.0.2_411\project\freertos\Debug\libfreertos.a(tasks.o)
 .bss.uxPendedTicks
                0x02000978        0x4 C:\Users\komar\Documents\MCUXpressoIDE_10.0.2_411\project\freertos\Debug\libfreertos.a(tasks.o)
 .bss.xYieldPending
                0x0200097c        0x4 C:\Users\komar\Documents\MCUXpressoIDE_10.0.2_411\project\freertos\Debug\libfreertos.a(tasks.o)
 .bss.xNumOfOverflows
                0x02000980        0x4 C:\Users\komar\Documents\MCUXpressoIDE_10.0.2_411\project\freertos\Debug\libfreertos.a(tasks.o)
 .bss.uxTaskNumber
                0x02000984        0x4 C:\Users\komar\Documents\MCUXpressoIDE_10.0.2_411\project\freertos\Debug\libfreertos.a(tasks.o)
 .bss.uxSchedulerSuspended
                0x02000988        0x4 C:\Users\komar\Documents\MCUXpressoIDE_10.0.2_411\project\freertos\Debug\libfreertos.a(tasks.o)
 .bss.__malloc_max_total_mem
                0x0200098c        0x4 c:/nxp/mcuxpressoide_10.0.2_411/ide/tools/bin/../lib/gcc/arm-none-eabi/5.4.1/../../../../arm-none-eabi/lib/armv7-m\libc.a(lib_a-mallocr.o)
                0x0200098c                __malloc_max_total_mem
 .bss.__malloc_max_sbrked_mem
                0x02000990        0x4 c:/nxp/mcuxpressoide_10.0.2_411/ide/tools/bin/../lib/gcc/arm-none-eabi/5.4.1/../../../../arm-none-eabi/lib/armv7-m\libc.a(lib_a-mallocr.o)
                0x02000990                __malloc_max_sbrked_mem
 .bss.__malloc_top_pad
                0x02000994        0x4 c:/nxp/mcuxpressoide_10.0.2_411/ide/tools/bin/../lib/gcc/arm-none-eabi/5.4.1/../../../../arm-none-eabi/lib/armv7-m\libc.a(lib_a-mallocr.o)
                0x02000994                __malloc_top_pad
 .bss.__malloc_current_mallinfo
                0x02000998       0x28 c:/nxp/mcuxpressoide_10.0.2_411/ide/tools/bin/../lib/gcc/arm-none-eabi/5.4.1/../../../../arm-none-eabi/lib/armv7-m\libc.a(lib_a-mallocr.o)
                0x02000998                __malloc_current_mallinfo
 .bss.__end_of_heap
                0x020009c0        0x4 c:/nxp/mcuxpressoide_10.0.2_411/ide/tools/bin/../lib/gcc/arm-none-eabi/5.4.1/../../../../arm-none-eabi/lib/armv7-m\libcr_newlib_nohost.a(_cr_sbrk.o)
                0x020009c0                __end_of_heap
 .bss           0x020009c4       0x1c c:/nxp/mcuxpressoide_10.0.2_411/ide/tools/bin/../lib/gcc/arm-none-eabi/5.4.1/armv7-m\crtbegin.o
 *(COMMON)
 COMMON         0x020009e0        0x4 C:\Users\komar\Documents\MCUXpressoIDE_10.0.2_411\project\lpc_chip_15xx\Debug\liblpc_chip_15xx.a(chip_15xx.o)
                0x020009e0                SystemCoreClock
 COMMON         0x020009e4        0x4 c:/nxp/mcuxpressoide_10.0.2_411/ide/tools/bin/../lib/gcc/arm-none-eabi/5.4.1/../../../../arm-none-eabi/lib/armv7-m\libc.a(lib_a-reent.o)
                0x020009e4                errno
                0x020009e8                . = ALIGN (0x4)
                0x020009e8                _ebss = .
                [!provide]                PROVIDE (end, .)

.noinit_RAM2    0x02004000        0x0
 *(.noinit.$RAM2*)
 *(.noinit.$Ram1_16*)
                0x02004000                . = ALIGN (0x4)

.noinit_RAM3    0x02008000        0x0
 *(.noinit.$RAM3*)
 *(.noinit.$Ram2_4*)
                0x02008000                . = ALIGN (0x4)

.noinit         0x020009e8        0x0
                0x020009e8                _noinit = .
 *(.noinit*)
                0x020009e8                . = ALIGN (0x4)
                0x020009e8                _end_noinit = .
                0x020009e8                PROVIDE (_pvHeapStart, DEFINED (__user_heap_base)?__user_heap_base:.)
                0x02004000                PROVIDE (_vStackTop, DEFINED (__user_stack_top)?__user_stack_top:(__top_Ram0_16 - 0x0))
                0xfdffb2b6                PROVIDE (__valid_user_code_checksum, (0x0 - ((((((_vStackTop + (ResetISR + 0x1)) + (NMI_Handler + 0x1)) + (HardFault_Handler + 0x1)) + (DEFINED (MemManage_Handler)?MemManage_Handler:0x0 + 0x1)) + (DEFINED (BusFault_Handler)?BusFault_Handler:0x0 + 0x1)) + (DEFINED (UsageFault_Handler)?UsageFault_Handler:0x0 + 0x1))))
OUTPUT(esp.axf elf32-littlearm)

.debug_info     0x00000000     0xdcba
 .debug_info    0x00000000      0x2b2 ./src/GCodeInterpreter.o
 .debug_info    0x000002b2     0x3017 ./src/cdc_main.o
 .debug_info    0x000032c9      0x1b6 ./src/cr_cpp_config.o
 .debug_info    0x0000347f      0x281 ./src/cr_startup_lpc15xx.o
 .debug_info    0x00003700     0x1440 ./src/esp.o
 .debug_info    0x00004b40       0xee ./src/sysinit.o
 .debug_info    0x00004c2e      0xaa8 C:\Users\komar\Documents\MCUXpressoIDE_10.0.2_411\project\lpc_board_nxp_lpcxpresso_1549\Debug\liblpc_board_nxp_lpcxpresso_1549.a(board.o)
 .debug_info    0x000056d6      0xc90 C:\Users\komar\Documents\MCUXpressoIDE_10.0.2_411\project\lpc_board_nxp_lpcxpresso_1549\Debug\liblpc_board_nxp_lpcxpresso_1549.a(board_sysinit.o)
 .debug_info    0x00006366      0x98d C:\Users\komar\Documents\MCUXpressoIDE_10.0.2_411\project\lpc_chip_15xx\Debug\liblpc_chip_15xx.a(chip_15xx.o)
 .debug_info    0x00006cf3      0xd3e C:\Users\komar\Documents\MCUXpressoIDE_10.0.2_411\project\lpc_chip_15xx\Debug\liblpc_chip_15xx.a(clock_15xx.o)
 .debug_info    0x00007a31      0x624 C:\Users\komar\Documents\MCUXpressoIDE_10.0.2_411\project\lpc_chip_15xx\Debug\liblpc_chip_15xx.a(gpio_15xx.o)
 .debug_info    0x00008055      0x1f9 C:\Users\komar\Documents\MCUXpressoIDE_10.0.2_411\project\lpc_chip_15xx\Debug\liblpc_chip_15xx.a(iocon_15xx.o)
 .debug_info    0x0000824e      0xa2c C:\Users\komar\Documents\MCUXpressoIDE_10.0.2_411\project\lpc_chip_15xx\Debug\liblpc_chip_15xx.a(sct_15xx.o)
 .debug_info    0x00008c7a      0x5ea C:\Users\komar\Documents\MCUXpressoIDE_10.0.2_411\project\lpc_chip_15xx\Debug\liblpc_chip_15xx.a(swm_15xx.o)
 .debug_info    0x00009264      0x74c C:\Users\komar\Documents\MCUXpressoIDE_10.0.2_411\project\lpc_chip_15xx\Debug\liblpc_chip_15xx.a(sysctl_15xx.o)
 .debug_info    0x000099b0      0x727 C:\Users\komar\Documents\MCUXpressoIDE_10.0.2_411\project\lpc_chip_15xx\Debug\liblpc_chip_15xx.a(sysinit_15xx.o)
 .debug_info    0x0000a0d7      0x8d3 C:\Users\komar\Documents\MCUXpressoIDE_10.0.2_411\project\lpc_chip_15xx\Debug\liblpc_chip_15xx.a(uart_15xx.o)
 .debug_info    0x0000a9aa      0xcb2 C:\Users\komar\Documents\MCUXpressoIDE_10.0.2_411\project\freertos\Debug\libfreertos.a(queue.o)
 .debug_info    0x0000b65c     0x1b63 C:\Users\komar\Documents\MCUXpressoIDE_10.0.2_411\project\freertos\Debug\libfreertos.a(tasks.o)
 .debug_info    0x0000d1bf      0x1ae C:\Users\komar\Documents\MCUXpressoIDE_10.0.2_411\project\freertos\Debug\libfreertos.a(FreeRTOSCommonHooks.o)
 .debug_info    0x0000d36d      0x143 C:\Users\komar\Documents\MCUXpressoIDE_10.0.2_411\project\freertos\Debug\libfreertos.a(heap_3.o)
 .debug_info    0x0000d4b0      0x2ee C:\Users\komar\Documents\MCUXpressoIDE_10.0.2_411\project\freertos\Debug\libfreertos.a(list.o)
 .debug_info    0x0000d79e      0x38e C:\Users\komar\Documents\MCUXpressoIDE_10.0.2_411\project\freertos\Debug\libfreertos.a(port.o)
 .debug_info    0x0000db2c      0x124 c:/nxp/mcuxpressoide_10.0.2_411/ide/tools/bin/../lib/gcc/arm-none-eabi/5.4.1/../../../../arm-none-eabi/lib/armv7-m\libcr_newlib_nohost.a(_cr_sbrk.o)
 .debug_info    0x0000dc50       0x6a c:/nxp/mcuxpressoide_10.0.2_411/ide/tools/bin/../lib/gcc/arm-none-eabi/5.4.1/../../../../arm-none-eabi/lib/armv7-m\libcr_newlib_nohost.a(_cr_check_heap.o)

.debug_abbrev   0x00000000     0x26e1
 .debug_abbrev  0x00000000      0x1bf ./src/GCodeInterpreter.o
 .debug_abbrev  0x000001bf      0x2c8 ./src/cdc_main.o
 .debug_abbrev  0x00000487       0xfb ./src/cr_cpp_config.o
 .debug_abbrev  0x00000582       0xe7 ./src/cr_startup_lpc15xx.o
 .debug_abbrev  0x00000669      0x22c ./src/esp.o
 .debug_abbrev  0x00000895       0x82 ./src/sysinit.o
 .debug_abbrev  0x00000917      0x20e C:\Users\komar\Documents\MCUXpressoIDE_10.0.2_411\project\lpc_board_nxp_lpcxpresso_1549\Debug\liblpc_board_nxp_lpcxpresso_1549.a(board.o)
 .debug_abbrev  0x00000b25      0x208 C:\Users\komar\Documents\MCUXpressoIDE_10.0.2_411\project\lpc_board_nxp_lpcxpresso_1549\Debug\liblpc_board_nxp_lpcxpresso_1549.a(board_sysinit.o)
 .debug_abbrev  0x00000d2d      0x1b3 C:\Users\komar\Documents\MCUXpressoIDE_10.0.2_411\project\lpc_chip_15xx\Debug\liblpc_chip_15xx.a(chip_15xx.o)
 .debug_abbrev  0x00000ee0      0x285 C:\Users\komar\Documents\MCUXpressoIDE_10.0.2_411\project\lpc_chip_15xx\Debug\liblpc_chip_15xx.a(clock_15xx.o)
 .debug_abbrev  0x00001165      0x16a C:\Users\komar\Documents\MCUXpressoIDE_10.0.2_411\project\lpc_chip_15xx\Debug\liblpc_chip_15xx.a(gpio_15xx.o)
 .debug_abbrev  0x000012cf      0x137 C:\Users\komar\Documents\MCUXpressoIDE_10.0.2_411\project\lpc_chip_15xx\Debug\liblpc_chip_15xx.a(iocon_15xx.o)
 .debug_abbrev  0x00001406      0x200 C:\Users\komar\Documents\MCUXpressoIDE_10.0.2_411\project\lpc_chip_15xx\Debug\liblpc_chip_15xx.a(sct_15xx.o)
 .debug_abbrev  0x00001606      0x13e C:\Users\komar\Documents\MCUXpressoIDE_10.0.2_411\project\lpc_chip_15xx\Debug\liblpc_chip_15xx.a(swm_15xx.o)
 .debug_abbrev  0x00001744      0x12b C:\Users\komar\Documents\MCUXpressoIDE_10.0.2_411\project\lpc_chip_15xx\Debug\liblpc_chip_15xx.a(sysctl_15xx.o)
 .debug_abbrev  0x0000186f      0x18c C:\Users\komar\Documents\MCUXpressoIDE_10.0.2_411\project\lpc_chip_15xx\Debug\liblpc_chip_15xx.a(sysinit_15xx.o)
 .debug_abbrev  0x000019fb      0x1e6 C:\Users\komar\Documents\MCUXpressoIDE_10.0.2_411\project\lpc_chip_15xx\Debug\liblpc_chip_15xx.a(uart_15xx.o)
 .debug_abbrev  0x00001be1      0x1f7 C:\Users\komar\Documents\MCUXpressoIDE_10.0.2_411\project\freertos\Debug\libfreertos.a(queue.o)
 .debug_abbrev  0x00001dd8      0x342 C:\Users\komar\Documents\MCUXpressoIDE_10.0.2_411\project\freertos\Debug\libfreertos.a(tasks.o)
 .debug_abbrev  0x0000211a      0x129 C:\Users\komar\Documents\MCUXpressoIDE_10.0.2_411\project\freertos\Debug\libfreertos.a(FreeRTOSCommonHooks.o)
 .debug_abbrev  0x00002243       0xd4 C:\Users\komar\Documents\MCUXpressoIDE_10.0.2_411\project\freertos\Debug\libfreertos.a(heap_3.o)
 .debug_abbrev  0x00002317       0xec C:\Users\komar\Documents\MCUXpressoIDE_10.0.2_411\project\freertos\Debug\libfreertos.a(list.o)
 .debug_abbrev  0x00002403      0x1ad C:\Users\komar\Documents\MCUXpressoIDE_10.0.2_411\project\freertos\Debug\libfreertos.a(port.o)
 .debug_abbrev  0x000025b0       0xcf c:/nxp/mcuxpressoide_10.0.2_411/ide/tools/bin/../lib/gcc/arm-none-eabi/5.4.1/../../../../arm-none-eabi/lib/armv7-m\libcr_newlib_nohost.a(_cr_sbrk.o)
 .debug_abbrev  0x0000267f       0x62 c:/nxp/mcuxpressoide_10.0.2_411/ide/tools/bin/../lib/gcc/arm-none-eabi/5.4.1/../../../../arm-none-eabi/lib/armv7-m\libcr_newlib_nohost.a(_cr_check_heap.o)

.debug_aranges  0x00000000      0xad0
 .debug_aranges
                0x00000000       0x38 ./src/GCodeInterpreter.o
 .debug_aranges
                0x00000038       0x50 ./src/cdc_main.o
 .debug_aranges
                0x00000088       0x48 ./src/cr_cpp_config.o
 .debug_aranges
                0x000000d0       0x80 ./src/cr_startup_lpc15xx.o
 .debug_aranges
                0x00000150       0x40 ./src/esp.o
 .debug_aranges
                0x00000190       0x20 ./src/sysinit.o
 .debug_aranges
                0x000001b0       0xd0 C:\Users\komar\Documents\MCUXpressoIDE_10.0.2_411\project\lpc_board_nxp_lpcxpresso_1549\Debug\liblpc_board_nxp_lpcxpresso_1549.a(board.o)
 .debug_aranges
                0x00000280       0x60 C:\Users\komar\Documents\MCUXpressoIDE_10.0.2_411\project\lpc_board_nxp_lpcxpresso_1549\Debug\liblpc_board_nxp_lpcxpresso_1549.a(board_sysinit.o)
 .debug_aranges
                0x000002e0       0x50 C:\Users\komar\Documents\MCUXpressoIDE_10.0.2_411\project\lpc_chip_15xx\Debug\liblpc_chip_15xx.a(chip_15xx.o)
 .debug_aranges
                0x00000330      0x128 C:\Users\komar\Documents\MCUXpressoIDE_10.0.2_411\project\lpc_chip_15xx\Debug\liblpc_chip_15xx.a(clock_15xx.o)
 .debug_aranges
                0x00000458       0x70 C:\Users\komar\Documents\MCUXpressoIDE_10.0.2_411\project\lpc_chip_15xx\Debug\liblpc_chip_15xx.a(gpio_15xx.o)
 .debug_aranges
                0x000004c8       0x28 C:\Users\komar\Documents\MCUXpressoIDE_10.0.2_411\project\lpc_chip_15xx\Debug\liblpc_chip_15xx.a(iocon_15xx.o)
 .debug_aranges
                0x000004f0       0x50 C:\Users\komar\Documents\MCUXpressoIDE_10.0.2_411\project\lpc_chip_15xx\Debug\liblpc_chip_15xx.a(sct_15xx.o)
 .debug_aranges
                0x00000540       0x40 C:\Users\komar\Documents\MCUXpressoIDE_10.0.2_411\project\lpc_chip_15xx\Debug\liblpc_chip_15xx.a(swm_15xx.o)
 .debug_aranges
                0x00000580       0x50 C:\Users\komar\Documents\MCUXpressoIDE_10.0.2_411\project\lpc_chip_15xx\Debug\liblpc_chip_15xx.a(sysctl_15xx.o)
 .debug_aranges
                0x000005d0       0x58 C:\Users\komar\Documents\MCUXpressoIDE_10.0.2_411\project\lpc_chip_15xx\Debug\liblpc_chip_15xx.a(sysinit_15xx.o)
 .debug_aranges
                0x00000628       0xc8 C:\Users\komar\Documents\MCUXpressoIDE_10.0.2_411\project\lpc_chip_15xx\Debug\liblpc_chip_15xx.a(uart_15xx.o)
 .debug_aranges
                0x000006f0       0xf0 C:\Users\komar\Documents\MCUXpressoIDE_10.0.2_411\project\freertos\Debug\libfreertos.a(queue.o)
 .debug_aranges
                0x000007e0      0x180 C:\Users\komar\Documents\MCUXpressoIDE_10.0.2_411\project\freertos\Debug\libfreertos.a(tasks.o)
 .debug_aranges
                0x00000960       0x40 C:\Users\komar\Documents\MCUXpressoIDE_10.0.2_411\project\freertos\Debug\libfreertos.a(FreeRTOSCommonHooks.o)
 .debug_aranges
                0x000009a0       0x28 C:\Users\komar\Documents\MCUXpressoIDE_10.0.2_411\project\freertos\Debug\libfreertos.a(heap_3.o)
 .debug_aranges
                0x000009c8       0x40 C:\Users\komar\Documents\MCUXpressoIDE_10.0.2_411\project\freertos\Debug\libfreertos.a(list.o)
 .debug_aranges
                0x00000a08       0x88 C:\Users\komar\Documents\MCUXpressoIDE_10.0.2_411\project\freertos\Debug\libfreertos.a(port.o)
 .debug_aranges
                0x00000a90       0x20 c:/nxp/mcuxpressoide_10.0.2_411/ide/tools/bin/../lib/gcc/arm-none-eabi/5.4.1/../../../../arm-none-eabi/lib/armv7-m\libcr_newlib_nohost.a(_cr_sbrk.o)
 .debug_aranges
                0x00000ab0       0x20 c:/nxp/mcuxpressoide_10.0.2_411/ide/tools/bin/../lib/gcc/arm-none-eabi/5.4.1/../../../../arm-none-eabi/lib/armv7-m\libcr_newlib_nohost.a(_cr_check_heap.o)

.debug_ranges   0x00000000      0x940
 .debug_ranges  0x00000000       0x28 ./src/GCodeInterpreter.o
 .debug_ranges  0x00000028       0x40 ./src/cdc_main.o
 .debug_ranges  0x00000068       0x38 ./src/cr_cpp_config.o
 .debug_ranges  0x000000a0       0x70 ./src/cr_startup_lpc15xx.o
 .debug_ranges  0x00000110       0x30 ./src/esp.o
 .debug_ranges  0x00000140       0x10 ./src/sysinit.o
 .debug_ranges  0x00000150       0xc0 C:\Users\komar\Documents\MCUXpressoIDE_10.0.2_411\project\lpc_board_nxp_lpcxpresso_1549\Debug\liblpc_board_nxp_lpcxpresso_1549.a(board.o)
 .debug_ranges  0x00000210       0x50 C:\Users\komar\Documents\MCUXpressoIDE_10.0.2_411\project\lpc_board_nxp_lpcxpresso_1549\Debug\liblpc_board_nxp_lpcxpresso_1549.a(board_sysinit.o)
 .debug_ranges  0x00000260       0x40 C:\Users\komar\Documents\MCUXpressoIDE_10.0.2_411\project\lpc_chip_15xx\Debug\liblpc_chip_15xx.a(chip_15xx.o)
 .debug_ranges  0x000002a0      0x118 C:\Users\komar\Documents\MCUXpressoIDE_10.0.2_411\project\lpc_chip_15xx\Debug\liblpc_chip_15xx.a(clock_15xx.o)
 .debug_ranges  0x000003b8       0x60 C:\Users\komar\Documents\MCUXpressoIDE_10.0.2_411\project\lpc_chip_15xx\Debug\liblpc_chip_15xx.a(gpio_15xx.o)
 .debug_ranges  0x00000418       0x18 C:\Users\komar\Documents\MCUXpressoIDE_10.0.2_411\project\lpc_chip_15xx\Debug\liblpc_chip_15xx.a(iocon_15xx.o)
 .debug_ranges  0x00000430       0x40 C:\Users\komar\Documents\MCUXpressoIDE_10.0.2_411\project\lpc_chip_15xx\Debug\liblpc_chip_15xx.a(sct_15xx.o)
 .debug_ranges  0x00000470       0x30 C:\Users\komar\Documents\MCUXpressoIDE_10.0.2_411\project\lpc_chip_15xx\Debug\liblpc_chip_15xx.a(swm_15xx.o)
 .debug_ranges  0x000004a0       0x40 C:\Users\komar\Documents\MCUXpressoIDE_10.0.2_411\project\lpc_chip_15xx\Debug\liblpc_chip_15xx.a(sysctl_15xx.o)
 .debug_ranges  0x000004e0       0x48 C:\Users\komar\Documents\MCUXpressoIDE_10.0.2_411\project\lpc_chip_15xx\Debug\liblpc_chip_15xx.a(sysinit_15xx.o)
 .debug_ranges  0x00000528       0xb8 C:\Users\komar\Documents\MCUXpressoIDE_10.0.2_411\project\lpc_chip_15xx\Debug\liblpc_chip_15xx.a(uart_15xx.o)
 .debug_ranges  0x000005e0       0xe0 C:\Users\komar\Documents\MCUXpressoIDE_10.0.2_411\project\freertos\Debug\libfreertos.a(queue.o)
 .debug_ranges  0x000006c0      0x170 C:\Users\komar\Documents\MCUXpressoIDE_10.0.2_411\project\freertos\Debug\libfreertos.a(tasks.o)
 .debug_ranges  0x00000830       0x30 C:\Users\komar\Documents\MCUXpressoIDE_10.0.2_411\project\freertos\Debug\libfreertos.a(FreeRTOSCommonHooks.o)
 .debug_ranges  0x00000860       0x18 C:\Users\komar\Documents\MCUXpressoIDE_10.0.2_411\project\freertos\Debug\libfreertos.a(heap_3.o)
 .debug_ranges  0x00000878       0x30 C:\Users\komar\Documents\MCUXpressoIDE_10.0.2_411\project\freertos\Debug\libfreertos.a(list.o)
 .debug_ranges  0x000008a8       0x78 C:\Users\komar\Documents\MCUXpressoIDE_10.0.2_411\project\freertos\Debug\libfreertos.a(port.o)
 .debug_ranges  0x00000920       0x10 c:/nxp/mcuxpressoide_10.0.2_411/ide/tools/bin/../lib/gcc/arm-none-eabi/5.4.1/../../../../arm-none-eabi/lib/armv7-m\libcr_newlib_nohost.a(_cr_sbrk.o)
 .debug_ranges  0x00000930       0x10 c:/nxp/mcuxpressoide_10.0.2_411/ide/tools/bin/../lib/gcc/arm-none-eabi/5.4.1/../../../../arm-none-eabi/lib/armv7-m\libcr_newlib_nohost.a(_cr_check_heap.o)

.debug_macro    0x00000000     0x71e5
 .debug_macro   0x00000000      0x3fa ./src/GCodeInterpreter.o
 .debug_macro   0x000003fa       0x79 ./src/GCodeInterpreter.o
 .debug_macro   0x00000473       0x69 ./src/GCodeInterpreter.o
 .debug_macro   0x000004dc      0x4af ./src/cdc_main.o
 .debug_macro   0x0000098b       0x9c ./src/cdc_main.o
 .debug_macro   0x00000a27       0x97 ./src/cdc_main.o
 .debug_macro   0x00000abe      0x30d ./src/cdc_main.o
 .debug_macro   0x00000dcb       0xfd ./src/cdc_main.o
 .debug_macro   0x00000ec8       0x43 ./src/cdc_main.o
 .debug_macro   0x00000f0b       0x16 ./src/cdc_main.o
 .debug_macro   0x00000f21       0x35 ./src/cdc_main.o
 .debug_macro   0x00000f56       0x2e ./src/cdc_main.o
 .debug_macro   0x00000f84      0x114 ./src/cdc_main.o
 .debug_macro   0x00001098       0x16 ./src/cdc_main.o
 .debug_macro   0x000010ae       0xee ./src/cr_cpp_config.o
 .debug_macro   0x0000119c       0x16 ./src/cr_cpp_config.o
 .debug_macro   0x000011b2      0x10e ./src/cr_cpp_config.o
 .debug_macro   0x000012c0       0x94 ./src/cr_cpp_config.o
 .debug_macro   0x00001354       0x22 ./src/cr_cpp_config.o
 .debug_macro   0x00001376       0x23 ./src/cr_startup_lpc15xx.o
 .debug_macro   0x00001399      0x414 ./src/esp.o
 .debug_macro   0x000017ad       0x97 ./src/esp.o
 .debug_macro   0x00001844      0x104 ./src/esp.o
 .debug_macro   0x00001948       0x82 ./src/esp.o
 .debug_macro   0x000019ca      0x36c ./src/sysinit.o
 .debug_macro   0x00001d36      0x284 C:\Users\komar\Documents\MCUXpressoIDE_10.0.2_411\project\lpc_board_nxp_lpcxpresso_1549\Debug\liblpc_board_nxp_lpcxpresso_1549.a(board.o)
 .debug_macro   0x00001fba      0x886 C:\Users\komar\Documents\MCUXpressoIDE_10.0.2_411\project\lpc_board_nxp_lpcxpresso_1549\Debug\liblpc_board_nxp_lpcxpresso_1549.a(board.o)
 .debug_macro   0x00002840       0x10 C:\Users\komar\Documents\MCUXpressoIDE_10.0.2_411\project\lpc_board_nxp_lpcxpresso_1549\Debug\liblpc_board_nxp_lpcxpresso_1549.a(board.o)
 .debug_macro   0x00002850      0x12d C:\Users\komar\Documents\MCUXpressoIDE_10.0.2_411\project\lpc_board_nxp_lpcxpresso_1549\Debug\liblpc_board_nxp_lpcxpresso_1549.a(board.o)
 .debug_macro   0x0000297d      0x5b2 C:\Users\komar\Documents\MCUXpressoIDE_10.0.2_411\project\lpc_board_nxp_lpcxpresso_1549\Debug\liblpc_board_nxp_lpcxpresso_1549.a(board.o)
 .debug_macro   0x00002f2f       0x22 C:\Users\komar\Documents\MCUXpressoIDE_10.0.2_411\project\lpc_board_nxp_lpcxpresso_1549\Debug\liblpc_board_nxp_lpcxpresso_1549.a(board.o)
 .debug_macro   0x00002f51       0x9a C:\Users\komar\Documents\MCUXpressoIDE_10.0.2_411\project\lpc_board_nxp_lpcxpresso_1549\Debug\liblpc_board_nxp_lpcxpresso_1549.a(board.o)
 .debug_macro   0x00002feb       0x12 C:\Users\komar\Documents\MCUXpressoIDE_10.0.2_411\project\lpc_board_nxp_lpcxpresso_1549\Debug\liblpc_board_nxp_lpcxpresso_1549.a(board.o)
 .debug_macro   0x00002ffd      0x288 C:\Users\komar\Documents\MCUXpressoIDE_10.0.2_411\project\lpc_board_nxp_lpcxpresso_1549\Debug\liblpc_board_nxp_lpcxpresso_1549.a(board_sysinit.o)
 .debug_macro   0x00003285      0x239 C:\Users\komar\Documents\MCUXpressoIDE_10.0.2_411\project\lpc_chip_15xx\Debug\liblpc_chip_15xx.a(chip_15xx.o)
 .debug_macro   0x000034be      0x239 C:\Users\komar\Documents\MCUXpressoIDE_10.0.2_411\project\lpc_chip_15xx\Debug\liblpc_chip_15xx.a(clock_15xx.o)
 .debug_macro   0x000036f7      0x239 C:\Users\komar\Documents\MCUXpressoIDE_10.0.2_411\project\lpc_chip_15xx\Debug\liblpc_chip_15xx.a(gpio_15xx.o)
 .debug_macro   0x00003930      0x239 C:\Users\komar\Documents\MCUXpressoIDE_10.0.2_411\project\lpc_chip_15xx\Debug\liblpc_chip_15xx.a(iocon_15xx.o)
 .debug_macro   0x00003b69      0x239 C:\Users\komar\Documents\MCUXpressoIDE_10.0.2_411\project\lpc_chip_15xx\Debug\liblpc_chip_15xx.a(sct_15xx.o)
 .debug_macro   0x00003da2      0x245 C:\Users\komar\Documents\MCUXpressoIDE_10.0.2_411\project\lpc_chip_15xx\Debug\liblpc_chip_15xx.a(swm_15xx.o)
 .debug_macro   0x00003fe7      0x251 C:\Users\komar\Documents\MCUXpressoIDE_10.0.2_411\project\lpc_chip_15xx\Debug\liblpc_chip_15xx.a(sysctl_15xx.o)
 .debug_macro   0x00004238      0x239 C:\Users\komar\Documents\MCUXpressoIDE_10.0.2_411\project\lpc_chip_15xx\Debug\liblpc_chip_15xx.a(sysinit_15xx.o)
 .debug_macro   0x00004471      0x239 C:\Users\komar\Documents\MCUXpressoIDE_10.0.2_411\project\lpc_chip_15xx\Debug\liblpc_chip_15xx.a(uart_15xx.o)
 .debug_macro   0x000046aa      0x4c6 C:\Users\komar\Documents\MCUXpressoIDE_10.0.2_411\project\freertos\Debug\libfreertos.a(queue.o)
 .debug_macro   0x00004b70      0x89e C:\Users\komar\Documents\MCUXpressoIDE_10.0.2_411\project\freertos\Debug\libfreertos.a(queue.o)
 .debug_macro   0x0000540e       0x8d C:\Users\komar\Documents\MCUXpressoIDE_10.0.2_411\project\freertos\Debug\libfreertos.a(queue.o)
 .debug_macro   0x0000549b      0x10e C:\Users\komar\Documents\MCUXpressoIDE_10.0.2_411\project\freertos\Debug\libfreertos.a(queue.o)
 .debug_macro   0x000055a9       0x8d C:\Users\komar\Documents\MCUXpressoIDE_10.0.2_411\project\freertos\Debug\libfreertos.a(queue.o)
 .debug_macro   0x00005636       0x16 C:\Users\komar\Documents\MCUXpressoIDE_10.0.2_411\project\freertos\Debug\libfreertos.a(queue.o)
 .debug_macro   0x0000564c       0x29 C:\Users\komar\Documents\MCUXpressoIDE_10.0.2_411\project\freertos\Debug\libfreertos.a(queue.o)
 .debug_macro   0x00005675       0x1c C:\Users\komar\Documents\MCUXpressoIDE_10.0.2_411\project\freertos\Debug\libfreertos.a(queue.o)
 .debug_macro   0x00005691       0x52 C:\Users\komar\Documents\MCUXpressoIDE_10.0.2_411\project\freertos\Debug\libfreertos.a(queue.o)
 .debug_macro   0x000056e3       0x40 C:\Users\komar\Documents\MCUXpressoIDE_10.0.2_411\project\freertos\Debug\libfreertos.a(queue.o)
 .debug_macro   0x00005723       0x10 C:\Users\komar\Documents\MCUXpressoIDE_10.0.2_411\project\freertos\Debug\libfreertos.a(queue.o)
 .debug_macro   0x00005733       0x40 C:\Users\komar\Documents\MCUXpressoIDE_10.0.2_411\project\freertos\Debug\libfreertos.a(queue.o)
 .debug_macro   0x00005773       0xd7 C:\Users\komar\Documents\MCUXpressoIDE_10.0.2_411\project\freertos\Debug\libfreertos.a(queue.o)
 .debug_macro   0x0000584a      0x18b C:\Users\komar\Documents\MCUXpressoIDE_10.0.2_411\project\freertos\Debug\libfreertos.a(queue.o)
 .debug_macro   0x000059d5      0x513 C:\Users\komar\Documents\MCUXpressoIDE_10.0.2_411\project\freertos\Debug\libfreertos.a(tasks.o)
 .debug_macro   0x00005ee8       0x91 C:\Users\komar\Documents\MCUXpressoIDE_10.0.2_411\project\freertos\Debug\libfreertos.a(tasks.o)
 .debug_macro   0x00005f79       0x17 C:\Users\komar\Documents\MCUXpressoIDE_10.0.2_411\project\freertos\Debug\libfreertos.a(tasks.o)
 .debug_macro   0x00005f90       0x16 C:\Users\komar\Documents\MCUXpressoIDE_10.0.2_411\project\freertos\Debug\libfreertos.a(tasks.o)
 .debug_macro   0x00005fa6      0x441 C:\Users\komar\Documents\MCUXpressoIDE_10.0.2_411\project\freertos\Debug\libfreertos.a(FreeRTOSCommonHooks.o)
 .debug_macro   0x000063e7       0x87 C:\Users\komar\Documents\MCUXpressoIDE_10.0.2_411\project\freertos\Debug\libfreertos.a(FreeRTOSCommonHooks.o)
 .debug_macro   0x0000646e      0x465 C:\Users\komar\Documents\MCUXpressoIDE_10.0.2_411\project\freertos\Debug\libfreertos.a(heap_3.o)
 .debug_macro   0x000068d3      0x44a C:\Users\komar\Documents\MCUXpressoIDE_10.0.2_411\project\freertos\Debug\libfreertos.a(list.o)
 .debug_macro   0x00006d1d      0x4c8 C:\Users\komar\Documents\MCUXpressoIDE_10.0.2_411\project\freertos\Debug\libfreertos.a(port.o)

.debug_line     0x00000000     0x9774
 .debug_line    0x00000000      0x795 ./src/GCodeInterpreter.o
 .debug_line    0x00000795      0x97b ./src/cdc_main.o
 .debug_line    0x00001110      0x27f ./src/cr_cpp_config.o
 .debug_line    0x0000138f       0xd5 ./src/cr_startup_lpc15xx.o
 .debug_line    0x00001464      0x7cf ./src/esp.o
 .debug_line    0x00001c33      0x618 ./src/sysinit.o
 .debug_line    0x0000224b      0x6d8 C:\Users\komar\Documents\MCUXpressoIDE_10.0.2_411\project\lpc_board_nxp_lpcxpresso_1549\Debug\liblpc_board_nxp_lpcxpresso_1549.a(board.o)
 .debug_line    0x00002923      0x59a C:\Users\komar\Documents\MCUXpressoIDE_10.0.2_411\project\lpc_board_nxp_lpcxpresso_1549\Debug\liblpc_board_nxp_lpcxpresso_1549.a(board_sysinit.o)
 .debug_line    0x00002ebd      0x4b5 C:\Users\komar\Documents\MCUXpressoIDE_10.0.2_411\project\lpc_chip_15xx\Debug\liblpc_chip_15xx.a(chip_15xx.o)
 .debug_line    0x00003372      0x709 C:\Users\komar\Documents\MCUXpressoIDE_10.0.2_411\project\lpc_chip_15xx\Debug\liblpc_chip_15xx.a(clock_15xx.o)
 .debug_line    0x00003a7b      0x50d C:\Users\komar\Documents\MCUXpressoIDE_10.0.2_411\project\lpc_chip_15xx\Debug\liblpc_chip_15xx.a(gpio_15xx.o)
 .debug_line    0x00003f88      0x455 C:\Users\komar\Documents\MCUXpressoIDE_10.0.2_411\project\lpc_chip_15xx\Debug\liblpc_chip_15xx.a(iocon_15xx.o)
 .debug_line    0x000043dd      0x4ae C:\Users\komar\Documents\MCUXpressoIDE_10.0.2_411\project\lpc_chip_15xx\Debug\liblpc_chip_15xx.a(sct_15xx.o)
 .debug_line    0x0000488b      0x480 C:\Users\komar\Documents\MCUXpressoIDE_10.0.2_411\project\lpc_chip_15xx\Debug\liblpc_chip_15xx.a(swm_15xx.o)
 .debug_line    0x00004d0b      0x4b7 C:\Users\komar\Documents\MCUXpressoIDE_10.0.2_411\project\lpc_chip_15xx\Debug\liblpc_chip_15xx.a(sysctl_15xx.o)
 .debug_line    0x000051c2      0x4ea C:\Users\komar\Documents\MCUXpressoIDE_10.0.2_411\project\lpc_chip_15xx\Debug\liblpc_chip_15xx.a(sysinit_15xx.o)
 .debug_line    0x000056ac      0x62f C:\Users\komar\Documents\MCUXpressoIDE_10.0.2_411\project\lpc_chip_15xx\Debug\liblpc_chip_15xx.a(uart_15xx.o)
 .debug_line    0x00005cdb      0xaf6 C:\Users\komar\Documents\MCUXpressoIDE_10.0.2_411\project\freertos\Debug\libfreertos.a(queue.o)
 .debug_line    0x000067d1      0xf3f C:\Users\komar\Documents\MCUXpressoIDE_10.0.2_411\project\freertos\Debug\libfreertos.a(tasks.o)
 .debug_line    0x00007710      0x7b0 C:\Users\komar\Documents\MCUXpressoIDE_10.0.2_411\project\freertos\Debug\libfreertos.a(FreeRTOSCommonHooks.o)
 .debug_line    0x00007ec0      0x76d C:\Users\komar\Documents\MCUXpressoIDE_10.0.2_411\project\freertos\Debug\libfreertos.a(heap_3.o)
 .debug_line    0x0000862d      0x7b9 C:\Users\komar\Documents\MCUXpressoIDE_10.0.2_411\project\freertos\Debug\libfreertos.a(list.o)
 .debug_line    0x00008de6      0x846 C:\Users\komar\Documents\MCUXpressoIDE_10.0.2_411\project\freertos\Debug\libfreertos.a(port.o)
 .debug_line    0x0000962c       0xfb c:/nxp/mcuxpressoide_10.0.2_411/ide/tools/bin/../lib/gcc/arm-none-eabi/5.4.1/../../../../arm-none-eabi/lib/armv7-m\libcr_newlib_nohost.a(_cr_sbrk.o)
 .debug_line    0x00009727       0x4d c:/nxp/mcuxpressoide_10.0.2_411/ide/tools/bin/../lib/gcc/arm-none-eabi/5.4.1/../../../../arm-none-eabi/lib/armv7-m\libcr_newlib_nohost.a(_cr_check_heap.o)

.debug_str      0x00000000    0x24661
 .debug_str     0x00000000    0x1503b ./src/GCodeInterpreter.o
                              0x1529f (size before relaxing)
 .debug_str     0x0001503b     0x71d8 ./src/cdc_main.o
                              0x1b599 (size before relaxing)
 .debug_str     0x0001c213      0x15f ./src/cr_cpp_config.o
                               0x56fd (size before relaxing)
 .debug_str     0x0001c372      0x1de ./src/cr_startup_lpc15xx.o
                               0x29de (size before relaxing)
 .debug_str     0x0001c550      0xf7c ./src/esp.o
                              0x1761a (size before relaxing)
 .debug_str     0x0001d4cc       0x11 ./src/sysinit.o
                              0x11b6c (size before relaxing)
 .debug_str     0x0001d4dd     0x1c33 C:\Users\komar\Documents\MCUXpressoIDE_10.0.2_411\project\lpc_board_nxp_lpcxpresso_1549\Debug\liblpc_board_nxp_lpcxpresso_1549.a(board.o)
                               0xfed4 (size before relaxing)
 .debug_str     0x0001f110      0x7c1 C:\Users\komar\Documents\MCUXpressoIDE_10.0.2_411\project\lpc_board_nxp_lpcxpresso_1549\Debug\liblpc_board_nxp_lpcxpresso_1549.a(board_sysinit.o)
                              0x104c6 (size before relaxing)
 .debug_str     0x0001f8d1       0xca C:\Users\komar\Documents\MCUXpressoIDE_10.0.2_411\project\lpc_chip_15xx\Debug\liblpc_chip_15xx.a(chip_15xx.o)
                               0xfc1b (size before relaxing)
 .debug_str     0x0001f99b      0x63e C:\Users\komar\Documents\MCUXpressoIDE_10.0.2_411\project\lpc_chip_15xx\Debug\liblpc_chip_15xx.a(clock_15xx.o)
                              0x1001b (size before relaxing)
 .debug_str     0x0001ffd9       0xdf C:\Users\komar\Documents\MCUXpressoIDE_10.0.2_411\project\lpc_chip_15xx\Debug\liblpc_chip_15xx.a(gpio_15xx.o)
                               0xf6c8 (size before relaxing)
 .debug_str     0x000200b8       0x41 C:\Users\komar\Documents\MCUXpressoIDE_10.0.2_411\project\lpc_chip_15xx\Debug\liblpc_chip_15xx.a(iocon_15xx.o)
                               0xf1e5 (size before relaxing)
 .debug_str     0x000200f9       0x9c C:\Users\komar\Documents\MCUXpressoIDE_10.0.2_411\project\lpc_chip_15xx\Debug\liblpc_chip_15xx.a(sct_15xx.o)
                               0xf7f3 (size before relaxing)
 .debug_str     0x00020195      0x55d C:\Users\komar\Documents\MCUXpressoIDE_10.0.2_411\project\lpc_chip_15xx\Debug\liblpc_chip_15xx.a(swm_15xx.o)
                               0xfbed (size before relaxing)
 .debug_str     0x000206f2      0x183 C:\Users\komar\Documents\MCUXpressoIDE_10.0.2_411\project\lpc_chip_15xx\Debug\liblpc_chip_15xx.a(sysctl_15xx.o)
                               0xf6d2 (size before relaxing)
 .debug_str     0x00020875      0x13f C:\Users\komar\Documents\MCUXpressoIDE_10.0.2_411\project\lpc_chip_15xx\Debug\liblpc_chip_15xx.a(sysinit_15xx.o)
                               0xf6c1 (size before relaxing)
 .debug_str     0x000209b4      0x20a C:\Users\komar\Documents\MCUXpressoIDE_10.0.2_411\project\lpc_chip_15xx\Debug\liblpc_chip_15xx.a(uart_15xx.o)
                               0xf824 (size before relaxing)
 .debug_str     0x00020bbe     0x1403 C:\Users\komar\Documents\MCUXpressoIDE_10.0.2_411\project\freertos\Debug\libfreertos.a(queue.o)
                              0x1630c (size before relaxing)
 .debug_str     0x00021fc1     0x1d6b C:\Users\komar\Documents\MCUXpressoIDE_10.0.2_411\project\freertos\Debug\libfreertos.a(tasks.o)
                              0x17088 (size before relaxing)
 .debug_str     0x00023d2c       0xe1 C:\Users\komar\Documents\MCUXpressoIDE_10.0.2_411\project\freertos\Debug\libfreertos.a(FreeRTOSCommonHooks.o)
                              0x14edc (size before relaxing)
 .debug_str     0x00023e0d       0x3c C:\Users\komar\Documents\MCUXpressoIDE_10.0.2_411\project\freertos\Debug\libfreertos.a(heap_3.o)
                              0x14f46 (size before relaxing)
 .debug_str     0x00023e49       0x9b C:\Users\komar\Documents\MCUXpressoIDE_10.0.2_411\project\freertos\Debug\libfreertos.a(list.o)
                              0x14c5e (size before relaxing)
 .debug_str     0x00023ee4      0x5d3 C:\Users\komar\Documents\MCUXpressoIDE_10.0.2_411\project\freertos\Debug\libfreertos.a(port.o)
                              0x15631 (size before relaxing)
 .debug_str     0x000244b7      0x185 c:/nxp/mcuxpressoide_10.0.2_411/ide/tools/bin/../lib/gcc/arm-none-eabi/5.4.1/../../../../arm-none-eabi/lib/armv7-m\libcr_newlib_nohost.a(_cr_sbrk.o)
                                0x22a (size before relaxing)
 .debug_str     0x0002463c       0x25 c:/nxp/mcuxpressoide_10.0.2_411/ide/tools/bin/../lib/gcc/arm-none-eabi/5.4.1/../../../../arm-none-eabi/lib/armv7-m\libcr_newlib_nohost.a(_cr_check_heap.o)
                                0x16c (size before relaxing)

.comment        0x00000000       0x6e
 .comment       0x00000000       0x6e ./src/GCodeInterpreter.o
                                 0x6f (size before relaxing)
 .comment       0x0000006e       0x6f ./src/cdc_main.o
 .comment       0x0000006e       0x6f ./src/cr_cpp_config.o
 .comment       0x0000006e       0x6f ./src/cr_startup_lpc15xx.o
 .comment       0x0000006e       0x6f ./src/esp.o
 .comment       0x0000006e       0x6f ./src/sysinit.o
 .comment       0x0000006e       0x6f C:\Users\komar\Documents\MCUXpressoIDE_10.0.2_411\project\lpc_board_nxp_lpcxpresso_1549\Debug\liblpc_board_nxp_lpcxpresso_1549.a(board.o)
 .comment       0x0000006e       0x6f C:\Users\komar\Documents\MCUXpressoIDE_10.0.2_411\project\lpc_board_nxp_lpcxpresso_1549\Debug\liblpc_board_nxp_lpcxpresso_1549.a(board_sysinit.o)
 .comment       0x0000006e       0x6f C:\Users\komar\Documents\MCUXpressoIDE_10.0.2_411\project\lpc_chip_15xx\Debug\liblpc_chip_15xx.a(chip_15xx.o)
 .comment       0x0000006e       0x6f C:\Users\komar\Documents\MCUXpressoIDE_10.0.2_411\project\lpc_chip_15xx\Debug\liblpc_chip_15xx.a(clock_15xx.o)
 .comment       0x0000006e       0x6f C:\Users\komar\Documents\MCUXpressoIDE_10.0.2_411\project\lpc_chip_15xx\Debug\liblpc_chip_15xx.a(gpio_15xx.o)
 .comment       0x0000006e       0x6f C:\Users\komar\Documents\MCUXpressoIDE_10.0.2_411\project\lpc_chip_15xx\Debug\liblpc_chip_15xx.a(iocon_15xx.o)
 .comment       0x0000006e       0x6f C:\Users\komar\Documents\MCUXpressoIDE_10.0.2_411\project\lpc_chip_15xx\Debug\liblpc_chip_15xx.a(sct_15xx.o)
 .comment       0x0000006e       0x6f C:\Users\komar\Documents\MCUXpressoIDE_10.0.2_411\project\lpc_chip_15xx\Debug\liblpc_chip_15xx.a(swm_15xx.o)
 .comment       0x0000006e       0x6f C:\Users\komar\Documents\MCUXpressoIDE_10.0.2_411\project\lpc_chip_15xx\Debug\liblpc_chip_15xx.a(sysctl_15xx.o)
 .comment       0x0000006e       0x6f C:\Users\komar\Documents\MCUXpressoIDE_10.0.2_411\project\lpc_chip_15xx\Debug\liblpc_chip_15xx.a(sysinit_15xx.o)
 .comment       0x0000006e       0x6f C:\Users\komar\Documents\MCUXpressoIDE_10.0.2_411\project\lpc_chip_15xx\Debug\liblpc_chip_15xx.a(uart_15xx.o)
 .comment       0x0000006e       0x6f C:\Users\komar\Documents\MCUXpressoIDE_10.0.2_411\project\freertos\Debug\libfreertos.a(queue.o)
 .comment       0x0000006e       0x6f C:\Users\komar\Documents\MCUXpressoIDE_10.0.2_411\project\freertos\Debug\libfreertos.a(tasks.o)
 .comment       0x0000006e       0x6f C:\Users\komar\Documents\MCUXpressoIDE_10.0.2_411\project\freertos\Debug\libfreertos.a(FreeRTOSCommonHooks.o)
 .comment       0x0000006e       0x6f C:\Users\komar\Documents\MCUXpressoIDE_10.0.2_411\project\freertos\Debug\libfreertos.a(heap_3.o)
 .comment       0x0000006e       0x6f C:\Users\komar\Documents\MCUXpressoIDE_10.0.2_411\project\freertos\Debug\libfreertos.a(list.o)
 .comment       0x0000006e       0x6f C:\Users\komar\Documents\MCUXpressoIDE_10.0.2_411\project\freertos\Debug\libfreertos.a(port.o)
 .comment       0x0000006e       0x6f c:/nxp/mcuxpressoide_10.0.2_411/ide/tools/bin/../lib/gcc/arm-none-eabi/5.4.1/../../../../arm-none-eabi/lib/armv7-m\libcr_newlib_nohost.a(_cr_sbrk.o)
 .comment       0x0000006e       0x6f c:/nxp/mcuxpressoide_10.0.2_411/ide/tools/bin/../lib/gcc/arm-none-eabi/5.4.1/../../../../arm-none-eabi/lib/armv7-m\libcr_newlib_nohost.a(_cr_check_heap.o)

.ARM.attributes
                0x00000000       0x31
 .ARM.attributes
                0x00000000       0x33 ./src/GCodeInterpreter.o
 .ARM.attributes
                0x00000033       0x33 ./src/cdc_main.o
 .ARM.attributes
                0x00000066       0x33 ./src/cr_cpp_config.o
 .ARM.attributes
                0x00000099       0x33 ./src/cr_startup_lpc15xx.o
 .ARM.attributes
                0x000000cc       0x33 ./src/esp.o
 .ARM.attributes
                0x000000ff       0x33 ./src/sysinit.o
 .ARM.attributes
                0x00000132       0x33 C:\Users\komar\Documents\MCUXpressoIDE_10.0.2_411\project\lpc_board_nxp_lpcxpresso_1549\Debug\liblpc_board_nxp_lpcxpresso_1549.a(board.o)
 .ARM.attributes
                0x00000165       0x33 C:\Users\komar\Documents\MCUXpressoIDE_10.0.2_411\project\lpc_board_nxp_lpcxpresso_1549\Debug\liblpc_board_nxp_lpcxpresso_1549.a(board_sysinit.o)
 .ARM.attributes
                0x00000198       0x33 C:\Users\komar\Documents\MCUXpressoIDE_10.0.2_411\project\lpc_chip_15xx\Debug\liblpc_chip_15xx.a(chip_15xx.o)
 .ARM.attributes
                0x000001cb       0x33 C:\Users\komar\Documents\MCUXpressoIDE_10.0.2_411\project\lpc_chip_15xx\Debug\liblpc_chip_15xx.a(clock_15xx.o)
 .ARM.attributes
                0x000001fe       0x33 C:\Users\komar\Documents\MCUXpressoIDE_10.0.2_411\project\lpc_chip_15xx\Debug\liblpc_chip_15xx.a(gpio_15xx.o)
 .ARM.attributes
                0x00000231       0x33 C:\Users\komar\Documents\MCUXpressoIDE_10.0.2_411\project\lpc_chip_15xx\Debug\liblpc_chip_15xx.a(iocon_15xx.o)
 .ARM.attributes
                0x00000264       0x33 C:\Users\komar\Documents\MCUXpressoIDE_10.0.2_411\project\lpc_chip_15xx\Debug\liblpc_chip_15xx.a(sct_15xx.o)
 .ARM.attributes
                0x00000297       0x33 C:\Users\komar\Documents\MCUXpressoIDE_10.0.2_411\project\lpc_chip_15xx\Debug\liblpc_chip_15xx.a(swm_15xx.o)
 .ARM.attributes
                0x000002ca       0x33 C:\Users\komar\Documents\MCUXpressoIDE_10.0.2_411\project\lpc_chip_15xx\Debug\liblpc_chip_15xx.a(sysctl_15xx.o)
 .ARM.attributes
                0x000002fd       0x33 C:\Users\komar\Documents\MCUXpressoIDE_10.0.2_411\project\lpc_chip_15xx\Debug\liblpc_chip_15xx.a(sysinit_15xx.o)
 .ARM.attributes
                0x00000330       0x33 C:\Users\komar\Documents\MCUXpressoIDE_10.0.2_411\project\lpc_chip_15xx\Debug\liblpc_chip_15xx.a(uart_15xx.o)
 .ARM.attributes
                0x00000363       0x33 C:\Users\komar\Documents\MCUXpressoIDE_10.0.2_411\project\freertos\Debug\libfreertos.a(queue.o)
 .ARM.attributes
                0x00000396       0x33 C:\Users\komar\Documents\MCUXpressoIDE_10.0.2_411\project\freertos\Debug\libfreertos.a(tasks.o)
 .ARM.attributes
                0x000003c9       0x33 C:\Users\komar\Documents\MCUXpressoIDE_10.0.2_411\project\freertos\Debug\libfreertos.a(FreeRTOSCommonHooks.o)
 .ARM.attributes
                0x000003fc       0x33 C:\Users\komar\Documents\MCUXpressoIDE_10.0.2_411\project\freertos\Debug\libfreertos.a(heap_3.o)
 .ARM.attributes
                0x0000042f       0x33 C:\Users\komar\Documents\MCUXpressoIDE_10.0.2_411\project\freertos\Debug\libfreertos.a(list.o)
 .ARM.attributes
                0x00000462       0x33 C:\Users\komar\Documents\MCUXpressoIDE_10.0.2_411\project\freertos\Debug\libfreertos.a(port.o)
 .ARM.attributes
                0x00000495       0x1d c:/nxp/mcuxpressoide_10.0.2_411/ide/tools/bin/../lib/gcc/arm-none-eabi/5.4.1/armv7-m\libgcc.a(_aeabi_uldivmod.o)
 .ARM.attributes
                0x000004b2       0x2d c:/nxp/mcuxpressoide_10.0.2_411/ide/tools/bin/../lib/gcc/arm-none-eabi/5.4.1/armv7-m\libgcc.a(_udivmoddi4.o)
 .ARM.attributes
                0x000004df       0x1d c:/nxp/mcuxpressoide_10.0.2_411/ide/tools/bin/../lib/gcc/arm-none-eabi/5.4.1/armv7-m\libgcc.a(_dvmd_tls.o)
 .ARM.attributes
                0x000004fc       0x2d c:/nxp/mcuxpressoide_10.0.2_411/ide/tools/bin/../lib/gcc/arm-none-eabi/5.4.1/../../../../arm-none-eabi/lib/armv7-m\libc.a(lib_a-impure.o)
 .ARM.attributes
                0x00000529       0x2d c:/nxp/mcuxpressoide_10.0.2_411/ide/tools/bin/../lib/gcc/arm-none-eabi/5.4.1/../../../../arm-none-eabi/lib/armv7-m\libc.a(lib_a-init.o)
 .ARM.attributes
                0x00000556       0x2d c:/nxp/mcuxpressoide_10.0.2_411/ide/tools/bin/../lib/gcc/arm-none-eabi/5.4.1/../../../../arm-none-eabi/lib/armv7-m\libc.a(lib_a-malloc.o)
 .ARM.attributes
                0x00000583       0x2d c:/nxp/mcuxpressoide_10.0.2_411/ide/tools/bin/../lib/gcc/arm-none-eabi/5.4.1/../../../../arm-none-eabi/lib/armv7-m\libc.a(lib_a-mallocr.o)
 .ARM.attributes
                0x000005b0       0x2d c:/nxp/mcuxpressoide_10.0.2_411/ide/tools/bin/../lib/gcc/arm-none-eabi/5.4.1/../../../../arm-none-eabi/lib/armv7-m\libc.a(lib_a-memcmp.o)
 .ARM.attributes
                0x000005dd       0x1b c:/nxp/mcuxpressoide_10.0.2_411/ide/tools/bin/../lib/gcc/arm-none-eabi/5.4.1/../../../../arm-none-eabi/lib/armv7-m\libc.a(lib_a-memcpy.o)
 .ARM.attributes
                0x000005f8       0x2d c:/nxp/mcuxpressoide_10.0.2_411/ide/tools/bin/../lib/gcc/arm-none-eabi/5.4.1/../../../../arm-none-eabi/lib/armv7-m\libc.a(lib_a-memset.o)
 .ARM.attributes
                0x00000625       0x2d c:/nxp/mcuxpressoide_10.0.2_411/ide/tools/bin/../lib/gcc/arm-none-eabi/5.4.1/../../../../arm-none-eabi/lib/armv7-m\libc.a(lib_a-mlock.o)
 .ARM.attributes
                0x00000652       0x2d c:/nxp/mcuxpressoide_10.0.2_411/ide/tools/bin/../lib/gcc/arm-none-eabi/5.4.1/../../../../arm-none-eabi/lib/armv7-m\libc.a(lib_a-reent.o)
 .ARM.attributes
                0x0000067f       0x2d c:/nxp/mcuxpressoide_10.0.2_411/ide/tools/bin/../lib/gcc/arm-none-eabi/5.4.1/../../../../arm-none-eabi/lib/armv7-m\libc.a(lib_a-sbrkr.o)
 .ARM.attributes
                0x000006ac       0x2d c:/nxp/mcuxpressoide_10.0.2_411/ide/tools/bin/../lib/gcc/arm-none-eabi/5.4.1/../../../../arm-none-eabi/lib/armv7-m\libc.a(lib_a-freer.o)
 .ARM.attributes
                0x000006d9       0x33 c:/nxp/mcuxpressoide_10.0.2_411/ide/tools/bin/../lib/gcc/arm-none-eabi/5.4.1/../../../../arm-none-eabi/lib/armv7-m\libcr_newlib_nohost.a(_cr_sbrk.o)
 .ARM.attributes
                0x0000070c       0x33 c:/nxp/mcuxpressoide_10.0.2_411/ide/tools/bin/../lib/gcc/arm-none-eabi/5.4.1/../../../../arm-none-eabi/lib/armv7-m\libcr_newlib_nohost.a(_cr_check_heap.o)
 .ARM.attributes
                0x0000073f       0x1d c:/nxp/mcuxpressoide_10.0.2_411/ide/tools/bin/../lib/gcc/arm-none-eabi/5.4.1/armv7-m\crti.o
 .ARM.attributes
                0x0000075c       0x1d c:/nxp/mcuxpressoide_10.0.2_411/ide/tools/bin/../lib/gcc/arm-none-eabi/5.4.1/armv7-m\crtn.o
 .ARM.attributes
                0x00000779       0x2d c:/nxp/mcuxpressoide_10.0.2_411/ide/tools/bin/../lib/gcc/arm-none-eabi/5.4.1/armv7-m\crtbegin.o
 .ARM.attributes
                0x000007a6       0x2d c:/nxp/mcuxpressoide_10.0.2_411/ide/tools/bin/../lib/gcc/arm-none-eabi/5.4.1/../../../../arm-none-eabi/lib/armv7-m\libc.a(lib_a-errno.o)

.debug_frame    0x00000000     0x29ac
 .debug_frame   0x00000000       0x9c ./src/GCodeInterpreter.o
 .debug_frame   0x0000009c      0x10c ./src/cdc_main.o
 .debug_frame   0x000001a8       0xe0 ./src/cr_cpp_config.o
 .debug_frame   0x00000288      0x170 ./src/cr_startup_lpc15xx.o
 .debug_frame   0x000003f8       0xbc ./src/esp.o
 .debug_frame   0x000004b4       0x2c ./src/sysinit.o
 .debug_frame   0x000004e0      0x360 C:\Users\komar\Documents\MCUXpressoIDE_10.0.2_411\project\lpc_board_nxp_lpcxpresso_1549\Debug\liblpc_board_nxp_lpcxpresso_1549.a(board.o)
 .debug_frame   0x00000840      0x14c C:\Users\komar\Documents\MCUXpressoIDE_10.0.2_411\project\lpc_board_nxp_lpcxpresso_1549\Debug\liblpc_board_nxp_lpcxpresso_1549.a(board_sysinit.o)
 .debug_frame   0x0000098c      0x104 C:\Users\komar\Documents\MCUXpressoIDE_10.0.2_411\project\lpc_chip_15xx\Debug\liblpc_chip_15xx.a(chip_15xx.o)
 .debug_frame   0x00000a90      0x4b0 C:\Users\komar\Documents\MCUXpressoIDE_10.0.2_411\project\lpc_chip_15xx\Debug\liblpc_chip_15xx.a(clock_15xx.o)
 .debug_frame   0x00000f40      0x1b4 C:\Users\komar\Documents\MCUXpressoIDE_10.0.2_411\project\lpc_chip_15xx\Debug\liblpc_chip_15xx.a(gpio_15xx.o)
 .debug_frame   0x000010f4       0x5c C:\Users\komar\Documents\MCUXpressoIDE_10.0.2_411\project\lpc_chip_15xx\Debug\liblpc_chip_15xx.a(iocon_15xx.o)
 .debug_frame   0x00001150      0x118 C:\Users\komar\Documents\MCUXpressoIDE_10.0.2_411\project\lpc_chip_15xx\Debug\liblpc_chip_15xx.a(sct_15xx.o)
 .debug_frame   0x00001268       0xd4 C:\Users\komar\Documents\MCUXpressoIDE_10.0.2_411\project\lpc_chip_15xx\Debug\liblpc_chip_15xx.a(swm_15xx.o)
 .debug_frame   0x0000133c      0x124 C:\Users\komar\Documents\MCUXpressoIDE_10.0.2_411\project\lpc_chip_15xx\Debug\liblpc_chip_15xx.a(sysctl_15xx.o)
 .debug_frame   0x00001460      0x12c C:\Users\komar\Documents\MCUXpressoIDE_10.0.2_411\project\lpc_chip_15xx\Debug\liblpc_chip_15xx.a(sysinit_15xx.o)
 .debug_frame   0x0000158c      0x340 C:\Users\komar\Documents\MCUXpressoIDE_10.0.2_411\project\lpc_chip_15xx\Debug\liblpc_chip_15xx.a(uart_15xx.o)
 .debug_frame   0x000018cc      0x404 C:\Users\komar\Documents\MCUXpressoIDE_10.0.2_411\project\freertos\Debug\libfreertos.a(queue.o)
 .debug_frame   0x00001cd0      0x674 C:\Users\komar\Documents\MCUXpressoIDE_10.0.2_411\project\freertos\Debug\libfreertos.a(tasks.o)
 .debug_frame   0x00002344       0xb0 C:\Users\komar\Documents\MCUXpressoIDE_10.0.2_411\project\freertos\Debug\libfreertos.a(FreeRTOSCommonHooks.o)
 .debug_frame   0x000023f4       0x58 C:\Users\komar\Documents\MCUXpressoIDE_10.0.2_411\project\freertos\Debug\libfreertos.a(heap_3.o)
 .debug_frame   0x0000244c       0xd8 C:\Users\komar\Documents\MCUXpressoIDE_10.0.2_411\project\freertos\Debug\libfreertos.a(list.o)
 .debug_frame   0x00002524      0x174 C:\Users\komar\Documents\MCUXpressoIDE_10.0.2_411\project\freertos\Debug\libfreertos.a(port.o)
 .debug_frame   0x00002698       0x2c c:/nxp/mcuxpressoide_10.0.2_411/ide/tools/bin/../lib/gcc/arm-none-eabi/5.4.1/armv7-m\libgcc.a(_aeabi_uldivmod.o)